******************************************************************************
             TMS320C2000 Linker Unix v22.6.1                   
******************************************************************************
>> Linked Fri Jul 26 19:58:00 2024

OUTPUT FILE NAME:   <Inverter_syscfg.out>
ENTRY POINT SYMBOL: "code_start"  address: 00000000


MEMORY CONFIGURATION

         name            origin    length      used     unused   attr    fill
----------------------  --------  ---------  --------  --------  ----  --------
PAGE 0:
  BEGIN                 00000000   00000002  00000002  00000000  RWIX
  RAMM0                 000000f6   0000030a  0000001e  000002ec  RWIX
  RAMLS0                00008000   00000800  00000800  00000000  RWIX
  RAMLS1                00008800   00000800  00000800  00000000  RWIX
  RAMLS2                00009000   00000800  00000800  00000000  RWIX
  RAMLS3                00009800   00000800  00000800  00000000  RWIX
  RAMLS4                0000a000   00000800  000007ff  00000001  RWIX
  FLASH_BANK0_SEC0      00080000   00001000  00000000  00001000  RWIX
  FLASH_BANK0_SEC1      00081000   00001000  00000000  00001000  RWIX
  FLASH_BANK0_SEC2      00082000   00001000  00000000  00001000  RWIX
  FLASH_BANK0_SEC3      00083000   00001000  00000000  00001000  RWIX
  FLASH_BANK0_SEC4      00084000   00001000  00000000  00001000  RWIX
  FLASH_BANK0_SEC5      00085000   00001000  00000000  00001000  RWIX
  FLASH_BANK0_SEC6      00086000   00001000  00000000  00001000  RWIX
  FLASH_BANK0_SEC7      00087000   00001000  00000000  00001000  RWIX
  FLASH_BANK0_SEC8      00088000   00001000  00000000  00001000  RWIX
  FLASH_BANK0_SEC9      00089000   00001000  00000000  00001000  RWIX
  FLASH_BANK0_SEC10     0008a000   00001000  00000000  00001000  RWIX
  FLASH_BANK0_SEC11     0008b000   00001000  00000000  00001000  RWIX
  FLASH_BANK0_SEC12     0008c000   00001000  00000000  00001000  RWIX
  FLASH_BANK0_SEC13     0008d000   00001000  00000000  00001000  RWIX
  FLASH_BANK0_SEC14     0008e000   00001000  00000000  00001000  RWIX
  FLASH_BANK0_SEC15     0008f000   00001000  00000000  00001000  RWIX
  FLASH_BANK1_SEC0      00090000   00001000  00000000  00001000  RWIX
  FLASH_BANK1_SEC1      00091000   00001000  00000000  00001000  RWIX
  FLASH_BANK1_SEC2      00092000   00001000  00000000  00001000  RWIX
  FLASH_BANK1_SEC3      00093000   00001000  00000000  00001000  RWIX
  FLASH_BANK1_SEC4      00094000   00001000  00000000  00001000  RWIX
  FLASH_BANK1_SEC5      00095000   00001000  00000000  00001000  RWIX
  FLASH_BANK1_SEC6      00096000   00001000  00000000  00001000  RWIX
  FLASH_BANK1_SEC7      00097000   00001000  00000000  00001000  RWIX
  FLASH_BANK1_SEC8      00098000   00001000  00000000  00001000  RWIX
  FLASH_BANK1_SEC9      00099000   00001000  00000000  00001000  RWIX
  FLASH_BANK1_SEC10     0009a000   00001000  00000000  00001000  RWIX
  FLASH_BANK1_SEC11     0009b000   00001000  00000000  00001000  RWIX
  FLASH_BANK1_SEC12     0009c000   00001000  00000000  00001000  RWIX
  FLASH_BANK1_SEC13     0009d000   00001000  00000000  00001000  RWIX
  FLASH_BANK1_SEC14     0009e000   00001000  00000000  00001000  RWIX
  FLASH_BANK1_SEC15     0009f000   00001000  00000000  00001000  RWIX
  RESET                 003fffc0   00000002  00000000  00000002  RWIX

PAGE 1:
  BOOT_RSVD             00000002   000000f1  00000000  000000f1  RWIX
  RAMM1                 00000400   000003f8  000003f8  00000000  RWIX
  RAMLS5                0000a800   00000800  0000066f  00000191  RWIX
  RAMLS6                0000b000   00000800  00000000  00000800  RWIX
  RAMLS7                0000b800   00000800  00000000  00000800  RWIX
  RAMGS0                0000c000   00002000  00000000  00002000  RWIX
  RAMGS1                0000e000   00002000  00000000  00002000  RWIX
  RAMGS2                00010000   00002000  00000000  00002000  RWIX
  RAMGS3                00012000   00001ff8  00000000  00001ff8  RWIX


SECTION ALLOCATION MAP

 output                                  attributes/
section   page    origin      length       input sections
--------  ----  ----------  ----------   ----------------
codestart 
*          0    00000000    00000002     
                  00000000    00000002     f28004x_codestartbranch.obj (codestart)

.TI.ramfunc 
*          0    000000f6    00000004     
                  000000f6    00000004     driverlib_eabi.lib : sysctl.obj (.TI.ramfunc)

.cinit     0    000000fa    0000001a     
                  000000fa    00000007     (.cinit..data.load) [load image, compression = lzss]
                  00000101    00000001     --HOLE-- [fill = 0]
                  00000102    00000006     (__TI_handler_table)
                  00000108    00000004     (.cinit..bss.load) [load image, compression = zero_init]
                  0000010c    00000008     (__TI_cinit_table)

.reset     0    003fffc0    00000000     DSECT

.stack     1    00000400    000003f8     UNINITIALIZED
                  00000400    000003f8     --HOLE--

.bss       1    0000ae44    00000016     UNINITIALIZED
                  0000ae44    0000000a     main.obj (.bss:AdcBuf0)
                  0000ae4e    0000000a     main.obj (.bss:AdcBuf1)
                  0000ae58    00000002     main.obj (.bss)

.init_array 
*          0    000000f6    00000000     UNINITIALIZED

.const     1    0000a800    00000644     
                  0000a800    00000143     board.obj (.const:.string)
                  0000a943    00000001     --HOLE-- [fill = 0]
                  0000a944    000000ed     main.obj (.const:.string)
                  0000aa31    00000001     --HOLE-- [fill = 0]
                  0000aa32    0000009a     driverlib_eabi.lib : sysctl.obj (.const:.string)
                  0000aacc    00000098                        : gpio.obj (.const:.string)
                  0000ab64    00000084     rts2800_fpu32_eabi.lib : k_rem_pio2.c.obj (.const:ipio2)
                  0000abe8    00000065     device.obj (.const:.string)
                  0000ac4d    00000001     --HOLE-- [fill = 0]
                  0000ac4e    0000002c     rts2800_fpu32_eabi.lib : k_rem_pio2.c.obj (.const)
                  0000ac7a    00000006     main.obj (.const)
                  0000ac80    00000064     rts2800_fpu32_eabi.lib : e_rem_pio2.c.obj (.const)
                  0000ace4    00000050     driverlib_eabi.lib : cputimer.obj (.const:.string)
                  0000ad34    0000004b                        : adc.obj (.const:.string)
                  0000ad7f    00000001     --HOLE-- [fill = 0]
                  0000ad80    0000003c     rts2800_fpu32_eabi.lib : k_cos.c.obj (.const)
                  0000adbc    00000004                            : k_rem_pio2.c.obj (.const:init_jk)
                  0000adc0    00000038                            : k_sin.c.obj (.const)
                  0000adf8    00000020                            : k_rem_pio2.c.obj (.const:PIo2)
                  0000ae18    0000001c                            : s_scalbn.c.obj (.const)
                  0000ae34    0000000c                            : s_floor.c.obj (.const)
                  0000ae40    00000004                            : s_sin.c.obj (.const)

.data      1    0000ae5a    00000015     UNINITIALIZED
                  0000ae5a    0000000a     main.obj (.data)
                  0000ae64    00000006     rts2800_fpu32_eabi.lib : exit.c.obj (.data)
                  0000ae6a    00000002                            : _lock.c.obj (.data:_lock)
                  0000ae6c    00000002                            : _lock.c.obj (.data:_unlock)
                  0000ae6e    00000001                            : errno.c.obj (.data)

.text.1    0    00000000    0000004c     FAILED TO ALLOCATE
.text.2    0    00008000    00000800     
                  00008000    0000067c     rts2800_fpu32_eabi.lib : k_rem_pio2.c.obj (.text)
                  0000867c    00000125                            : k_sin.c.obj (.text)
                  000087a1    0000005e     driverlib_eabi.lib : sysctl.obj (.text:SysCtl_getClock)
                  000087ff    00000001     c2000ware_libraries.obj (.text:C2000Ware_libraries_init)

.text.3    0    00008800    00000800     
                  00008800    00000431     rts2800_fpu32_eabi.lib : e_rem_pio2.c.obj (.text)
                  00008c31    0000026f     board.obj (.text:EPWM_init)
                  00008ea0    00000113     rts2800_fpu32_eabi.lib : k_cos.c.obj (.text)
                  00008fb3    0000004c     driverlib_eabi.lib : adc.obj (.text:ADC_setVREF)
                  00008fff    00000001     rts2800_fpu32_eabi.lib : startup.c.obj (.text)

.text.4    0    00009000    00000800     
                  00009000    000000e8     rts2800_fpu32_eabi.lib : s_floor.c.obj (.text)
                  000090e8    000000e0     device.obj (.text:Device_enableAllPeripherals)
                  000091c8    000000cb     rts2800_fpu32_eabi.lib : s_sin.c.obj (.text)
                  00009293    000000c8     driverlib_eabi.lib : sysctl.obj (.text:SysCtl_setClock)
                  0000935b    000000bd                        : sysctl.obj (.text:SysCtl_isPLLValid)
                  00009418    000000a9     rts2800_fpu32_eabi.lib : s_scalbn.c.obj (.text)
                  000094c1    0000009c                            : fd_add28.asm.obj (.text)
                  0000955d    00000083                            : fd_mpy28.asm.obj (.text)
                  000095e0    00000075     board.obj (.text:EPWM_setADCTriggerSource)
                  00009655    00000073     driverlib_eabi.lib : sysctl.obj (.text:DCC_setCounterSeeds)
                  000096c8    00000071     main.obj (.text:INT_myCPUTIMER0_ISR)
                  00009739    00000070     main.obj (.text:INT_myADCA_2_ISR)
                  000097a9    00000052     driverlib_eabi.lib : gpio.obj (.text:GPIO_setPadConfig)
                  000097fb    00000003     board.obj (.text:ADC_init)
                  000097fe    00000002     rts2800_fpu32_eabi.lib : pre_init.c.obj (.text)

.text.5    0    00009800    00000800     
                  00009800    0000005a     board.obj (.text:PinMux_init)
                  0000985a    00000059     board.obj (.text:myADCA_init)
                  000098b3    00000051     device.obj (.text:Device_init)
                  00009904    0000004b     board.obj (.text:EPWM_setInterruptSource)
                  0000994f    00000049     driverlib_eabi.lib : sysctl.obj (.text:SysCtl_selectOscSource)
                  00009998    00000046     board.obj (.text:ADC_setupSOC)
                  000099de    00000045     driverlib_eabi.lib : sysctl.obj (.text:SysCtl_pollX1Counter)
                  00009a23    00000042     main.obj (.text:main)
                  00009a65    00000040     board.obj (.text:EPWM_setActionQualifierAction)
                  00009aa5    00000040     driverlib_eabi.lib : sysctl.obj (.text:SysCtl_selectXTAL)
                  00009ae5    0000003e     board.obj (.text:EPWM_setCounterCompareShadowLoadMode)
                  00009b23    0000003d     driverlib_eabi.lib : interrupt.obj (.text:Interrupt_initModule)
                  00009b60    0000003a     board.obj (.text:EPWM_setADCTriggerEventPrescale)
                  00009b9a    0000003a     driverlib_eabi.lib : gpio.obj (.text:GPIO_setAnalogMode)
                  00009bd4    00000037                        : gpio.obj (.text:GPIO_setControllerCore)
                  00009c0b    00000037                        : gpio.obj (.text:GPIO_setPinConfig)
                  00009c42    00000037                        : gpio.obj (.text:GPIO_setQualificationMode)
                  00009c79    00000037                        : interrupt.obj (.text:Interrupt_enable)
                  00009cb0    00000031                        : gpio.obj (.text:GPIO_setDirectionMode)
                  00009ce1    00000030     rts2800_fpu32_eabi.lib : copy_decompress_lzss.c.obj (.text:decompress:lzss)
                  00009d11    0000002f     board.obj (.text:ADC_setInterruptSource)
                  00009d40    0000002e     board.obj (.text:ADC_setInterruptSOCTrigger)
                  00009d6e    0000002c     board.obj (.text:EPWM_setDeadBandDelayMode)
                  00009d9a    0000002b     board.obj (.text:EPWM_isBaseValid)
                  00009dc5    0000002b     main.obj (.text:EPWM_isBaseValid)
                  00009df0    0000002b     rts2800_fpu32_eabi.lib : autoinit.c.obj (.text:__TI_auto_init_nobinit_nopinit)
                  00009e1b    0000002a                            : fd_cmp28.asm.obj (.text)
                  00009e45    00000029                            : exit.c.obj (.text)
                  00009e6e    00000028     driverlib_eabi.lib : adc.obj (.text:ADC_setOffsetTrimAll)
                  00009e96    00000027     board.obj (.text:EPWM_setSyncOutPulseMode)
                  00009ebd    00000027     board.obj (.text:HRPWM_setSyncPulseSource)
                  00009ee4    00000027     board.obj (.text:SysCtl_setSyncInputConfig)
                  00009f0b    00000025     driverlib_eabi.lib : sysctl.obj (.text:SysCtl_selectXTALSingleEnded)
                  00009f30    00000024                        : sysctl.obj (.text:DCC_enableSingleShotMode)
                  00009f54    00000024     board.obj (.text:EPWM_setDeadBandDelayPolarity)
                  00009f78    00000024     board.obj (.text:myCPUTIMER0_init)
                  00009f9c    00000024     rts2800_fpu32_eabi.lib : s_copysign.c.obj (.text)
                  00009fc0    00000023                            : fd_tofsfpu32.asm.obj (.text)
                  00009fe3    0000001d     main.obj (.text:ADC_getInterruptOverflowStatus)

.text.6    0    0000a000    000007ff     
                  0000a000    00000022     board.obj (.text:EPWM_setCounterCompareValue)
                  0000a022    00000022     main.obj (.text:EPWM_setCounterCompareValue)
                  0000a044    00000022     rts2800_fpu32_eabi.lib : i_div28.asm.obj (.text)
                  0000a066    00000021     board.obj (.text:ADC_disableContinuousMode)
                  0000a087    00000021     rts2800_fpu32_eabi.lib : fd_toi28.asm.obj (.text)
                  0000a0a8    00000020     board.obj (.text:ADC_enableInterrupt)
                  0000a0c8    0000001f     board.obj (.text:EPWM_setFallingEdgeDelayCountShadowLoadMode)
                  0000a0e7    0000001f     board.obj (.text:EPWM_setRisingEdgeDelayCountShadowLoadMode)
                  0000a106    0000001f     main.obj (.text:GPIO_togglePin)
                  0000a125    0000001f     rts2800_fpu32_eabi.lib : fd_tol28.asm.obj (.text)
                  0000a144    0000001e     driverlib_eabi.lib : sysctl.obj (.text:DCC_setCounter1ClkSource)
                  0000a162    0000001e     board.obj (.text:EPWM_setPhaseShift)
                  0000a180    0000001e     driverlib_eabi.lib : interrupt.obj (.text:Interrupt_initVectorTable)
                  0000a19e    0000001e     board.obj (.text:SYNC_init)
                  0000a1bc    0000001d     board.obj (.text:EPWM_setFallingEdgeDelayCount)
                  0000a1d9    0000001d     board.obj (.text:EPWM_setRisingEdgeDelayCount)
                  0000a1f6    0000001d     rts2800_fpu32_eabi.lib : memcpy.c.obj (.text)
                  0000a213    0000001c     board.obj (.text:ADC_setSOCPriority)
                  0000a22f    0000001c     driverlib_eabi.lib : sysctl.obj (.text:DCC_setCounter0ClkSource)
                  0000a24b    0000001c     board.obj (.text:EPWM_enableADCTrigger)
                  0000a267    0000001c     board.obj (.text:EPWM_setClockPrescaler)
                  0000a283    0000001c     rts2800_fpu32_eabi.lib : fs_tofdfpu32.asm.obj (.text)
                  0000a29f    0000001c                            : l_tofd28.asm.obj (.text)
                  0000a2bb    0000001a     main.obj (.text:ADC_readResult)
                  0000a2d5    0000001a     board.obj (.text:ASysCtl_setAnalogReference1P65)
                  0000a2ef    0000001a     board.obj (.text:CPUTimer_startTimer)
                  0000a309    0000001a     driverlib_eabi.lib : sysctl.obj (.text:SysCtl_getLowSpeedClock)
                  0000a323    00000019     board.obj (.text:EPWM_setCountModeAfterSync)
                  0000a33c    00000019     board.obj (.text:INTERRUPT_init)
                  0000a355    00000018     board.obj (.text:ASysCtl_setAnalogReferenceInternal)
                  0000a36d    00000018     board.obj (.text:EPWM_disableFallingEdgeDelayCountShadowLoadMode)
                  0000a385    00000018     board.obj (.text:EPWM_disableRisingEdgeDelayCountShadowLoadMode)
                  0000a39d    00000018     rts2800_fpu32_eabi.lib : ll_aox28.asm.obj (.text)
                  0000a3b5    00000017     board.obj (.text:ADC_isBaseValid)
                  0000a3cc    00000017     driverlib_eabi.lib : adc.obj (.text:ADC_isBaseValid)
                  0000a3e3    00000017     main.obj (.text:ADC_isBaseValid)
                  0000a3fa    00000017     board.obj (.text:CPUTimer_isBaseValid)
                  0000a411    00000017     driverlib_eabi.lib : cputimer.obj (.text:CPUTimer_isBaseValid)
                  0000a428    00000017     board.obj (.text:CPUTimer_setPreScaler)
                  0000a43f    00000017     device.obj (.text:SysCtl_enablePeripheral)
                  0000a456    00000017     driverlib_eabi.lib : sysctl.obj (.text:SysCtl_enablePeripheral)
                  0000a46d    00000017     rts2800_fpu32_eabi.lib : boot28.asm.obj (.text)
                  0000a484    00000016     board.obj (.text:ADC_setInterruptPulseMode)
                  0000a49a    00000016     board.obj (.text:ADC_setPrescaler)
                  0000a4b0    00000016     driverlib_eabi.lib : sysctl.obj (.text:DCC_disableDoneSignal)
                  0000a4c6    00000016                        : sysctl.obj (.text:DCC_enableDoneSignal)
                  0000a4dc    00000016                        : interrupt.obj (.text:Interrupt_defaultHandler)
                  0000a4f2    00000015     board.obj (.text:ADC_disableBurstMode)
                  0000a507    00000015     board.obj (.text:CPUTimer_enableInterrupt)
                  0000a51c    00000015     driverlib_eabi.lib : sysctl.obj (.text:DCC_clearDoneFlag)
                  0000a531    00000015                        : sysctl.obj (.text:DCC_clearErrorFlag)
                  0000a546    00000015                        : sysctl.obj (.text:DCC_disableErrorSignal)
                  0000a55b    00000015                        : sysctl.obj (.text:DCC_enableErrorSignal)
                  0000a570    00000015     device.obj (.text:GPIO_unlockPortConfig)
                  0000a585    00000014     main.obj (.text:ADC_clearInterruptOverflowStatus)
                  0000a599    00000014     board.obj (.text:ADC_clearInterruptStatus)
                  0000a5ad    00000014     main.obj (.text:ADC_clearInterruptStatus)
                  0000a5c1    00000014     board.obj (.text:CPUTimer_reloadTimerCounter)
                  0000a5d5    00000014     board.obj (.text:CPUTimer_stopTimer)
                  0000a5e9    00000014     driverlib_eabi.lib : sysctl.obj (.text:DCC_disableModule)
                  0000a5fd    00000014                        : sysctl.obj (.text:DCC_enableModule)
                  0000a611    00000014     board.obj (.text:EPWM_setTimeBaseCounterMode)
                  0000a625    00000014     board.obj (.text:EPWM_setTimeBasePeriod)
                  0000a639    00000014     driverlib_eabi.lib : gpio.obj (.text:GPIO_isPinValid)
                  0000a64d    00000014     main.obj (.text:GPIO_isPinValid)
                  0000a661    00000014     board.obj (.text:LED_init)
                  0000a675    00000014     device.obj (.text:SysCtl_deviceCal)
                  0000a689    00000013     board.obj (.text:ADC_enableConverter)
                  0000a69c    00000013     board.obj (.text:Board_init)
                  0000a6af    00000013     driverlib_eabi.lib : cputimer.obj (.text:CPUTimer_setEmulationMode)
                  0000a6c2    00000013     board.obj (.text:EPWM_enableInterrupt)
                  0000a6d5    00000012     board.obj (.text:EPWM_setTimeBaseCounter)
                  0000a6e7    00000012     board.obj (.text:SysCtl_setSyncOutputConfig)
                  0000a6f9    00000011     board.obj (.text:CPUTimer_setPeriod)
                  0000a70a    00000011     board.obj (.text:EPWM_disablePhaseShiftLoad)
                  0000a71b    00000011     board.obj (.text:EPWM_enablePhaseShiftLoad)
                  0000a72c    00000011     board.obj (.text:EPWM_forceSyncPulse)
                  0000a73d    00000010     driverlib_eabi.lib : sysctl.obj (.text:DCC_isBaseValid)
                  0000a74d    00000010     device.obj (.text:Device_initGPIO)
                  0000a75d    0000000f     device.obj (.text:ASysCtl_disableDCDC)
                  0000a76c    0000000f     board.obj (.text:Interrupt_register)
                  0000a77b    0000000e     rts2800_fpu32_eabi.lib : fd_sub28.asm.obj (.text)
                  0000a789    0000000d     driverlib_eabi.lib : interrupt.obj (.text:Interrupt_disableGlobal)
                  0000a796    0000000d                        : interrupt.obj (.text:Interrupt_enableGlobal)
                  0000a7a3    0000000d     device.obj (.text:SysCtl_setLowSpeedClock)
                  0000a7b0    0000000d     rts2800_fpu32_eabi.lib : copy_zero_init.c.obj (.text:decompress:ZI:__TI_zero_init_nomemset)
                  0000a7bd    0000000c     board.obj (.text:SysCtl_enableExtADCSOCSource)
                  0000a7c9    0000000c     rts2800_fpu32_eabi.lib : args_main.c.obj (.text)
                  0000a7d5    0000000b     device.obj (.text:SysCtl_disableWatchdog)
                  0000a7e0    0000000b     driverlib_eabi.lib : sysctl.obj (.text:SysCtl_isMCDClockFailureDetected)
                  0000a7eb    0000000a                        : interrupt.obj (.text:Interrupt_illegalOperationHandler)
                  0000a7f5    0000000a                        : interrupt.obj (.text:Interrupt_nmiHandler)

MODULE SUMMARY

       Module                        code    ro data   rw data
       ------                        ----    -------   -------
    ./
       main.obj                      537     243       32     
    +--+-----------------------------+-------+---------+---------+
       Total:                        537     243       32     
                                                              
    ./device/
       device.obj                    424     101       0      
       f28004x_codestartbranch.obj   2       0         0      
    +--+-----------------------------+-------+---------+---------+
       Total:                        426     101       0      
                                                              
    ./syscfg/
       board.obj                     2620    323       0      
       c2000ware_libraries.obj       1       0         0      
    +--+-----------------------------+-------+---------+---------+
       Total:                        2621    323       0      
                                                              
    /Applications/ti/c2000/C2000Ware_5_02_00_00/driverlib/f28004x/driverlib/ccs/Debug/driverlib_eabi.lib
       sysctl.obj                    1183    154       0      
       gpio.obj                      374     152       0      
       adc.obj                       139     75        0      
       interrupt.obj                 214     0         0      
       cputimer.obj                  42      80        0      
    +--+-----------------------------+-------+---------+---------+
       Total:                        1952    461       0      
                                                              
    /Applications/ti/ti-cgt-c2000_22.6.1.LTS/lib/rts2800_fpu32_eabi.lib
       k_rem_pio2.c.obj              1660    212       0      
       e_rem_pio2.c.obj              1073    100       0      
       k_sin.c.obj                   293     56        0      
       k_cos.c.obj                   275     60        0      
       s_floor.c.obj                 232     12        0      
       s_sin.c.obj                   203     4         0      
       s_scalbn.c.obj                169     28        0      
       fd_add28.asm.obj              156     0         0      
       fd_mpy28.asm.obj              131     0         0      
       copy_decompress_lzss.c.obj    48      0         0      
       exit.c.obj                    41      0         6      
       autoinit.c.obj                43      0         0      
       fd_cmp28.asm.obj              42      0         0      
       s_copysign.c.obj              36      0         0      
       fd_tofsfpu32.asm.obj          35      0         0      
       i_div28.asm.obj               34      0         0      
       fd_toi28.asm.obj              33      0         0      
       fd_tol28.asm.obj              31      0         0      
       memcpy.c.obj                  29      0         0      
       fs_tofdfpu32.asm.obj          28      0         0      
       l_tofd28.asm.obj              28      0         0      
       ll_aox28.asm.obj              24      0         0      
       boot28.asm.obj                23      0         0      
       fd_sub28.asm.obj              14      0         0      
       copy_zero_init.c.obj          13      0         0      
       args_main.c.obj               12      0         0      
       _lock.c.obj                   0       0         4      
       pre_init.c.obj                2       0         0      
       errno.c.obj                   0       0         1      
       startup.c.obj                 1       0         0      
    +--+-----------------------------+-------+---------+---------+
       Total:                        4709    472       11     
                                                              
       Stack:                        0       0         1016   
       Linker Generated:             0       25        0      
    +--+-----------------------------+-------+---------+---------+
       Grand Total:                  10245   1625      1059   


LINKER GENERATED COPY TABLES

__TI_cinit_table @ 0000010c records: 2, size/record: 4, table size: 8
	.data: load addr=000000fa, load size=00000007 bytes, run addr=0000ae5a, run size=00000015 bytes, compression=lzss
	.bss: load addr=00000108, load size=00000004 bytes, run addr=0000ae44, run size=00000016 bytes, compression=zero_init


LINKER GENERATED HANDLER TABLE

__TI_handler_table @ 00000102 records: 3, size/record: 2, table size: 6
	index: 0, handler: __TI_zero_init
	index: 1, handler: __TI_decompress_lzss
	index: 2, handler: __TI_decompress_none


GLOBAL DATA SYMBOLS: SORTED BY DATA PAGE

address     data page           name
--------    ----------------    ----
00000400      10 (00000400)     __stack

0000ae44     2b9 (0000ae40)     AdcBuf0
0000ae4e     2b9 (0000ae40)     AdcBuf1
0000ae58     2b9 (0000ae40)     compare1
0000ae59     2b9 (0000ae40)     compare2
0000ae5c     2b9 (0000ae40)     ref_mod_inverter
0000ae5e     2b9 (0000ae40)     V_mod_inverter
0000ae64     2b9 (0000ae40)     __TI_enable_exit_profile_output
0000ae66     2b9 (0000ae40)     __TI_cleanup_ptr
0000ae68     2b9 (0000ae40)     __TI_dtors_ptr
0000ae6a     2b9 (0000ae40)     _lock
0000ae6c     2b9 (0000ae40)     _unlock
0000ae6e     2b9 (0000ae40)     errno


GLOBAL SYMBOLS: SORTED ALPHABETICALLY BY Name 

page  address   name                             
----  -------   ----                             
0     000097fb  ADC_init                         
0     00009e6e  ADC_setOffsetTrimAll             
0     00008fb3  ADC_setVREF                      
0     00000000  ASYSCTL_init                     
1     0000ae44  AdcBuf0                          
1     0000ae4e  AdcBuf1                          
0     0000a69c  Board_init                       
0     00009e45  C$$EXIT                          
0     000087ff  C2000Ware_libraries_init         
0     00000046  CPUTIMER_init                    
0     0000a6af  CPUTimer_setEmulationMode        
0     000090e8  Device_enableAllPeripherals      
0     000098b3  Device_init                      
0     0000a74d  Device_initGPIO                  
0     00008c31  EPWM_init                        
0     00000049  GPIO_init                        
0     00009b9a  GPIO_setAnalogMode               
0     00009bd4  GPIO_setControllerCore           
0     00009cb0  GPIO_setDirectionMode            
0     000097a9  GPIO_setPadConfig                
0     00009c0b  GPIO_setPinConfig                
0     00009c42  GPIO_setQualificationMode        
0     0000a33c  INTERRUPT_init                   
0     00009739  INT_myADCA_2_ISR                 
0     000096c8  INT_myCPUTIMER0_ISR              
0     0000a4dc  Interrupt_defaultHandler         
0     00009c79  Interrupt_enable                 
0     0000a7eb  Interrupt_illegalOperationHandler
0     00009b23  Interrupt_initModule             
0     0000a180  Interrupt_initVectorTable        
0     0000a7f5  Interrupt_nmiHandler             
0     0000a661  LED_init                         
0     00009800  PinMux_init                      
0     0000a19e  SYNC_init                        
0     000000f6  SysCtl_delay                     
0     000087a1  SysCtl_getClock                  
0     0000a309  SysCtl_getLowSpeedClock          
0     0000935b  SysCtl_isPLLValid                
0     0000994f  SysCtl_selectOscSource           
0     00009aa5  SysCtl_selectXTAL                
0     00009f0b  SysCtl_selectXTALSingleEnded     
0     00009293  SysCtl_setClock                  
1     0000ae5e  V_mod_inverter                   
0     0000010c  __TI_CINIT_Base                  
0     00000114  __TI_CINIT_Limit                 
0     00000114  __TI_CINIT_Warm                  
0     00000102  __TI_Handler_Table_Base          
0     00000108  __TI_Handler_Table_Limit         
1     000007f8  __TI_STACK_END                   
abs   000003f8  __TI_STACK_SIZE                  
0     00009df0  __TI_auto_init_nobinit_nopinit   
1     0000ae66  __TI_cleanup_ptr                 
0     00009ce1  __TI_decompress_lzss             
0     0000001b  __TI_decompress_none             
1     0000ae68  __TI_dtors_ptr                   
1     0000ae64  __TI_enable_exit_profile_output  
abs   ffffffff  __TI_pprof_out_hndl              
abs   ffffffff  __TI_prof_data_size              
abs   ffffffff  __TI_prof_data_start             
0     0000a7b0  __TI_zero_init_nomemset          
0     000094c1  __c28xabi_addd                   
0     0000a39d  __c28xabi_andll                  
0     00009e1b  __c28xabi_cmpd                   
0     0000a044  __c28xabi_divi                   
0     00009fc0  __c28xabi_dtof                   
0     0000a087  __c28xabi_dtoi                   
0     0000a125  __c28xabi_dtol                   
0     0000a283  __c28xabi_ftod                   
0     0000a29f  __c28xabi_ltod                   
0     0000a055  __c28xabi_modi                   
0     0000955d  __c28xabi_mpyd                   
0     00000012  __c28xabi_negd                   
0     0000a3a5  __c28xabi_orll                   
0     0000a77b  __c28xabi_subd                   
0     0000a3ad  __c28xabi_xorll                  
n/a   UNDEFED   __c_args__                       
0     00000039  __error__                        
0     00008ea0  __kernel_cos                     
0     00008000  __kernel_rem_pio2                
0     0000867c  __kernel_sin                     
0     00008800  __rem_pio2                       
1     00000400  __stack                          
0     0000a7c9  _args_main                       
0     0000a46d  _c_int00                         
1     0000ae6a  _lock                            
0     00000011  _nop                             
0     0000000d  _register_lock                   
0     00000009  _register_unlock                 
0     00008fff  _system_post_cinit               
0     000097fe  _system_pre_init                 
1     0000ae6c  _unlock                          
0     00009e45  abort                            
0     00000000  code_start                       
1     0000ae58  compare1                         
1     0000ae59  compare2                         
0     00009f9c  copysign                         
0     00009f9c  copysignl                        
1     0000ae6e  errno                            
0     00009e47  exit                             
0     00009000  floor                            
0     00009000  floorl                           
0     00009418  ldexp                            
0     00009418  ldexpl                           
0     00009a23  main                             
0     0000a1f6  memcpy                           
0     0000985a  myADCA_init                      
0     00009f78  myCPUTIMER0_init                 
1     0000ae5c  ref_mod_inverter                 
0     00009418  scalbn                           
0     00009418  scalbnl                          
0     000091c8  sin                              
0     000091c8  sinl                             


GLOBAL SYMBOLS: SORTED BY Symbol Address 

page  address   name                             
----  -------   ----                             
0     00000000  ASYSCTL_init                     
0     00000000  code_start                       
0     00000009  _register_unlock                 
0     0000000d  _register_lock                   
0     00000011  _nop                             
0     00000012  __c28xabi_negd                   
0     0000001b  __TI_decompress_none             
0     00000039  __error__                        
0     00000046  CPUTIMER_init                    
0     00000049  GPIO_init                        
0     000000f6  SysCtl_delay                     
0     00000102  __TI_Handler_Table_Base          
0     00000108  __TI_Handler_Table_Limit         
0     0000010c  __TI_CINIT_Base                  
0     00000114  __TI_CINIT_Limit                 
0     00000114  __TI_CINIT_Warm                  
0     00008000  __kernel_rem_pio2                
0     0000867c  __kernel_sin                     
0     000087a1  SysCtl_getClock                  
0     000087ff  C2000Ware_libraries_init         
0     00008800  __rem_pio2                       
0     00008c31  EPWM_init                        
0     00008ea0  __kernel_cos                     
0     00008fb3  ADC_setVREF                      
0     00008fff  _system_post_cinit               
0     00009000  floor                            
0     00009000  floorl                           
0     000090e8  Device_enableAllPeripherals      
0     000091c8  sin                              
0     000091c8  sinl                             
0     00009293  SysCtl_setClock                  
0     0000935b  SysCtl_isPLLValid                
0     00009418  ldexp                            
0     00009418  ldexpl                           
0     00009418  scalbn                           
0     00009418  scalbnl                          
0     000094c1  __c28xabi_addd                   
0     0000955d  __c28xabi_mpyd                   
0     000096c8  INT_myCPUTIMER0_ISR              
0     00009739  INT_myADCA_2_ISR                 
0     000097a9  GPIO_setPadConfig                
0     000097fb  ADC_init                         
0     000097fe  _system_pre_init                 
0     00009800  PinMux_init                      
0     0000985a  myADCA_init                      
0     000098b3  Device_init                      
0     0000994f  SysCtl_selectOscSource           
0     00009a23  main                             
0     00009aa5  SysCtl_selectXTAL                
0     00009b23  Interrupt_initModule             
0     00009b9a  GPIO_setAnalogMode               
0     00009bd4  GPIO_setControllerCore           
0     00009c0b  GPIO_setPinConfig                
0     00009c42  GPIO_setQualificationMode        
0     00009c79  Interrupt_enable                 
0     00009cb0  GPIO_setDirectionMode            
0     00009ce1  __TI_decompress_lzss             
0     00009df0  __TI_auto_init_nobinit_nopinit   
0     00009e1b  __c28xabi_cmpd                   
0     00009e45  C$$EXIT                          
0     00009e45  abort                            
0     00009e47  exit                             
0     00009e6e  ADC_setOffsetTrimAll             
0     00009f0b  SysCtl_selectXTALSingleEnded     
0     00009f78  myCPUTIMER0_init                 
0     00009f9c  copysign                         
0     00009f9c  copysignl                        
0     00009fc0  __c28xabi_dtof                   
0     0000a044  __c28xabi_divi                   
0     0000a055  __c28xabi_modi                   
0     0000a087  __c28xabi_dtoi                   
0     0000a125  __c28xabi_dtol                   
0     0000a180  Interrupt_initVectorTable        
0     0000a19e  SYNC_init                        
0     0000a1f6  memcpy                           
0     0000a283  __c28xabi_ftod                   
0     0000a29f  __c28xabi_ltod                   
0     0000a309  SysCtl_getLowSpeedClock          
0     0000a33c  INTERRUPT_init                   
0     0000a39d  __c28xabi_andll                  
0     0000a3a5  __c28xabi_orll                   
0     0000a3ad  __c28xabi_xorll                  
0     0000a46d  _c_int00                         
0     0000a4dc  Interrupt_defaultHandler         
0     0000a661  LED_init                         
0     0000a69c  Board_init                       
0     0000a6af  CPUTimer_setEmulationMode        
0     0000a74d  Device_initGPIO                  
0     0000a77b  __c28xabi_subd                   
0     0000a7b0  __TI_zero_init_nomemset          
0     0000a7c9  _args_main                       
0     0000a7eb  Interrupt_illegalOperationHandler
0     0000a7f5  Interrupt_nmiHandler             
1     00000400  __stack                          
1     000007f8  __TI_STACK_END                   
1     0000ae44  AdcBuf0                          
1     0000ae4e  AdcBuf1                          
1     0000ae58  compare1                         
1     0000ae59  compare2                         
1     0000ae5c  ref_mod_inverter                 
1     0000ae5e  V_mod_inverter                   
1     0000ae64  __TI_enable_exit_profile_output  
1     0000ae66  __TI_cleanup_ptr                 
1     0000ae68  __TI_dtors_ptr                   
1     0000ae6a  _lock                            
1     0000ae6c  _unlock                          
1     0000ae6e  errno                            
abs   000003f8  __TI_STACK_SIZE                  
abs   ffffffff  __TI_pprof_out_hndl              
abs   ffffffff  __TI_prof_data_size              
abs   ffffffff  __TI_prof_data_start             
n/a   UNDEFED   __c_args__                       

[112 symbols]
