******************************************************************************
             TMS320C2000 Linker Unix v22.6.1                   
******************************************************************************
>> Linked Fri Jul 26 11:37:15 2024

OUTPUT FILE NAME:   <Inverter_syscfg.out>
ENTRY POINT SYMBOL: "code_start"  address: 00000000


MEMORY CONFIGURATION

         name            origin    length      used     unused   attr    fill
----------------------  --------  ---------  --------  --------  ----  --------
PAGE 0:
  BEGIN                 00000000   00000002  00000002  00000000  RWIX
  RAMM0                 000000f6   0000030a  00000024  000002e6  RWIX
  RAMLS0                00008000   00000800  00000800  00000000  RWIX
  RAMLS1                00008800   00000800  00000800  00000000  RWIX
  RAMLS2                00009000   00000800  00000800  00000000  RWIX
  RAMLS3                00009800   00000800  00000800  00000000  RWIX
  RAMLS4                0000a000   00000800  000006e6  0000011a  RWIX
  FLASH_BANK0_SEC0      00080000   00001000  00000000  00001000  RWIX
  FLASH_BANK0_SEC1      00081000   00001000  00000000  00001000  RWIX
  FLASH_BANK0_SEC2      00082000   00001000  00000000  00001000  RWIX
  FLASH_BANK0_SEC3      00083000   00001000  00000000  00001000  RWIX
  FLASH_BANK0_SEC4      00084000   00001000  00000000  00001000  RWIX
  FLASH_BANK0_SEC5      00085000   00001000  00000000  00001000  RWIX
  FLASH_BANK0_SEC6      00086000   00001000  00000000  00001000  RWIX
  FLASH_BANK0_SEC7      00087000   00001000  00000000  00001000  RWIX
  FLASH_BANK0_SEC8      00088000   00001000  00000000  00001000  RWIX
  FLASH_BANK0_SEC9      00089000   00001000  00000000  00001000  RWIX
  FLASH_BANK0_SEC10     0008a000   00001000  00000000  00001000  RWIX
  FLASH_BANK0_SEC11     0008b000   00001000  00000000  00001000  RWIX
  FLASH_BANK0_SEC12     0008c000   00001000  00000000  00001000  RWIX
  FLASH_BANK0_SEC13     0008d000   00001000  00000000  00001000  RWIX
  FLASH_BANK0_SEC14     0008e000   00001000  00000000  00001000  RWIX
  FLASH_BANK0_SEC15     0008f000   00001000  00000000  00001000  RWIX
  FLASH_BANK1_SEC0      00090000   00001000  00000000  00001000  RWIX
  FLASH_BANK1_SEC1      00091000   00001000  00000000  00001000  RWIX
  FLASH_BANK1_SEC2      00092000   00001000  00000000  00001000  RWIX
  FLASH_BANK1_SEC3      00093000   00001000  00000000  00001000  RWIX
  FLASH_BANK1_SEC4      00094000   00001000  00000000  00001000  RWIX
  FLASH_BANK1_SEC5      00095000   00001000  00000000  00001000  RWIX
  FLASH_BANK1_SEC6      00096000   00001000  00000000  00001000  RWIX
  FLASH_BANK1_SEC7      00097000   00001000  00000000  00001000  RWIX
  FLASH_BANK1_SEC8      00098000   00001000  00000000  00001000  RWIX
  FLASH_BANK1_SEC9      00099000   00001000  00000000  00001000  RWIX
  FLASH_BANK1_SEC10     0009a000   00001000  00000000  00001000  RWIX
  FLASH_BANK1_SEC11     0009b000   00001000  00000000  00001000  RWIX
  FLASH_BANK1_SEC12     0009c000   00001000  00000000  00001000  RWIX
  FLASH_BANK1_SEC13     0009d000   00001000  00000000  00001000  RWIX
  FLASH_BANK1_SEC14     0009e000   00001000  00000000  00001000  RWIX
  FLASH_BANK1_SEC15     0009f000   00001000  00000000  00001000  RWIX
  RESET                 003fffc0   00000002  00000000  00000002  RWIX

PAGE 1:
  BOOT_RSVD             00000002   000000f1  00000000  000000f1  RWIX
  RAMM1                 00000400   000003f8  000003f8  00000000  RWIX
  RAMLS5                0000a800   00000800  000005c6  0000023a  RWIX
  RAMLS6                0000b000   00000800  00000000  00000800  RWIX
  RAMLS7                0000b800   00000800  00000000  00000800  RWIX
  RAMGS0                0000c000   00002000  00000000  00002000  RWIX
  RAMGS1                0000e000   00002000  00000000  00002000  RWIX
  RAMGS2                00010000   00002000  00000000  00002000  RWIX
  RAMGS3                00012000   00001ff8  00000000  00001ff8  RWIX


SECTION ALLOCATION MAP

 output                                  attributes/
section   page    origin      length       input sections
--------  ----  ----------  ----------   ----------------
codestart 
*          0    00000000    00000002     
                  00000000    00000002     f28004x_codestartbranch.obj (codestart)

.TI.ramfunc 
*          0    000000f6    00000004     
                  000000f6    00000004     driverlib_eabi.lib : sysctl.obj (.TI.ramfunc)

.cinit     0    000000fa    00000020     
                  000000fa    0000000d     (.cinit..data.load) [load image, compression = lzss]
                  00000107    00000001     --HOLE-- [fill = 0]
                  00000108    00000006     (__TI_handler_table)
                  0000010e    00000004     (.cinit..bss.load) [load image, compression = zero_init]
                  00000112    00000008     (__TI_cinit_table)

.reset     0    003fffc0    00000000     DSECT

.stack     1    00000400    000003f8     UNINITIALIZED
                  00000400    000003f8     --HOLE--

.bss       1    0000adb9    0000000d     UNINITIALIZED
                  0000adb9    0000000a     main.obj (.bss:AdcBuf)
                  0000adc3    00000003     main.obj (.bss)

.init_array 
*          0    000000f6    00000000     UNINITIALIZED

.const     1    0000a800    000005a8     
                  0000a800    00000143     board.obj (.const:.string)
                  0000a943    00000001     --HOLE-- [fill = 0]
                  0000a944    0000009a     driverlib_eabi.lib : sysctl.obj (.const:.string)
                  0000a9de    00000098                        : gpio.obj (.const:.string)
                  0000aa76    00000084     rts2800_fpu32_eabi.lib : k_rem_pio2.c.obj (.const:ipio2)
                  0000aafa    00000065     device.obj (.const:.string)
                  0000ab5f    00000001     --HOLE-- [fill = 0]
                  0000ab60    00000020     rts2800_fpu32_eabi.lib : k_rem_pio2.c.obj (.const:PIo2)
                  0000ab80    00000064                            : e_rem_pio2.c.obj (.const)
                  0000abe4    00000050     driverlib_eabi.lib : cputimer.obj (.const:.string)
                  0000ac34    0000004e     main.obj (.const:.string)
                  0000ac82    0000004b     driverlib_eabi.lib : adc.obj (.const:.string)
                  0000accd    00000001     --HOLE-- [fill = 0]
                  0000acce    0000002c     rts2800_fpu32_eabi.lib : k_rem_pio2.c.obj (.const)
                  0000acfa    00000004                            : k_rem_pio2.c.obj (.const:init_jk)
                  0000acfe    00000002     main.obj (.const)
                  0000ad00    0000003c     rts2800_fpu32_eabi.lib : k_cos.c.obj (.const)
                  0000ad3c    00000004                            : s_sin.c.obj (.const)
                  0000ad40    00000038                            : k_sin.c.obj (.const)
                  0000ad78    00000008     --HOLE-- [fill = 0]
                  0000ad80    0000001c                            : s_scalbn.c.obj (.const)
                  0000ad9c    0000000c                            : s_floor.c.obj (.const)

.data      1    0000ada8    00000011     UNINITIALIZED
                  0000ada8    00000006     main.obj (.data)
                  0000adae    00000006     rts2800_fpu32_eabi.lib : exit.c.obj (.data)
                  0000adb4    00000002                            : _lock.c.obj (.data:_lock)
                  0000adb6    00000002                            : _lock.c.obj (.data:_unlock)
                  0000adb8    00000001                            : errno.c.obj (.data)

.text.1    0    00008000    00000800     
                  00008000    0000067c     rts2800_fpu32_eabi.lib : k_rem_pio2.c.obj (.text)
                  0000867c    00000125                            : k_sin.c.obj (.text)
                  000087a1    0000005e     driverlib_eabi.lib : sysctl.obj (.text:SysCtl_getClock)
                  000087ff    00000001     c2000ware_libraries.obj (.text:C2000Ware_libraries_init)

.text.2    0    00008800    00000800     
                  00008800    00000431     rts2800_fpu32_eabi.lib : e_rem_pio2.c.obj (.text)
                  00008c31    0000026a     board.obj (.text:EPWM_init)
                  00008e9b    00000113     rts2800_fpu32_eabi.lib : k_cos.c.obj (.text)
                  00008fae    00000052     driverlib_eabi.lib : gpio.obj (.text:GPIO_setPadConfig)

.text.3    0    00009000    00000800     
                  00009000    000000e8     rts2800_fpu32_eabi.lib : s_floor.c.obj (.text)
                  000090e8    000000e0     device.obj (.text:Device_enableAllPeripherals)
                  000091c8    000000cb     rts2800_fpu32_eabi.lib : s_sin.c.obj (.text)
                  00009293    000000c8     driverlib_eabi.lib : sysctl.obj (.text:SysCtl_setClock)
                  0000935b    000000bd                        : sysctl.obj (.text:SysCtl_isPLLValid)
                  00009418    000000a9     rts2800_fpu32_eabi.lib : s_scalbn.c.obj (.text)
                  000094c1    0000009c                            : fd_add28.asm.obj (.text)
                  0000955d    00000083                            : fd_mpy28.asm.obj (.text)
                  000095e0    00000075     board.obj (.text:EPWM_setADCTriggerSource)
                  00009655    00000073     driverlib_eabi.lib : sysctl.obj (.text:DCC_setCounterSeeds)
                  000096c8    0000005a     board.obj (.text:PinMux_init)
                  00009722    00000059     main.obj (.text:INT_myCPUTIMER0_ISR)
                  0000977b    00000051     device.obj (.text:Device_init)
                  000097cc    00000031     driverlib_eabi.lib : gpio.obj (.text:GPIO_setDirectionMode)
                  000097fd    00000003     board.obj (.text:ADC_init)

.text.4    0    00009800    00000800     
                  00009800    0000004c     driverlib_eabi.lib : adc.obj (.text:ADC_setVREF)
                  0000984c    00000049                        : sysctl.obj (.text:SysCtl_selectOscSource)
                  00009895    00000049     board.obj (.text:myADCA_init)
                  000098de    00000048     main.obj (.text:INT_myADCA_1_ISR)
                  00009926    00000046     board.obj (.text:ADC_setupSOC)
                  0000996c    00000045     driverlib_eabi.lib : sysctl.obj (.text:SysCtl_pollX1Counter)
                  000099b1    00000040     board.obj (.text:EPWM_setActionQualifierAction)
                  000099f1    00000040     driverlib_eabi.lib : sysctl.obj (.text:SysCtl_selectXTAL)
                  00009a31    0000003e     board.obj (.text:EPWM_setCounterCompareShadowLoadMode)
                  00009a6f    0000003d     driverlib_eabi.lib : interrupt.obj (.text:Interrupt_initModule)
                  00009aac    0000003a     board.obj (.text:EPWM_setADCTriggerEventPrescale)
                  00009ae6    0000003a     driverlib_eabi.lib : gpio.obj (.text:GPIO_setAnalogMode)
                  00009b20    00000037                        : gpio.obj (.text:GPIO_setControllerCore)
                  00009b57    00000037                        : gpio.obj (.text:GPIO_setPinConfig)
                  00009b8e    00000037                        : gpio.obj (.text:GPIO_setQualificationMode)
                  00009bc5    00000037                        : interrupt.obj (.text:Interrupt_enable)
                  00009bfc    00000030     rts2800_fpu32_eabi.lib : copy_decompress_lzss.c.obj (.text:decompress:lzss)
                  00009c2c    0000002f     board.obj (.text:ADC_setInterruptSource)
                  00009c5b    0000002e     board.obj (.text:ADC_setInterruptSOCTrigger)
                  00009c89    0000002e     main.obj (.text:main)
                  00009cb7    0000002c     board.obj (.text:EPWM_setDeadBandDelayMode)
                  00009ce3    0000002b     board.obj (.text:EPWM_isBaseValid)
                  00009d0e    0000002b     rts2800_fpu32_eabi.lib : autoinit.c.obj (.text:__TI_auto_init_nobinit_nopinit)
                  00009d39    0000002a                            : fd_cmp28.asm.obj (.text)
                  00009d63    00000029                            : exit.c.obj (.text)
                  00009d8c    00000028     driverlib_eabi.lib : adc.obj (.text:ADC_setOffsetTrimAll)
                  00009db4    00000027     board.obj (.text:EPWM_setSyncOutPulseMode)
                  00009ddb    00000027     board.obj (.text:HRPWM_setSyncPulseSource)
                  00009e02    00000027     board.obj (.text:SysCtl_setSyncInputConfig)
                  00009e29    00000025     driverlib_eabi.lib : sysctl.obj (.text:SysCtl_selectXTALSingleEnded)
                  00009e4e    00000024                        : sysctl.obj (.text:DCC_enableSingleShotMode)
                  00009e72    00000024     board.obj (.text:EPWM_setDeadBandDelayPolarity)
                  00009e96    00000024     board.obj (.text:myCPUTIMER0_init)
                  00009eba    00000024     rts2800_fpu32_eabi.lib : s_copysign.c.obj (.text)
                  00009ede    00000023                            : fd_tofsfpu32.asm.obj (.text)
                  00009f01    00000022     board.obj (.text:EPWM_setCounterCompareValue)
                  00009f23    00000022     rts2800_fpu32_eabi.lib : i_div28.asm.obj (.text)
                  00009f45    00000021     board.obj (.text:ADC_disableContinuousMode)
                  00009f66    00000021     rts2800_fpu32_eabi.lib : fd_toi28.asm.obj (.text)
                  00009f87    00000020     board.obj (.text:ADC_enableInterrupt)
                  00009fa7    0000001f     board.obj (.text:EPWM_setFallingEdgeDelayCountShadowLoadMode)
                  00009fc6    0000001f     board.obj (.text:EPWM_setRisingEdgeDelayCountShadowLoadMode)
                  00009fe5    0000001a     main.obj (.text:ADC_readResult)
                  00009fff    00000001     rts2800_fpu32_eabi.lib : startup.c.obj (.text)

.text.5    0    0000a000    000006e6     
                  0000a000    0000001f     rts2800_fpu32_eabi.lib : fd_tol28.asm.obj (.text)
                  0000a01f    0000001e     driverlib_eabi.lib : sysctl.obj (.text:DCC_setCounter1ClkSource)
                  0000a03d    0000001e     board.obj (.text:EPWM_setPhaseShift)
                  0000a05b    0000001e     driverlib_eabi.lib : interrupt.obj (.text:Interrupt_initVectorTable)
                  0000a079    0000001e     board.obj (.text:SYNC_init)
                  0000a097    0000001d     board.obj (.text:EPWM_setFallingEdgeDelayCount)
                  0000a0b4    0000001d     board.obj (.text:EPWM_setRisingEdgeDelayCount)
                  0000a0d1    0000001d     rts2800_fpu32_eabi.lib : memcpy.c.obj (.text)
                  0000a0ee    0000001c     board.obj (.text:ADC_setSOCPriority)
                  0000a10a    0000001c     driverlib_eabi.lib : sysctl.obj (.text:DCC_setCounter0ClkSource)
                  0000a126    0000001c     board.obj (.text:EPWM_enableADCTrigger)
                  0000a142    0000001c     board.obj (.text:EPWM_setClockPrescaler)
                  0000a15e    0000001c     rts2800_fpu32_eabi.lib : fs_tofdfpu32.asm.obj (.text)
                  0000a17a    0000001c                            : l_tofd28.asm.obj (.text)
                  0000a196    0000001a     board.obj (.text:ASysCtl_setAnalogReference1P65)
                  0000a1b0    0000001a     board.obj (.text:CPUTimer_startTimer)
                  0000a1ca    0000001a     driverlib_eabi.lib : sysctl.obj (.text:SysCtl_getLowSpeedClock)
                  0000a1e4    00000019     board.obj (.text:EPWM_setCountModeAfterSync)
                  0000a1fd    00000019     board.obj (.text:INTERRUPT_init)
                  0000a216    00000018     board.obj (.text:ASysCtl_setAnalogReferenceInternal)
                  0000a22e    00000018     board.obj (.text:EPWM_disableFallingEdgeDelayCountShadowLoadMode)
                  0000a246    00000018     board.obj (.text:EPWM_disableRisingEdgeDelayCountShadowLoadMode)
                  0000a25e    00000018     rts2800_fpu32_eabi.lib : ll_aox28.asm.obj (.text)
                  0000a276    00000017     board.obj (.text:ADC_isBaseValid)
                  0000a28d    00000017     driverlib_eabi.lib : adc.obj (.text:ADC_isBaseValid)
                  0000a2a4    00000017     main.obj (.text:ADC_isBaseValid)
                  0000a2bb    00000017     board.obj (.text:CPUTimer_isBaseValid)
                  0000a2d2    00000017     driverlib_eabi.lib : cputimer.obj (.text:CPUTimer_isBaseValid)
                  0000a2e9    00000017     board.obj (.text:CPUTimer_setPreScaler)
                  0000a300    00000017     device.obj (.text:SysCtl_enablePeripheral)
                  0000a317    00000017     driverlib_eabi.lib : sysctl.obj (.text:SysCtl_enablePeripheral)
                  0000a32e    00000017     rts2800_fpu32_eabi.lib : boot28.asm.obj (.text)
                  0000a345    00000016     board.obj (.text:ADC_setInterruptPulseMode)
                  0000a35b    00000016     board.obj (.text:ADC_setPrescaler)
                  0000a371    00000016     driverlib_eabi.lib : sysctl.obj (.text:DCC_disableDoneSignal)
                  0000a387    00000016                        : sysctl.obj (.text:DCC_enableDoneSignal)
                  0000a39d    00000016                        : interrupt.obj (.text:Interrupt_defaultHandler)
                  0000a3b3    00000015     board.obj (.text:ADC_disableBurstMode)
                  0000a3c8    00000015     board.obj (.text:CPUTimer_enableInterrupt)
                  0000a3dd    00000015     driverlib_eabi.lib : sysctl.obj (.text:DCC_clearDoneFlag)
                  0000a3f2    00000015                        : sysctl.obj (.text:DCC_clearErrorFlag)
                  0000a407    00000015                        : sysctl.obj (.text:DCC_disableErrorSignal)
                  0000a41c    00000015                        : sysctl.obj (.text:DCC_enableErrorSignal)
                  0000a431    00000015     device.obj (.text:GPIO_unlockPortConfig)
                  0000a446    00000014     board.obj (.text:ADC_clearInterruptStatus)
                  0000a45a    00000014     main.obj (.text:ADC_clearInterruptStatus)
                  0000a46e    00000014     board.obj (.text:CPUTimer_reloadTimerCounter)
                  0000a482    00000014     board.obj (.text:CPUTimer_stopTimer)
                  0000a496    00000014     driverlib_eabi.lib : sysctl.obj (.text:DCC_disableModule)
                  0000a4aa    00000014                        : sysctl.obj (.text:DCC_enableModule)
                  0000a4be    00000014     board.obj (.text:EPWM_setTimeBaseCounterMode)
                  0000a4d2    00000014     board.obj (.text:EPWM_setTimeBasePeriod)
                  0000a4e6    00000014     driverlib_eabi.lib : gpio.obj (.text:GPIO_isPinValid)
                  0000a4fa    00000014     board.obj (.text:LED_init)
                  0000a50e    00000014     device.obj (.text:SysCtl_deviceCal)
                  0000a522    00000013     board.obj (.text:ADC_enableConverter)
                  0000a535    00000013     board.obj (.text:Board_init)
                  0000a548    00000013     driverlib_eabi.lib : cputimer.obj (.text:CPUTimer_setEmulationMode)
                  0000a55b    00000013     board.obj (.text:EPWM_enableInterrupt)
                  0000a56e    00000012     board.obj (.text:EPWM_setTimeBaseCounter)
                  0000a580    00000012     board.obj (.text:SysCtl_setSyncOutputConfig)
                  0000a592    00000011     board.obj (.text:CPUTimer_setPeriod)
                  0000a5a3    00000011     board.obj (.text:EPWM_disablePhaseShiftLoad)
                  0000a5b4    00000011     board.obj (.text:EPWM_enablePhaseShiftLoad)
                  0000a5c5    00000011     board.obj (.text:EPWM_forceSyncPulse)
                  0000a5d6    00000010     driverlib_eabi.lib : sysctl.obj (.text:DCC_isBaseValid)
                  0000a5e6    00000010     device.obj (.text:Device_initGPIO)
                  0000a5f6    0000000f     device.obj (.text:ASysCtl_disableDCDC)
                  0000a605    0000000f     board.obj (.text:Interrupt_register)
                  0000a614    0000000e     rts2800_fpu32_eabi.lib : fd_sub28.asm.obj (.text)
                  0000a622    0000000d     driverlib_eabi.lib : interrupt.obj (.text:Interrupt_disableGlobal)
                  0000a62f    0000000d                        : interrupt.obj (.text:Interrupt_enableGlobal)
                  0000a63c    0000000d     device.obj (.text:SysCtl_setLowSpeedClock)
                  0000a649    0000000d     rts2800_fpu32_eabi.lib : copy_zero_init.c.obj (.text:decompress:ZI:__TI_zero_init_nomemset)
                  0000a656    0000000c     board.obj (.text:SysCtl_enableExtADCSOCSource)
                  0000a662    0000000c     rts2800_fpu32_eabi.lib : args_main.c.obj (.text)
                  0000a66e    0000000b     device.obj (.text:SysCtl_disableWatchdog)
                  0000a679    0000000b     driverlib_eabi.lib : sysctl.obj (.text:SysCtl_isMCDClockFailureDetected)
                  0000a684    0000000a                        : interrupt.obj (.text:Interrupt_illegalOperationHandler)
                  0000a68e    0000000a                        : interrupt.obj (.text:Interrupt_nmiHandler)
                  0000a698    00000009     board.obj (.text:ASYSCTL_init)
                  0000a6a1    00000009     rts2800_fpu32_eabi.lib : _lock.c.obj (.text)
                  0000a6aa    00000009                            : fd_neg28.asm.obj (.text)
                  0000a6b3    00000008                            : copy_decompress_none.c.obj (.text:decompress:none)
                  0000a6bb    00000008     f28004x_codestartbranch.obj (.text)
                  0000a6c3    00000007     board.obj (.text:ASysCtl_disableTemperatureSensor)
                  0000a6ca    00000007     driverlib_eabi.lib : sysctl.obj (.text:SysCtl_resetMCD)
                  0000a6d1    00000007     device.obj (.text:__error__)
                  0000a6d8    00000006     main.obj (.text:Interrupt_clearACKGroup)
                  0000a6de    00000003     board.obj (.text:CPUTIMER_init)
                  0000a6e1    00000003     board.obj (.text:GPIO_init)
                  0000a6e4    00000002     rts2800_fpu32_eabi.lib : pre_init.c.obj (.text)

MODULE SUMMARY

       Module                        code   ro data   rw data
       ------                        ----   -------   -------
    ./
       main.obj                      282    80        19     
    +--+-----------------------------+------+---------+---------+
       Total:                        282    80        19     
                                                             
    ./device/
       device.obj                    431    101       0      
       f28004x_codestartbranch.obj   10     0         0      
    +--+-----------------------------+------+---------+---------+
       Total:                        441    101       0      
                                                             
    ./syscfg/
       board.obj                     2546   323       0      
       c2000ware_libraries.obj       1      0         0      
    +--+-----------------------------+------+---------+---------+
       Total:                        2547   323       0      
                                                             
    /Applications/ti/c2000/C2000Ware_5_02_00_00/driverlib/f28004x/driverlib/ccs/Debug/driverlib_eabi.lib
       sysctl.obj                    1190   154       0      
       gpio.obj                      374    152       0      
       adc.obj                       139    75        0      
       interrupt.obj                 214    0         0      
       cputimer.obj                  42     80        0      
    +--+-----------------------------+------+---------+---------+
       Total:                        1959   461       0      
                                                             
    /Applications/ti/ccstheia140/ccs/tools/compiler/ti-cgt-c2000_22.6.1A23259/lib/rts2800_fpu32_eabi.lib
       k_rem_pio2.c.obj              1660   212       0      
       e_rem_pio2.c.obj              1073   100       0      
       k_sin.c.obj                   293    56        0      
       k_cos.c.obj                   275    60        0      
       s_floor.c.obj                 232    12        0      
       s_sin.c.obj                   203    4         0      
       s_scalbn.c.obj                169    28        0      
       fd_add28.asm.obj              156    0         0      
       fd_mpy28.asm.obj              131    0         0      
       copy_decompress_lzss.c.obj    48     0         0      
       exit.c.obj                    41     0         6      
       autoinit.c.obj                43     0         0      
       fd_cmp28.asm.obj              42     0         0      
       s_copysign.c.obj              36     0         0      
       fd_tofsfpu32.asm.obj          35     0         0      
       i_div28.asm.obj               34     0         0      
       fd_toi28.asm.obj              33     0         0      
       fd_tol28.asm.obj              31     0         0      
       memcpy.c.obj                  29     0         0      
       fs_tofdfpu32.asm.obj          28     0         0      
       l_tofd28.asm.obj              28     0         0      
       ll_aox28.asm.obj              24     0         0      
       boot28.asm.obj                23     0         0      
       fd_sub28.asm.obj              14     0         0      
       _lock.c.obj                   9      0         4      
       copy_zero_init.c.obj          13     0         0      
       args_main.c.obj               12     0         0      
       fd_neg28.asm.obj              9      0         0      
       copy_decompress_none.c.obj    8      0         0      
       pre_init.c.obj                2      0         0      
       errno.c.obj                   0      0         1      
       startup.c.obj                 1      0         0      
    +--+-----------------------------+------+---------+---------+
       Total:                        4735   472       11     
                                                             
       Stack:                        0      0         1016   
       Linker Generated:             0      31        0      
    +--+-----------------------------+------+---------+---------+
       Grand Total:                  9964   1468      1046   


LINKER GENERATED COPY TABLES

__TI_cinit_table @ 00000112 records: 2, size/record: 4, table size: 8
	.data: load addr=000000fa, load size=0000000d bytes, run addr=0000ada8, run size=00000011 bytes, compression=lzss
	.bss: load addr=0000010e, load size=00000004 bytes, run addr=0000adb9, run size=0000000d bytes, compression=zero_init


LINKER GENERATED HANDLER TABLE

__TI_handler_table @ 00000108 records: 3, size/record: 2, table size: 6
	index: 0, handler: __TI_zero_init
	index: 1, handler: __TI_decompress_lzss
	index: 2, handler: __TI_decompress_none


GLOBAL DATA SYMBOLS: SORTED BY DATA PAGE

address     data page           name
--------    ----------------    ----
00000400      10 (00000400)     __stack

0000adaa     2b6 (0000ad80)     V_mod_inverter
0000adae     2b6 (0000ad80)     __TI_enable_exit_profile_output
0000adb0     2b6 (0000ad80)     __TI_cleanup_ptr
0000adb2     2b6 (0000ad80)     __TI_dtors_ptr
0000adb4     2b6 (0000ad80)     _lock
0000adb6     2b6 (0000ad80)     _unlock
0000adb8     2b6 (0000ad80)     errno
0000adb9     2b6 (0000ad80)     AdcBuf

0000adc3     2b7 (0000adc0)     compare1
0000adc4     2b7 (0000adc0)     compare2


GLOBAL SYMBOLS: SORTED ALPHABETICALLY BY Name 

page  address   name                             
----  -------   ----                             
0     000097fd  ADC_init                         
0     00009d8c  ADC_setOffsetTrimAll             
0     00009800  ADC_setVREF                      
0     0000a698  ASYSCTL_init                     
1     0000adb9  AdcBuf                           
0     0000a535  Board_init                       
0     00009d63  C$$EXIT                          
0     000087ff  C2000Ware_libraries_init         
0     0000a6de  CPUTIMER_init                    
0     0000a548  CPUTimer_setEmulationMode        
0     000090e8  Device_enableAllPeripherals      
0     0000977b  Device_init                      
0     0000a5e6  Device_initGPIO                  
0     00008c31  EPWM_init                        
0     0000a6e1  GPIO_init                        
0     00009ae6  GPIO_setAnalogMode               
0     00009b20  GPIO_setControllerCore           
0     000097cc  GPIO_setDirectionMode            
0     00008fae  GPIO_setPadConfig                
0     00009b57  GPIO_setPinConfig                
0     00009b8e  GPIO_setQualificationMode        
0     0000a1fd  INTERRUPT_init                   
0     000098de  INT_myADCA_1_ISR                 
0     00009722  INT_myCPUTIMER0_ISR              
0     0000a39d  Interrupt_defaultHandler         
0     00009bc5  Interrupt_enable                 
0     0000a684  Interrupt_illegalOperationHandler
0     00009a6f  Interrupt_initModule             
0     0000a05b  Interrupt_initVectorTable        
0     0000a68e  Interrupt_nmiHandler             
0     0000a4fa  LED_init                         
0     000096c8  PinMux_init                      
0     0000a079  SYNC_init                        
0     000000f6  SysCtl_delay                     
0     000087a1  SysCtl_getClock                  
0     0000a1ca  SysCtl_getLowSpeedClock          
0     0000935b  SysCtl_isPLLValid                
0     0000984c  SysCtl_selectOscSource           
0     000099f1  SysCtl_selectXTAL                
0     00009e29  SysCtl_selectXTALSingleEnded     
0     00009293  SysCtl_setClock                  
1     0000adaa  V_mod_inverter                   
0     00000112  __TI_CINIT_Base                  
0     0000011a  __TI_CINIT_Limit                 
0     0000011a  __TI_CINIT_Warm                  
0     00000108  __TI_Handler_Table_Base          
0     0000010e  __TI_Handler_Table_Limit         
1     000007f8  __TI_STACK_END                   
abs   000003f8  __TI_STACK_SIZE                  
0     00009d0e  __TI_auto_init_nobinit_nopinit   
1     0000adb0  __TI_cleanup_ptr                 
0     00009bfc  __TI_decompress_lzss             
0     0000a6b3  __TI_decompress_none             
1     0000adb2  __TI_dtors_ptr                   
1     0000adae  __TI_enable_exit_profile_output  
abs   ffffffff  __TI_pprof_out_hndl              
abs   ffffffff  __TI_prof_data_size              
abs   ffffffff  __TI_prof_data_start             
0     0000a649  __TI_zero_init_nomemset          
0     000094c1  __c28xabi_addd                   
0     0000a25e  __c28xabi_andll                  
0     00009d39  __c28xabi_cmpd                   
0     00009f23  __c28xabi_divi                   
0     00009ede  __c28xabi_dtof                   
0     00009f66  __c28xabi_dtoi                   
0     0000a000  __c28xabi_dtol                   
0     0000a15e  __c28xabi_ftod                   
0     0000a17a  __c28xabi_ltod                   
0     00009f34  __c28xabi_modi                   
0     0000955d  __c28xabi_mpyd                   
0     0000a6aa  __c28xabi_negd                   
0     0000a266  __c28xabi_orll                   
0     0000a614  __c28xabi_subd                   
0     0000a26e  __c28xabi_xorll                  
n/a   UNDEFED   __c_args__                       
0     0000a6d1  __error__                        
0     00008e9b  __kernel_cos                     
0     00008000  __kernel_rem_pio2                
0     0000867c  __kernel_sin                     
0     00008800  __rem_pio2                       
1     00000400  __stack                          
0     0000a662  _args_main                       
0     0000a32e  _c_int00                         
1     0000adb4  _lock                            
0     0000a6a9  _nop                             
0     0000a6a5  _register_lock                   
0     0000a6a1  _register_unlock                 
0     00009fff  _system_post_cinit               
0     0000a6e4  _system_pre_init                 
1     0000adb6  _unlock                          
0     00009d63  abort                            
0     00000000  code_start                       
1     0000adc3  compare1                         
1     0000adc4  compare2                         
0     00009eba  copysign                         
0     00009eba  copysignl                        
1     0000adb8  errno                            
0     00009d65  exit                             
0     00009000  floor                            
0     00009000  floorl                           
0     00009418  ldexp                            
0     00009418  ldexpl                           
0     00009c89  main                             
0     0000a0d1  memcpy                           
0     00009895  myADCA_init                      
0     00009e96  myCPUTIMER0_init                 
0     00009418  scalbn                           
0     00009418  scalbnl                          
0     000091c8  sin                              
0     000091c8  sinl                             


GLOBAL SYMBOLS: SORTED BY Symbol Address 

page  address   name                             
----  -------   ----                             
0     00000000  code_start                       
0     000000f6  SysCtl_delay                     
0     00000108  __TI_Handler_Table_Base          
0     0000010e  __TI_Handler_Table_Limit         
0     00000112  __TI_CINIT_Base                  
0     0000011a  __TI_CINIT_Limit                 
0     0000011a  __TI_CINIT_Warm                  
0     00008000  __kernel_rem_pio2                
0     0000867c  __kernel_sin                     
0     000087a1  SysCtl_getClock                  
0     000087ff  C2000Ware_libraries_init         
0     00008800  __rem_pio2                       
0     00008c31  EPWM_init                        
0     00008e9b  __kernel_cos                     
0     00008fae  GPIO_setPadConfig                
0     00009000  floor                            
0     00009000  floorl                           
0     000090e8  Device_enableAllPeripherals      
0     000091c8  sin                              
0     000091c8  sinl                             
0     00009293  SysCtl_setClock                  
0     0000935b  SysCtl_isPLLValid                
0     00009418  ldexp                            
0     00009418  ldexpl                           
0     00009418  scalbn                           
0     00009418  scalbnl                          
0     000094c1  __c28xabi_addd                   
0     0000955d  __c28xabi_mpyd                   
0     000096c8  PinMux_init                      
0     00009722  INT_myCPUTIMER0_ISR              
0     0000977b  Device_init                      
0     000097cc  GPIO_setDirectionMode            
0     000097fd  ADC_init                         
0     00009800  ADC_setVREF                      
0     0000984c  SysCtl_selectOscSource           
0     00009895  myADCA_init                      
0     000098de  INT_myADCA_1_ISR                 
0     000099f1  SysCtl_selectXTAL                
0     00009a6f  Interrupt_initModule             
0     00009ae6  GPIO_setAnalogMode               
0     00009b20  GPIO_setControllerCore           
0     00009b57  GPIO_setPinConfig                
0     00009b8e  GPIO_setQualificationMode        
0     00009bc5  Interrupt_enable                 
0     00009bfc  __TI_decompress_lzss             
0     00009c89  main                             
0     00009d0e  __TI_auto_init_nobinit_nopinit   
0     00009d39  __c28xabi_cmpd                   
0     00009d63  C$$EXIT                          
0     00009d63  abort                            
0     00009d65  exit                             
0     00009d8c  ADC_setOffsetTrimAll             
0     00009e29  SysCtl_selectXTALSingleEnded     
0     00009e96  myCPUTIMER0_init                 
0     00009eba  copysign                         
0     00009eba  copysignl                        
0     00009ede  __c28xabi_dtof                   
0     00009f23  __c28xabi_divi                   
0     00009f34  __c28xabi_modi                   
0     00009f66  __c28xabi_dtoi                   
0     00009fff  _system_post_cinit               
0     0000a000  __c28xabi_dtol                   
0     0000a05b  Interrupt_initVectorTable        
0     0000a079  SYNC_init                        
0     0000a0d1  memcpy                           
0     0000a15e  __c28xabi_ftod                   
0     0000a17a  __c28xabi_ltod                   
0     0000a1ca  SysCtl_getLowSpeedClock          
0     0000a1fd  INTERRUPT_init                   
0     0000a25e  __c28xabi_andll                  
0     0000a266  __c28xabi_orll                   
0     0000a26e  __c28xabi_xorll                  
0     0000a32e  _c_int00                         
0     0000a39d  Interrupt_defaultHandler         
0     0000a4fa  LED_init                         
0     0000a535  Board_init                       
0     0000a548  CPUTimer_setEmulationMode        
0     0000a5e6  Device_initGPIO                  
0     0000a614  __c28xabi_subd                   
0     0000a649  __TI_zero_init_nomemset          
0     0000a662  _args_main                       
0     0000a684  Interrupt_illegalOperationHandler
0     0000a68e  Interrupt_nmiHandler             
0     0000a698  ASYSCTL_init                     
0     0000a6a1  _register_unlock                 
0     0000a6a5  _register_lock                   
0     0000a6a9  _nop                             
0     0000a6aa  __c28xabi_negd                   
0     0000a6b3  __TI_decompress_none             
0     0000a6d1  __error__                        
0     0000a6de  CPUTIMER_init                    
0     0000a6e1  GPIO_init                        
0     0000a6e4  _system_pre_init                 
1     00000400  __stack                          
1     000007f8  __TI_STACK_END                   
1     0000adaa  V_mod_inverter                   
1     0000adae  __TI_enable_exit_profile_output  
1     0000adb0  __TI_cleanup_ptr                 
1     0000adb2  __TI_dtors_ptr                   
1     0000adb4  _lock                            
1     0000adb6  _unlock                          
1     0000adb8  errno                            
1     0000adb9  AdcBuf                           
1     0000adc3  compare1                         
1     0000adc4  compare2                         
abs   000003f8  __TI_STACK_SIZE                  
abs   ffffffff  __TI_pprof_out_hndl              
abs   ffffffff  __TI_prof_data_size              
abs   ffffffff  __TI_prof_data_start             
n/a   UNDEFED   __c_args__                       

[110 symbols]
