<?xml version="1.0" encoding="ISO-8859-1" ?>
<link_info>
   <banner>TMS320C2000 Linker Unix v22.6.1.LTS</banner>
   <copyright>Copyright (c) 1996-2018 Texas Instruments Incorporated</copyright>
   <link_time>0x66a38f48</link_time>
   <link_errors>0x1</link_errors>
   <output_file>Inverter_syscfg.out</output_file>
   <entry_point>
      <name>code_start</name>
      <address>0x0</address>
   </entry_point>
   <input_file_list>
      <input_file id="fl-1">
         <path>./syscfg/</path>
         <kind>object</kind>
         <file>board.obj</file>
         <name>board.obj</name>
      </input_file>
      <input_file id="fl-2">
         <path>./syscfg/</path>
         <kind>object</kind>
         <file>c2000ware_libraries.obj</file>
         <name>c2000ware_libraries.obj</name>
      </input_file>
      <input_file id="fl-3">
         <path>./</path>
         <kind>object</kind>
         <file>main.obj</file>
         <name>main.obj</name>
      </input_file>
      <input_file id="fl-4">
         <path>./device/</path>
         <kind>object</kind>
         <file>device.obj</file>
         <name>device.obj</name>
      </input_file>
      <input_file id="fl-5">
         <path>./device/</path>
         <kind>object</kind>
         <file>f28004x_codestartbranch.obj</file>
         <name>f28004x_codestartbranch.obj</name>
      </input_file>
      <input_file id="fl-b">
         <kind>object</kind>
         <file>&lt;internal&gt;</file>
         <name>&lt;internal&gt;</name>
      </input_file>
      <input_file id="fl-f">
         <path>/Applications/ti/c2000/C2000Ware_5_02_00_00/driverlib/f28004x/driverlib/ccs/Debug/</path>
         <kind>archive</kind>
         <file>driverlib_eabi.lib</file>
         <name>adc.obj</name>
      </input_file>
      <input_file id="fl-10">
         <path>/Applications/ti/c2000/C2000Ware_5_02_00_00/driverlib/f28004x/driverlib/ccs/Debug/</path>
         <kind>archive</kind>
         <file>driverlib_eabi.lib</file>
         <name>cputimer.obj</name>
      </input_file>
      <input_file id="fl-11">
         <path>/Applications/ti/c2000/C2000Ware_5_02_00_00/driverlib/f28004x/driverlib/ccs/Debug/</path>
         <kind>archive</kind>
         <file>driverlib_eabi.lib</file>
         <name>dcc.obj</name>
      </input_file>
      <input_file id="fl-12">
         <path>/Applications/ti/c2000/C2000Ware_5_02_00_00/driverlib/f28004x/driverlib/ccs/Debug/</path>
         <kind>archive</kind>
         <file>driverlib_eabi.lib</file>
         <name>gpio.obj</name>
      </input_file>
      <input_file id="fl-13">
         <path>/Applications/ti/c2000/C2000Ware_5_02_00_00/driverlib/f28004x/driverlib/ccs/Debug/</path>
         <kind>archive</kind>
         <file>driverlib_eabi.lib</file>
         <name>interrupt.obj</name>
      </input_file>
      <input_file id="fl-14">
         <path>/Applications/ti/c2000/C2000Ware_5_02_00_00/driverlib/f28004x/driverlib/ccs/Debug/</path>
         <kind>archive</kind>
         <file>driverlib_eabi.lib</file>
         <name>sysctl.obj</name>
      </input_file>
      <input_file id="fl-20">
         <path>/Applications/ti/ti-cgt-c2000_22.6.1.LTS/lib/</path>
         <kind>archive</kind>
         <file>rts2800_fpu32_eabi.lib</file>
         <name>s_sin.c.obj</name>
      </input_file>
      <input_file id="fl-21">
         <path>/Applications/ti/ti-cgt-c2000_22.6.1.LTS/lib/</path>
         <kind>archive</kind>
         <file>rts2800_fpu32_eabi.lib</file>
         <name>boot28.asm.obj</name>
      </input_file>
      <input_file id="fl-22">
         <path>/Applications/ti/ti-cgt-c2000_22.6.1.LTS/lib/</path>
         <kind>archive</kind>
         <file>rts2800_fpu32_eabi.lib</file>
         <name>fd_mpy28.asm.obj</name>
      </input_file>
      <input_file id="fl-23">
         <path>/Applications/ti/ti-cgt-c2000_22.6.1.LTS/lib/</path>
         <kind>archive</kind>
         <file>rts2800_fpu32_eabi.lib</file>
         <name>fd_neg28.asm.obj</name>
      </input_file>
      <input_file id="fl-24">
         <path>/Applications/ti/ti-cgt-c2000_22.6.1.LTS/lib/</path>
         <kind>archive</kind>
         <file>rts2800_fpu32_eabi.lib</file>
         <name>fd_sub28.asm.obj</name>
      </input_file>
      <input_file id="fl-25">
         <path>/Applications/ti/ti-cgt-c2000_22.6.1.LTS/lib/</path>
         <kind>archive</kind>
         <file>rts2800_fpu32_eabi.lib</file>
         <name>fd_toi28.asm.obj</name>
      </input_file>
      <input_file id="fl-26">
         <path>/Applications/ti/ti-cgt-c2000_22.6.1.LTS/lib/</path>
         <kind>archive</kind>
         <file>rts2800_fpu32_eabi.lib</file>
         <name>fs_div28.asm.obj</name>
      </input_file>
      <input_file id="fl-27">
         <path>/Applications/ti/ti-cgt-c2000_22.6.1.LTS/lib/</path>
         <kind>archive</kind>
         <file>rts2800_fpu32_eabi.lib</file>
         <name>ll_cmp28.asm.obj</name>
      </input_file>
      <input_file id="fl-28">
         <path>/Applications/ti/ti-cgt-c2000_22.6.1.LTS/lib/</path>
         <kind>archive</kind>
         <file>rts2800_fpu32_eabi.lib</file>
         <name>fs_tofdfpu32.asm.obj</name>
      </input_file>
      <input_file id="fl-29">
         <path>/Applications/ti/ti-cgt-c2000_22.6.1.LTS/lib/</path>
         <kind>archive</kind>
         <file>rts2800_fpu32_eabi.lib</file>
         <name>fd_tofsfpu32.asm.obj</name>
      </input_file>
      <input_file id="fl-2a">
         <path>/Applications/ti/ti-cgt-c2000_22.6.1.LTS/lib/</path>
         <kind>archive</kind>
         <file>rts2800_fpu32_eabi.lib</file>
         <name>pre_init.c.obj</name>
      </input_file>
      <input_file id="fl-2b">
         <path>/Applications/ti/ti-cgt-c2000_22.6.1.LTS/lib/</path>
         <kind>archive</kind>
         <file>rts2800_fpu32_eabi.lib</file>
         <name>autoinit.c.obj</name>
      </input_file>
      <input_file id="fl-2c">
         <path>/Applications/ti/ti-cgt-c2000_22.6.1.LTS/lib/</path>
         <kind>archive</kind>
         <file>rts2800_fpu32_eabi.lib</file>
         <name>copy_zero_init.c.obj</name>
      </input_file>
      <input_file id="fl-2d">
         <path>/Applications/ti/ti-cgt-c2000_22.6.1.LTS/lib/</path>
         <kind>archive</kind>
         <file>rts2800_fpu32_eabi.lib</file>
         <name>copy_decompress_none.c.obj</name>
      </input_file>
      <input_file id="fl-2e">
         <path>/Applications/ti/ti-cgt-c2000_22.6.1.LTS/lib/</path>
         <kind>archive</kind>
         <file>rts2800_fpu32_eabi.lib</file>
         <name>copy_decompress_lzss.c.obj</name>
      </input_file>
      <input_file id="fl-2f">
         <path>/Applications/ti/ti-cgt-c2000_22.6.1.LTS/lib/</path>
         <kind>archive</kind>
         <file>rts2800_fpu32_eabi.lib</file>
         <name>e_rem_pio2.c.obj</name>
      </input_file>
      <input_file id="fl-30">
         <path>/Applications/ti/ti-cgt-c2000_22.6.1.LTS/lib/</path>
         <kind>archive</kind>
         <file>rts2800_fpu32_eabi.lib</file>
         <name>k_rem_pio2.c.obj</name>
      </input_file>
      <input_file id="fl-31">
         <path>/Applications/ti/ti-cgt-c2000_22.6.1.LTS/lib/</path>
         <kind>archive</kind>
         <file>rts2800_fpu32_eabi.lib</file>
         <name>exit.c.obj</name>
      </input_file>
      <input_file id="fl-32">
         <path>/Applications/ti/ti-cgt-c2000_22.6.1.LTS/lib/</path>
         <kind>archive</kind>
         <file>rts2800_fpu32_eabi.lib</file>
         <name>_lock.c.obj</name>
      </input_file>
      <input_file id="fl-33">
         <path>/Applications/ti/ti-cgt-c2000_22.6.1.LTS/lib/</path>
         <kind>archive</kind>
         <file>rts2800_fpu32_eabi.lib</file>
         <name>args_main.c.obj</name>
      </input_file>
      <input_file id="fl-34">
         <path>/Applications/ti/ti-cgt-c2000_22.6.1.LTS/lib/</path>
         <kind>archive</kind>
         <file>rts2800_fpu32_eabi.lib</file>
         <name>memset.c.obj</name>
      </input_file>
      <input_file id="fl-35">
         <path>/Applications/ti/ti-cgt-c2000_22.6.1.LTS/lib/</path>
         <kind>archive</kind>
         <file>rts2800_fpu32_eabi.lib</file>
         <name>k_cos.c.obj</name>
      </input_file>
      <input_file id="fl-36">
         <path>/Applications/ti/ti-cgt-c2000_22.6.1.LTS/lib/</path>
         <kind>archive</kind>
         <file>rts2800_fpu32_eabi.lib</file>
         <name>k_sin.c.obj</name>
      </input_file>
      <input_file id="fl-37">
         <path>/Applications/ti/ti-cgt-c2000_22.6.1.LTS/lib/</path>
         <kind>archive</kind>
         <file>rts2800_fpu32_eabi.lib</file>
         <name>s_floor.c.obj</name>
      </input_file>
      <input_file id="fl-38">
         <path>/Applications/ti/ti-cgt-c2000_22.6.1.LTS/lib/</path>
         <kind>archive</kind>
         <file>rts2800_fpu32_eabi.lib</file>
         <name>s_scalbn.c.obj</name>
      </input_file>
      <input_file id="fl-39">
         <path>/Applications/ti/ti-cgt-c2000_22.6.1.LTS/lib/</path>
         <kind>archive</kind>
         <file>rts2800_fpu32_eabi.lib</file>
         <name>fd_add28.asm.obj</name>
      </input_file>
      <input_file id="fl-3a">
         <path>/Applications/ti/ti-cgt-c2000_22.6.1.LTS/lib/</path>
         <kind>archive</kind>
         <file>rts2800_fpu32_eabi.lib</file>
         <name>fd_cmp28.asm.obj</name>
      </input_file>
      <input_file id="fl-3b">
         <path>/Applications/ti/ti-cgt-c2000_22.6.1.LTS/lib/</path>
         <kind>archive</kind>
         <file>rts2800_fpu32_eabi.lib</file>
         <name>fd_tol28.asm.obj</name>
      </input_file>
      <input_file id="fl-3c">
         <path>/Applications/ti/ti-cgt-c2000_22.6.1.LTS/lib/</path>
         <kind>archive</kind>
         <file>rts2800_fpu32_eabi.lib</file>
         <name>ll_aox28.asm.obj</name>
      </input_file>
      <input_file id="fl-3d">
         <path>/Applications/ti/ti-cgt-c2000_22.6.1.LTS/lib/</path>
         <kind>archive</kind>
         <file>rts2800_fpu32_eabi.lib</file>
         <name>i_div28.asm.obj</name>
      </input_file>
      <input_file id="fl-3e">
         <path>/Applications/ti/ti-cgt-c2000_22.6.1.LTS/lib/</path>
         <kind>archive</kind>
         <file>rts2800_fpu32_eabi.lib</file>
         <name>l_tofd28.asm.obj</name>
      </input_file>
      <input_file id="fl-3f">
         <path>/Applications/ti/ti-cgt-c2000_22.6.1.LTS/lib/</path>
         <kind>archive</kind>
         <file>rts2800_fpu32_eabi.lib</file>
         <name>cpy_tbl.c.obj</name>
      </input_file>
      <input_file id="fl-40">
         <path>/Applications/ti/ti-cgt-c2000_22.6.1.LTS/lib/</path>
         <kind>archive</kind>
         <file>rts2800_fpu32_eabi.lib</file>
         <name>memcpy.c.obj</name>
      </input_file>
      <input_file id="fl-41">
         <path>/Applications/ti/ti-cgt-c2000_22.6.1.LTS/lib/</path>
         <kind>archive</kind>
         <file>rts2800_fpu32_eabi.lib</file>
         <name>startup.c.obj</name>
      </input_file>
      <input_file id="fl-42">
         <path>/Applications/ti/ti-cgt-c2000_22.6.1.LTS/lib/</path>
         <kind>archive</kind>
         <file>rts2800_fpu32_eabi.lib</file>
         <name>errno.c.obj</name>
      </input_file>
      <input_file id="fl-43">
         <path>/Applications/ti/ti-cgt-c2000_22.6.1.LTS/lib/</path>
         <kind>archive</kind>
         <file>rts2800_fpu32_eabi.lib</file>
         <name>s_copysign.c.obj</name>
      </input_file>
   </input_file_list>
   <object_component_list>
      <object_component id="oc-20">
         <name>codestart</name>
         <load_address>0x0</load_address>
         <run_address>0x0</run_address>
         <size>0x2</size>
         <input_file_ref idref="fl-5"/>
      </object_component>
      <object_component id="oc-32d">
         <name>.TI.ramfunc</name>
         <load_address>0xf6</load_address>
         <run_address>0xf6</run_address>
         <size>0x4</size>
         <input_file_ref idref="fl-14"/>
      </object_component>
      <object_component id="oc-2d9">
         <name>.text:ASYSCTL_init</name>
         <load_address>0x0</load_address>
         <run_address>0x0</run_address>
         <size>0x9</size>
         <input_file_ref idref="fl-1"/>
      </object_component>
      <object_component id="oc-24f">
         <name>.text</name>
         <load_address>0x9</load_address>
         <run_address>0x9</run_address>
         <size>0x9</size>
         <input_file_ref idref="fl-32"/>
      </object_component>
      <object_component id="oc-fc">
         <name>.text</name>
         <load_address>0x12</load_address>
         <run_address>0x12</run_address>
         <size>0x9</size>
         <input_file_ref idref="fl-23"/>
      </object_component>
      <object_component id="oc-19">
         <name>.text:decompress:none</name>
         <load_address>0x1b</load_address>
         <run_address>0x1b</run_address>
         <size>0x8</size>
         <input_file_ref idref="fl-2d"/>
      </object_component>
      <object_component id="oc-66">
         <name>.text</name>
         <load_address>0x23</load_address>
         <run_address>0x23</run_address>
         <size>0x8</size>
         <input_file_ref idref="fl-5"/>
      </object_component>
      <object_component id="oc-36e">
         <name>.text:ASysCtl_disableTemperatureSensor</name>
         <load_address>0x2b</load_address>
         <run_address>0x2b</run_address>
         <size>0x7</size>
         <input_file_ref idref="fl-1"/>
      </object_component>
      <object_component id="oc-555">
         <name>.text:SysCtl_resetMCD</name>
         <load_address>0x32</load_address>
         <run_address>0x32</run_address>
         <size>0x7</size>
         <input_file_ref idref="fl-14"/>
      </object_component>
      <object_component id="oc-121">
         <name>.text:__error__</name>
         <load_address>0x39</load_address>
         <run_address>0x39</run_address>
         <size>0x7</size>
         <input_file_ref idref="fl-4"/>
      </object_component>
      <object_component id="oc-85">
         <name>.text:Interrupt_clearACKGroup</name>
         <load_address>0x40</load_address>
         <run_address>0x40</run_address>
         <size>0x6</size>
         <input_file_ref idref="fl-3"/>
      </object_component>
      <object_component id="oc-2e5">
         <name>.text:CPUTIMER_init</name>
         <load_address>0x46</load_address>
         <run_address>0x46</run_address>
         <size>0x3</size>
         <input_file_ref idref="fl-1"/>
      </object_component>
      <object_component id="oc-2f1">
         <name>.text:GPIO_init</name>
         <load_address>0x49</load_address>
         <run_address>0x49</run_address>
         <size>0x3</size>
         <input_file_ref idref="fl-1"/>
      </object_component>
      <object_component id="oc-178">
         <name>.text</name>
         <load_address>0x8000</load_address>
         <run_address>0x8000</run_address>
         <size>0x67c</size>
         <input_file_ref idref="fl-30"/>
      </object_component>
      <object_component id="oc-e5">
         <name>.text</name>
         <load_address>0x867c</load_address>
         <run_address>0x867c</run_address>
         <size>0x125</size>
         <input_file_ref idref="fl-36"/>
      </object_component>
      <object_component id="oc-293">
         <name>.text:SysCtl_getClock</name>
         <load_address>0x87a1</load_address>
         <run_address>0x87a1</run_address>
         <size>0x5e</size>
         <input_file_ref idref="fl-14"/>
      </object_component>
      <object_component id="oc-23a">
         <name>.text:C2000Ware_libraries_init</name>
         <load_address>0x87ff</load_address>
         <run_address>0x87ff</run_address>
         <size>0x1</size>
         <input_file_ref idref="fl-2"/>
      </object_component>
      <object_component id="oc-f0">
         <name>.text</name>
         <load_address>0x8800</load_address>
         <run_address>0x8800</run_address>
         <size>0x431</size>
         <input_file_ref idref="fl-2f"/>
      </object_component>
      <object_component id="oc-2eb">
         <name>.text:EPWM_init</name>
         <load_address>0x8c31</load_address>
         <run_address>0x8c31</run_address>
         <size>0x26f</size>
         <input_file_ref idref="fl-1"/>
      </object_component>
      <object_component id="oc-f6">
         <name>.text</name>
         <load_address>0x8ea0</load_address>
         <run_address>0x8ea0</run_address>
         <size>0x113</size>
         <input_file_ref idref="fl-35"/>
      </object_component>
      <object_component id="oc-4b3">
         <name>.text:ADC_setVREF</name>
         <load_address>0x8fb3</load_address>
         <run_address>0x8fb3</run_address>
         <size>0x4c</size>
         <input_file_ref idref="fl-f"/>
      </object_component>
      <object_component id="oc-20d">
         <name>.text</name>
         <load_address>0x8fff</load_address>
         <run_address>0x8fff</run_address>
         <size>0x1</size>
         <input_file_ref idref="fl-41"/>
      </object_component>
      <object_component id="oc-1f4">
         <name>.text</name>
         <load_address>0x9000</load_address>
         <run_address>0x9000</run_address>
         <size>0xe8</size>
         <input_file_ref idref="fl-37"/>
      </object_component>
      <object_component id="oc-2a6">
         <name>.text:Device_enableAllPeripherals</name>
         <load_address>0x90e8</load_address>
         <run_address>0x90e8</run_address>
         <size>0xe0</size>
         <input_file_ref idref="fl-4"/>
      </object_component>
      <object_component id="oc-75">
         <name>.text</name>
         <load_address>0x91c8</load_address>
         <run_address>0x91c8</run_address>
         <size>0xcb</size>
         <input_file_ref idref="fl-20"/>
      </object_component>
      <object_component id="oc-287">
         <name>.text:SysCtl_setClock</name>
         <load_address>0x9293</load_address>
         <run_address>0x9293</run_address>
         <size>0xc8</size>
         <input_file_ref idref="fl-14"/>
      </object_component>
      <object_component id="oc-32e">
         <name>.text:SysCtl_isPLLValid</name>
         <load_address>0x935b</load_address>
         <run_address>0x935b</run_address>
         <size>0xbd</size>
         <input_file_ref idref="fl-14"/>
      </object_component>
      <object_component id="oc-1ee">
         <name>.text</name>
         <load_address>0x9418</load_address>
         <run_address>0x9418</run_address>
         <size>0xa9</size>
         <input_file_ref idref="fl-38"/>
      </object_component>
      <object_component id="oc-159">
         <name>.text</name>
         <load_address>0x94c1</load_address>
         <run_address>0x94c1</run_address>
         <size>0x9c</size>
         <input_file_ref idref="fl-39"/>
      </object_component>
      <object_component id="oc-80">
         <name>.text</name>
         <load_address>0x955d</load_address>
         <run_address>0x955d</run_address>
         <size>0x83</size>
         <input_file_ref idref="fl-22"/>
      </object_component>
      <object_component id="oc-401">
         <name>.text:EPWM_setADCTriggerSource</name>
         <load_address>0x95e0</load_address>
         <run_address>0x95e0</run_address>
         <size>0x75</size>
         <input_file_ref idref="fl-1"/>
      </object_component>
      <object_component id="oc-483">
         <name>.text:DCC_setCounterSeeds</name>
         <load_address>0x9655</load_address>
         <run_address>0x9655</run_address>
         <size>0x73</size>
         <input_file_ref idref="fl-14"/>
      </object_component>
      <object_component id="oc-25">
         <name>.text:INT_myCPUTIMER0_ISR</name>
         <load_address>0x96c8</load_address>
         <run_address>0x96c8</run_address>
         <size>0x71</size>
         <input_file_ref idref="fl-3"/>
      </object_component>
      <object_component id="oc-31">
         <name>.text:INT_myADCA_2_ISR</name>
         <load_address>0x9739</load_address>
         <run_address>0x9739</run_address>
         <size>0x70</size>
         <input_file_ref idref="fl-3"/>
      </object_component>
      <object_component id="oc-2b2">
         <name>.text:GPIO_setPadConfig</name>
         <load_address>0x97a9</load_address>
         <run_address>0x97a9</run_address>
         <size>0x52</size>
         <input_file_ref idref="fl-12"/>
      </object_component>
      <object_component id="oc-2df">
         <name>.text:ADC_init</name>
         <load_address>0x97fb</load_address>
         <run_address>0x97fb</run_address>
         <size>0x3</size>
         <input_file_ref idref="fl-1"/>
      </object_component>
      <object_component id="oc-141">
         <name>.text</name>
         <load_address>0x97fe</load_address>
         <run_address>0x97fe</run_address>
         <size>0x2</size>
         <input_file_ref idref="fl-2a"/>
      </object_component>
      <object_component id="oc-2cd">
         <name>.text:PinMux_init</name>
         <load_address>0x9800</load_address>
         <run_address>0x9800</run_address>
         <size>0x5a</size>
         <input_file_ref idref="fl-1"/>
      </object_component>
      <object_component id="oc-381">
         <name>.text:myADCA_init</name>
         <load_address>0x985a</load_address>
         <run_address>0x985a</run_address>
         <size>0x59</size>
         <input_file_ref idref="fl-1"/>
      </object_component>
      <object_component id="oc-222">
         <name>.text:Device_init</name>
         <load_address>0x98b3</load_address>
         <run_address>0x98b3</run_address>
         <size>0x51</size>
         <input_file_ref idref="fl-4"/>
      </object_component>
      <object_component id="oc-3f5">
         <name>.text:EPWM_setInterruptSource</name>
         <load_address>0x9904</load_address>
         <run_address>0x9904</run_address>
         <size>0x4b</size>
         <input_file_ref idref="fl-1"/>
      </object_component>
      <object_component id="oc-327">
         <name>.text:SysCtl_selectOscSource</name>
         <load_address>0x994f</load_address>
         <run_address>0x994f</run_address>
         <size>0x49</size>
         <input_file_ref idref="fl-14"/>
      </object_component>
      <object_component id="oc-4d7">
         <name>.text:ADC_setupSOC</name>
         <load_address>0x9998</load_address>
         <run_address>0x9998</run_address>
         <size>0x46</size>
         <input_file_ref idref="fl-1"/>
      </object_component>
      <object_component id="oc-54f">
         <name>.text:SysCtl_pollX1Counter</name>
         <load_address>0x99de</load_address>
         <run_address>0x99de</run_address>
         <size>0x45</size>
         <input_file_ref idref="fl-14"/>
      </object_component>
      <object_component id="oc-1c4">
         <name>.text:main</name>
         <load_address>0x9a23</load_address>
         <run_address>0x9a23</run_address>
         <size>0x42</size>
         <input_file_ref idref="fl-3"/>
      </object_component>
      <object_component id="oc-3d1">
         <name>.text:EPWM_setActionQualifierAction</name>
         <load_address>0x9a65</load_address>
         <run_address>0x9a65</run_address>
         <size>0x40</size>
         <input_file_ref idref="fl-1"/>
      </object_component>
      <object_component id="oc-446">
         <name>.text:SysCtl_selectXTAL</name>
         <load_address>0x9aa5</load_address>
         <run_address>0x9aa5</run_address>
         <size>0x40</size>
         <input_file_ref idref="fl-14"/>
      </object_component>
      <object_component id="oc-3cb">
         <name>.text:EPWM_setCounterCompareShadowLoadMode</name>
         <load_address>0x9ae5</load_address>
         <run_address>0x9ae5</run_address>
         <size>0x3e</size>
         <input_file_ref idref="fl-1"/>
      </object_component>
      <object_component id="oc-22e">
         <name>.text:Interrupt_initModule</name>
         <load_address>0x9b23</load_address>
         <run_address>0x9b23</run_address>
         <size>0x3d</size>
         <input_file_ref idref="fl-13"/>
      </object_component>
      <object_component id="oc-407">
         <name>.text:EPWM_setADCTriggerEventPrescale</name>
         <load_address>0x9b60</load_address>
         <run_address>0x9b60</run_address>
         <size>0x3a</size>
         <input_file_ref idref="fl-1"/>
      </object_component>
      <object_component id="oc-2be">
         <name>.text:GPIO_setAnalogMode</name>
         <load_address>0x9b9a</load_address>
         <run_address>0x9b9a</run_address>
         <size>0x3a</size>
         <input_file_ref idref="fl-12"/>
      </object_component>
      <object_component id="oc-548">
         <name>.text:GPIO_setControllerCore</name>
         <load_address>0x9bd4</load_address>
         <run_address>0x9bd4</run_address>
         <size>0x37</size>
         <input_file_ref idref="fl-12"/>
      </object_component>
      <object_component id="oc-34e">
         <name>.text:GPIO_setPinConfig</name>
         <load_address>0x9c0b</load_address>
         <run_address>0x9c0b</run_address>
         <size>0x37</size>
         <input_file_ref idref="fl-12"/>
      </object_component>
      <object_component id="oc-354">
         <name>.text:GPIO_setQualificationMode</name>
         <load_address>0x9c42</load_address>
         <run_address>0x9c42</run_address>
         <size>0x37</size>
         <input_file_ref idref="fl-12"/>
      </object_component>
      <object_component id="oc-91">
         <name>.text:Interrupt_enable</name>
         <load_address>0x9c79</load_address>
         <run_address>0x9c79</run_address>
         <size>0x37</size>
         <input_file_ref idref="fl-13"/>
      </object_component>
      <object_component id="oc-2b8">
         <name>.text:GPIO_setDirectionMode</name>
         <load_address>0x9cb0</load_address>
         <run_address>0x9cb0</run_address>
         <size>0x31</size>
         <input_file_ref idref="fl-12"/>
      </object_component>
      <object_component id="oc-13">
         <name>.text:decompress:lzss</name>
         <load_address>0x9ce1</load_address>
         <run_address>0x9ce1</run_address>
         <size>0x30</size>
         <input_file_ref idref="fl-2e"/>
      </object_component>
      <object_component id="oc-4e3">
         <name>.text:ADC_setInterruptSource</name>
         <load_address>0x9d11</load_address>
         <run_address>0x9d11</run_address>
         <size>0x2f</size>
         <input_file_ref idref="fl-1"/>
      </object_component>
      <object_component id="oc-4dd">
         <name>.text:ADC_setInterruptSOCTrigger</name>
         <load_address>0x9d40</load_address>
         <run_address>0x9d40</run_address>
         <size>0x2e</size>
         <input_file_ref idref="fl-1"/>
      </object_component>
      <object_component id="oc-41f">
         <name>.text:EPWM_setDeadBandDelayMode</name>
         <load_address>0x9d6e</load_address>
         <run_address>0x9d6e</run_address>
         <size>0x2c</size>
         <input_file_ref idref="fl-1"/>
      </object_component>
      <object_component id="oc-527">
         <name>.text:EPWM_isBaseValid</name>
         <load_address>0x9d9a</load_address>
         <run_address>0x9d9a</run_address>
         <size>0x2b</size>
         <input_file_ref idref="fl-1"/>
      </object_component>
      <object_component id="oc-2fa">
         <name>.text:EPWM_isBaseValid</name>
         <load_address>0x9dc5</load_address>
         <run_address>0x9dc5</run_address>
         <size>0x2b</size>
         <input_file_ref idref="fl-3"/>
      </object_component>
      <object_component id="oc-194">
         <name>.text:__TI_auto_init_nobinit_nopinit</name>
         <load_address>0x9df0</load_address>
         <run_address>0x9df0</run_address>
         <size>0x2b</size>
         <input_file_ref idref="fl-2b"/>
      </object_component>
      <object_component id="oc-173">
         <name>.text</name>
         <load_address>0x9e1b</load_address>
         <run_address>0x9e1b</run_address>
         <size>0x2a</size>
         <input_file_ref idref="fl-3a"/>
      </object_component>
      <object_component id="oc-14e">
         <name>.text</name>
         <load_address>0x9e45</load_address>
         <run_address>0x9e45</run_address>
         <size>0x29</size>
         <input_file_ref idref="fl-31"/>
      </object_component>
      <object_component id="oc-577">
         <name>.text:ADC_setOffsetTrimAll</name>
         <load_address>0x9e6e</load_address>
         <run_address>0x9e6e</run_address>
         <size>0x28</size>
         <input_file_ref idref="fl-f"/>
      </object_component>
      <object_component id="oc-3b9">
         <name>.text:EPWM_setSyncOutPulseMode</name>
         <load_address>0x9e96</load_address>
         <run_address>0x9e96</run_address>
         <size>0x27</size>
         <input_file_ref idref="fl-1"/>
      </object_component>
      <object_component id="oc-3bf">
         <name>.text:HRPWM_setSyncPulseSource</name>
         <load_address>0x9ebd</load_address>
         <run_address>0x9ebd</run_address>
         <size>0x27</size>
         <input_file_ref idref="fl-1"/>
      </object_component>
      <object_component id="oc-361">
         <name>.text:SysCtl_setSyncInputConfig</name>
         <load_address>0x9ee4</load_address>
         <run_address>0x9ee4</run_address>
         <size>0x27</size>
         <input_file_ref idref="fl-1"/>
      </object_component>
      <object_component id="oc-44c">
         <name>.text:SysCtl_selectXTALSingleEnded</name>
         <load_address>0x9f0b</load_address>
         <run_address>0x9f0b</run_address>
         <size>0x25</size>
         <input_file_ref idref="fl-14"/>
      </object_component>
      <object_component id="oc-489">
         <name>.text:DCC_enableSingleShotMode</name>
         <load_address>0x9f30</load_address>
         <run_address>0x9f30</run_address>
         <size>0x24</size>
         <input_file_ref idref="fl-14"/>
      </object_component>
      <object_component id="oc-419">
         <name>.text:EPWM_setDeadBandDelayPolarity</name>
         <load_address>0x9f54</load_address>
         <run_address>0x9f54</run_address>
         <size>0x24</size>
         <input_file_ref idref="fl-1"/>
      </object_component>
      <object_component id="oc-388">
         <name>.text:myCPUTIMER0_init</name>
         <load_address>0x9f78</load_address>
         <run_address>0x9f78</run_address>
         <size>0x24</size>
         <input_file_ref idref="fl-1"/>
      </object_component>
      <object_component id="oc-265">
         <name>.text</name>
         <load_address>0x9f9c</load_address>
         <run_address>0x9f9c</run_address>
         <size>0x24</size>
         <input_file_ref idref="fl-43"/>
      </object_component>
      <object_component id="oc-7b">
         <name>.text</name>
         <load_address>0x9fc0</load_address>
         <run_address>0x9fc0</run_address>
         <size>0x23</size>
         <input_file_ref idref="fl-29"/>
      </object_component>
      <object_component id="oc-b3">
         <name>.text:ADC_getInterruptOverflowStatus</name>
         <load_address>0x9fe3</load_address>
         <run_address>0x9fe3</run_address>
         <size>0x1d</size>
         <input_file_ref idref="fl-3"/>
      </object_component>
      <object_component id="oc-3c5">
         <name>.text:EPWM_setCounterCompareValue</name>
         <load_address>0xa000</load_address>
         <run_address>0xa000</run_address>
         <size>0x22</size>
         <input_file_ref idref="fl-1"/>
      </object_component>
      <object_component id="oc-240">
         <name>.text:EPWM_setCounterCompareValue</name>
         <load_address>0xa022</load_address>
         <run_address>0xa022</run_address>
         <size>0x22</size>
         <input_file_ref idref="fl-3"/>
      </object_component>
      <object_component id="oc-1e3">
         <name>.text</name>
         <load_address>0xa044</load_address>
         <run_address>0xa044</run_address>
         <size>0x22</size>
         <input_file_ref idref="fl-3d"/>
      </object_component>
      <object_component id="oc-4ef">
         <name>.text:ADC_disableContinuousMode</name>
         <load_address>0xa066</load_address>
         <run_address>0xa066</run_address>
         <size>0x21</size>
         <input_file_ref idref="fl-1"/>
      </object_component>
      <object_component id="oc-df">
         <name>.text</name>
         <load_address>0xa087</load_address>
         <run_address>0xa087</run_address>
         <size>0x21</size>
         <input_file_ref idref="fl-25"/>
      </object_component>
      <object_component id="oc-4f5">
         <name>.text:ADC_enableInterrupt</name>
         <load_address>0xa0a8</load_address>
         <run_address>0xa0a8</run_address>
         <size>0x20</size>
         <input_file_ref idref="fl-1"/>
      </object_component>
      <object_component id="oc-3e3">
         <name>.text:EPWM_setFallingEdgeDelayCountShadowLoadMode</name>
         <load_address>0xa0c8</load_address>
         <run_address>0xa0c8</run_address>
         <size>0x1f</size>
         <input_file_ref idref="fl-1"/>
      </object_component>
      <object_component id="oc-3d7">
         <name>.text:EPWM_setRisingEdgeDelayCountShadowLoadMode</name>
         <load_address>0xa0e7</load_address>
         <run_address>0xa0e7</run_address>
         <size>0x1f</size>
         <input_file_ref idref="fl-1"/>
      </object_component>
      <object_component id="oc-9b">
         <name>.text:GPIO_togglePin</name>
         <load_address>0xa106</load_address>
         <run_address>0xa106</run_address>
         <size>0x1f</size>
         <input_file_ref idref="fl-3"/>
      </object_component>
      <object_component id="oc-166">
         <name>.text</name>
         <load_address>0xa125</load_address>
         <run_address>0xa125</run_address>
         <size>0x1f</size>
         <input_file_ref idref="fl-3b"/>
      </object_component>
      <object_component id="oc-47d">
         <name>.text:DCC_setCounter1ClkSource</name>
         <load_address>0xa144</load_address>
         <run_address>0xa144</run_address>
         <size>0x1e</size>
         <input_file_ref idref="fl-14"/>
      </object_component>
      <object_component id="oc-3ad">
         <name>.text:EPWM_setPhaseShift</name>
         <load_address>0xa162</load_address>
         <run_address>0xa162</run_address>
         <size>0x1e</size>
         <input_file_ref idref="fl-1"/>
      </object_component>
      <object_component id="oc-38">
         <name>.text:Interrupt_initVectorTable</name>
         <load_address>0xa180</load_address>
         <run_address>0xa180</run_address>
         <size>0x1e</size>
         <input_file_ref idref="fl-13"/>
      </object_component>
      <object_component id="oc-2d3">
         <name>.text:SYNC_init</name>
         <load_address>0xa19e</load_address>
         <run_address>0xa19e</run_address>
         <size>0x1e</size>
         <input_file_ref idref="fl-1"/>
      </object_component>
      <object_component id="oc-42b">
         <name>.text:EPWM_setFallingEdgeDelayCount</name>
         <load_address>0xa1bc</load_address>
         <run_address>0xa1bc</run_address>
         <size>0x1d</size>
         <input_file_ref idref="fl-1"/>
      </object_component>
      <object_component id="oc-425">
         <name>.text:EPWM_setRisingEdgeDelayCount</name>
         <load_address>0xa1d9</load_address>
         <run_address>0xa1d9</run_address>
         <size>0x1d</size>
         <input_file_ref idref="fl-1"/>
      </object_component>
      <object_component id="oc-52">
         <name>.text</name>
         <load_address>0xa1f6</load_address>
         <run_address>0xa1f6</run_address>
         <size>0x1d</size>
         <input_file_ref idref="fl-40"/>
      </object_component>
      <object_component id="oc-4d1">
         <name>.text:ADC_setSOCPriority</name>
         <load_address>0xa213</load_address>
         <run_address>0xa213</run_address>
         <size>0x1c</size>
         <input_file_ref idref="fl-1"/>
      </object_component>
      <object_component id="oc-477">
         <name>.text:DCC_setCounter0ClkSource</name>
         <load_address>0xa22f</load_address>
         <run_address>0xa22f</run_address>
         <size>0x1c</size>
         <input_file_ref idref="fl-14"/>
      </object_component>
      <object_component id="oc-3fb">
         <name>.text:EPWM_enableADCTrigger</name>
         <load_address>0xa24b</load_address>
         <run_address>0xa24b</run_address>
         <size>0x1c</size>
         <input_file_ref idref="fl-1"/>
      </object_component>
      <object_component id="oc-38f">
         <name>.text:EPWM_setClockPrescaler</name>
         <load_address>0xa267</load_address>
         <run_address>0xa267</run_address>
         <size>0x1c</size>
         <input_file_ref idref="fl-1"/>
      </object_component>
      <object_component id="oc-70">
         <name>.text</name>
         <load_address>0xa283</load_address>
         <run_address>0xa283</run_address>
         <size>0x1c</size>
         <input_file_ref idref="fl-28"/>
      </object_component>
      <object_component id="oc-16b">
         <name>.text</name>
         <load_address>0xa29f</load_address>
         <run_address>0xa29f</run_address>
         <size>0x1c</size>
         <input_file_ref idref="fl-3e"/>
      </object_component>
      <object_component id="oc-a1">
         <name>.text:ADC_readResult</name>
         <load_address>0xa2bb</load_address>
         <run_address>0xa2bb</run_address>
         <size>0x1a</size>
         <input_file_ref idref="fl-3"/>
      </object_component>
      <object_component id="oc-37a">
         <name>.text:ASysCtl_setAnalogReference1P65</name>
         <load_address>0xa2d5</load_address>
         <run_address>0xa2d5</run_address>
         <size>0x1a</size>
         <input_file_ref idref="fl-1"/>
      </object_component>
      <object_component id="oc-520">
         <name>.text:CPUTimer_startTimer</name>
         <load_address>0xa2ef</load_address>
         <run_address>0xa2ef</run_address>
         <size>0x1a</size>
         <input_file_ref idref="fl-1"/>
      </object_component>
      <object_component id="oc-29a">
         <name>.text:SysCtl_getLowSpeedClock</name>
         <load_address>0xa309</load_address>
         <run_address>0xa309</run_address>
         <size>0x1a</size>
         <input_file_ref idref="fl-14"/>
      </object_component>
      <object_component id="oc-40d">
         <name>.text:EPWM_setCountModeAfterSync</name>
         <load_address>0xa323</load_address>
         <run_address>0xa323</run_address>
         <size>0x19</size>
         <input_file_ref idref="fl-1"/>
      </object_component>
      <object_component id="oc-26">
         <name>.text:INTERRUPT_init</name>
         <load_address>0xa33c</load_address>
         <run_address>0xa33c</run_address>
         <size>0x19</size>
         <input_file_ref idref="fl-1"/>
      </object_component>
      <object_component id="oc-374">
         <name>.text:ASysCtl_setAnalogReferenceInternal</name>
         <load_address>0xa355</load_address>
         <run_address>0xa355</run_address>
         <size>0x18</size>
         <input_file_ref idref="fl-1"/>
      </object_component>
      <object_component id="oc-3e9">
         <name>.text:EPWM_disableFallingEdgeDelayCountShadowLoadMode</name>
         <load_address>0xa36d</load_address>
         <run_address>0xa36d</run_address>
         <size>0x18</size>
         <input_file_ref idref="fl-1"/>
      </object_component>
      <object_component id="oc-3dd">
         <name>.text:EPWM_disableRisingEdgeDelayCountShadowLoadMode</name>
         <load_address>0xa385</load_address>
         <run_address>0xa385</run_address>
         <size>0x18</size>
         <input_file_ref idref="fl-1"/>
      </object_component>
      <object_component id="oc-161">
         <name>.text</name>
         <load_address>0xa39d</load_address>
         <run_address>0xa39d</run_address>
         <size>0x18</size>
         <input_file_ref idref="fl-3c"/>
      </object_component>
      <object_component id="oc-57f">
         <name>.text:ADC_isBaseValid</name>
         <load_address>0xa3b5</load_address>
         <run_address>0xa3b5</run_address>
         <size>0x17</size>
         <input_file_ref idref="fl-1"/>
      </object_component>
      <object_component id="oc-570">
         <name>.text:ADC_isBaseValid</name>
         <load_address>0xa3cc</load_address>
         <run_address>0xa3cc</run_address>
         <size>0x17</size>
         <input_file_ref idref="fl-f"/>
      </object_component>
      <object_component id="oc-12d">
         <name>.text:ADC_isBaseValid</name>
         <load_address>0xa3e3</load_address>
         <run_address>0xa3e3</run_address>
         <size>0x17</size>
         <input_file_ref idref="fl-3"/>
      </object_component>
      <object_component id="oc-599">
         <name>.text:CPUTimer_isBaseValid</name>
         <load_address>0xa3fa</load_address>
         <run_address>0xa3fa</run_address>
         <size>0x17</size>
         <input_file_ref idref="fl-1"/>
      </object_component>
      <object_component id="oc-590">
         <name>.text:CPUTimer_isBaseValid</name>
         <load_address>0xa411</load_address>
         <run_address>0xa411</run_address>
         <size>0x17</size>
         <input_file_ref idref="fl-10"/>
      </object_component>
      <object_component id="oc-502">
         <name>.text:CPUTimer_setPreScaler</name>
         <load_address>0xa428</load_address>
         <run_address>0xa428</run_address>
         <size>0x17</size>
         <input_file_ref idref="fl-1"/>
      </object_component>
      <object_component id="oc-33a">
         <name>.text:SysCtl_enablePeripheral</name>
         <load_address>0xa43f</load_address>
         <run_address>0xa43f</run_address>
         <size>0x17</size>
         <input_file_ref idref="fl-4"/>
      </object_component>
      <object_component id="oc-453">
         <name>.text:SysCtl_enablePeripheral</name>
         <load_address>0xa456</load_address>
         <run_address>0xa456</run_address>
         <size>0x17</size>
         <input_file_ref idref="fl-14"/>
      </object_component>
      <object_component id="oc-d6">
         <name>.text</name>
         <load_address>0xa46d</load_address>
         <run_address>0xa46d</run_address>
         <size>0x17</size>
         <input_file_ref idref="fl-21"/>
      </object_component>
      <object_component id="oc-4bf">
         <name>.text:ADC_setInterruptPulseMode</name>
         <load_address>0xa484</load_address>
         <run_address>0xa484</run_address>
         <size>0x16</size>
         <input_file_ref idref="fl-1"/>
      </object_component>
      <object_component id="oc-4b9">
         <name>.text:ADC_setPrescaler</name>
         <load_address>0xa49a</load_address>
         <run_address>0xa49a</run_address>
         <size>0x16</size>
         <input_file_ref idref="fl-1"/>
      </object_component>
      <object_component id="oc-471">
         <name>.text:DCC_disableDoneSignal</name>
         <load_address>0xa4b0</load_address>
         <run_address>0xa4b0</run_address>
         <size>0x16</size>
         <input_file_ref idref="fl-14"/>
      </object_component>
      <object_component id="oc-495">
         <name>.text:DCC_enableDoneSignal</name>
         <load_address>0xa4c6</load_address>
         <run_address>0xa4c6</run_address>
         <size>0x16</size>
         <input_file_ref idref="fl-14"/>
      </object_component>
      <object_component id="oc-37">
         <name>.text:Interrupt_defaultHandler</name>
         <load_address>0xa4dc</load_address>
         <run_address>0xa4dc</run_address>
         <size>0x16</size>
         <input_file_ref idref="fl-13"/>
      </object_component>
      <object_component id="oc-4cb">
         <name>.text:ADC_disableBurstMode</name>
         <load_address>0xa4f2</load_address>
         <run_address>0xa4f2</run_address>
         <size>0x15</size>
         <input_file_ref idref="fl-1"/>
      </object_component>
      <object_component id="oc-50e">
         <name>.text:CPUTimer_enableInterrupt</name>
         <load_address>0xa507</load_address>
         <run_address>0xa507</run_address>
         <size>0x15</size>
         <input_file_ref idref="fl-1"/>
      </object_component>
      <object_component id="oc-45f">
         <name>.text:DCC_clearDoneFlag</name>
         <load_address>0xa51c</load_address>
         <run_address>0xa51c</run_address>
         <size>0x15</size>
         <input_file_ref idref="fl-14"/>
      </object_component>
      <object_component id="oc-459">
         <name>.text:DCC_clearErrorFlag</name>
         <load_address>0xa531</load_address>
         <run_address>0xa531</run_address>
         <size>0x15</size>
         <input_file_ref idref="fl-14"/>
      </object_component>
      <object_component id="oc-46b">
         <name>.text:DCC_disableErrorSignal</name>
         <load_address>0xa546</load_address>
         <run_address>0xa546</run_address>
         <size>0x15</size>
         <input_file_ref idref="fl-14"/>
      </object_component>
      <object_component id="oc-48f">
         <name>.text:DCC_enableErrorSignal</name>
         <load_address>0xa55b</load_address>
         <run_address>0xa55b</run_address>
         <size>0x15</size>
         <input_file_ref idref="fl-14"/>
      </object_component>
      <object_component id="oc-2c5">
         <name>.text:GPIO_unlockPortConfig</name>
         <load_address>0xa570</load_address>
         <run_address>0xa570</run_address>
         <size>0x15</size>
         <input_file_ref idref="fl-4"/>
      </object_component>
      <object_component id="oc-b9">
         <name>.text:ADC_clearInterruptOverflowStatus</name>
         <load_address>0xa585</load_address>
         <run_address>0xa585</run_address>
         <size>0x14</size>
         <input_file_ref idref="fl-3"/>
      </object_component>
      <object_component id="oc-4e9">
         <name>.text:ADC_clearInterruptStatus</name>
         <load_address>0xa599</load_address>
         <run_address>0xa599</run_address>
         <size>0x14</size>
         <input_file_ref idref="fl-1"/>
      </object_component>
      <object_component id="oc-ad">
         <name>.text:ADC_clearInterruptStatus</name>
         <load_address>0xa5ad</load_address>
         <run_address>0xa5ad</run_address>
         <size>0x14</size>
         <input_file_ref idref="fl-3"/>
      </object_component>
      <object_component id="oc-51a">
         <name>.text:CPUTimer_reloadTimerCounter</name>
         <load_address>0xa5c1</load_address>
         <run_address>0xa5c1</run_address>
         <size>0x14</size>
         <input_file_ref idref="fl-1"/>
      </object_component>
      <object_component id="oc-514">
         <name>.text:CPUTimer_stopTimer</name>
         <load_address>0xa5d5</load_address>
         <run_address>0xa5d5</run_address>
         <size>0x14</size>
         <input_file_ref idref="fl-1"/>
      </object_component>
      <object_component id="oc-465">
         <name>.text:DCC_disableModule</name>
         <load_address>0xa5e9</load_address>
         <run_address>0xa5e9</run_address>
         <size>0x14</size>
         <input_file_ref idref="fl-14"/>
      </object_component>
      <object_component id="oc-49b">
         <name>.text:DCC_enableModule</name>
         <load_address>0xa5fd</load_address>
         <run_address>0xa5fd</run_address>
         <size>0x14</size>
         <input_file_ref idref="fl-14"/>
      </object_component>
      <object_component id="oc-3a1">
         <name>.text:EPWM_setTimeBaseCounterMode</name>
         <load_address>0xa611</load_address>
         <run_address>0xa611</run_address>
         <size>0x14</size>
         <input_file_ref idref="fl-1"/>
      </object_component>
      <object_component id="oc-395">
         <name>.text:EPWM_setTimeBasePeriod</name>
         <load_address>0xa625</load_address>
         <run_address>0xa625</run_address>
         <size>0x14</size>
         <input_file_ref idref="fl-1"/>
      </object_component>
      <object_component id="oc-342">
         <name>.text:GPIO_isPinValid</name>
         <load_address>0xa639</load_address>
         <run_address>0xa639</run_address>
         <size>0x14</size>
         <input_file_ref idref="fl-12"/>
      </object_component>
      <object_component id="oc-11a">
         <name>.text:GPIO_isPinValid</name>
         <load_address>0xa64d</load_address>
         <run_address>0xa64d</run_address>
         <size>0x14</size>
         <input_file_ref idref="fl-3"/>
      </object_component>
      <object_component id="oc-432">
         <name>.text:LED_init</name>
         <load_address>0xa661</load_address>
         <run_address>0xa661</run_address>
         <size>0x14</size>
         <input_file_ref idref="fl-1"/>
      </object_component>
      <object_component id="oc-2a0">
         <name>.text:SysCtl_deviceCal</name>
         <load_address>0xa675</load_address>
         <run_address>0xa675</run_address>
         <size>0x14</size>
         <input_file_ref idref="fl-4"/>
      </object_component>
      <object_component id="oc-4c5">
         <name>.text:ADC_enableConverter</name>
         <load_address>0xa689</load_address>
         <run_address>0xa689</run_address>
         <size>0x13</size>
         <input_file_ref idref="fl-1"/>
      </object_component>
      <object_component id="oc-234">
         <name>.text:Board_init</name>
         <load_address>0xa69c</load_address>
         <run_address>0xa69c</run_address>
         <size>0x13</size>
         <input_file_ref idref="fl-1"/>
      </object_component>
      <object_component id="oc-4fc">
         <name>.text:CPUTimer_setEmulationMode</name>
         <load_address>0xa6af</load_address>
         <run_address>0xa6af</run_address>
         <size>0x13</size>
         <input_file_ref idref="fl-10"/>
      </object_component>
      <object_component id="oc-3ef">
         <name>.text:EPWM_enableInterrupt</name>
         <load_address>0xa6c2</load_address>
         <run_address>0xa6c2</run_address>
         <size>0x13</size>
         <input_file_ref idref="fl-1"/>
      </object_component>
      <object_component id="oc-39b">
         <name>.text:EPWM_setTimeBaseCounter</name>
         <load_address>0xa6d5</load_address>
         <run_address>0xa6d5</run_address>
         <size>0x12</size>
         <input_file_ref idref="fl-1"/>
      </object_component>
      <object_component id="oc-35b">
         <name>.text:SysCtl_setSyncOutputConfig</name>
         <load_address>0xa6e7</load_address>
         <run_address>0xa6e7</run_address>
         <size>0x12</size>
         <input_file_ref idref="fl-1"/>
      </object_component>
      <object_component id="oc-508">
         <name>.text:CPUTimer_setPeriod</name>
         <load_address>0xa6f9</load_address>
         <run_address>0xa6f9</run_address>
         <size>0x11</size>
         <input_file_ref idref="fl-1"/>
      </object_component>
      <object_component id="oc-3a7">
         <name>.text:EPWM_disablePhaseShiftLoad</name>
         <load_address>0xa70a</load_address>
         <run_address>0xa70a</run_address>
         <size>0x11</size>
         <input_file_ref idref="fl-1"/>
      </object_component>
      <object_component id="oc-413">
         <name>.text:EPWM_enablePhaseShiftLoad</name>
         <load_address>0xa71b</load_address>
         <run_address>0xa71b</run_address>
         <size>0x11</size>
         <input_file_ref idref="fl-1"/>
      </object_component>
      <object_component id="oc-3b3">
         <name>.text:EPWM_forceSyncPulse</name>
         <load_address>0xa72c</load_address>
         <run_address>0xa72c</run_address>
         <size>0x11</size>
         <input_file_ref idref="fl-1"/>
      </object_component>
      <object_component id="oc-55e">
         <name>.text:DCC_isBaseValid</name>
         <load_address>0xa73d</load_address>
         <run_address>0xa73d</run_address>
         <size>0x10</size>
         <input_file_ref idref="fl-14"/>
      </object_component>
      <object_component id="oc-228">
         <name>.text:Device_initGPIO</name>
         <load_address>0xa74d</load_address>
         <run_address>0xa74d</run_address>
         <size>0x10</size>
         <input_file_ref idref="fl-4"/>
      </object_component>
      <object_component id="oc-2ac">
         <name>.text:ASysCtl_disableDCDC</name>
         <load_address>0xa75d</load_address>
         <run_address>0xa75d</run_address>
         <size>0xf</size>
         <input_file_ref idref="fl-4"/>
      </object_component>
      <object_component id="oc-8b">
         <name>.text:Interrupt_register</name>
         <load_address>0xa76c</load_address>
         <run_address>0xa76c</run_address>
         <size>0xf</size>
         <input_file_ref idref="fl-1"/>
      </object_component>
      <object_component id="oc-eb">
         <name>.text</name>
         <load_address>0xa77b</load_address>
         <run_address>0xa77b</run_address>
         <size>0xe</size>
         <input_file_ref idref="fl-24"/>
      </object_component>
      <object_component id="oc-107">
         <name>.text:Interrupt_disableGlobal</name>
         <load_address>0xa789</load_address>
         <run_address>0xa789</run_address>
         <size>0xd</size>
         <input_file_ref idref="fl-13"/>
      </object_component>
      <object_component id="oc-10d">
         <name>.text:Interrupt_enableGlobal</name>
         <load_address>0xa796</load_address>
         <run_address>0xa796</run_address>
         <size>0xd</size>
         <input_file_ref idref="fl-13"/>
      </object_component>
      <object_component id="oc-28d">
         <name>.text:SysCtl_setLowSpeedClock</name>
         <load_address>0xa7a3</load_address>
         <run_address>0xa7a3</run_address>
         <size>0xd</size>
         <input_file_ref idref="fl-4"/>
      </object_component>
      <object_component id="oc-5a">
         <name>.text:decompress:ZI:__TI_zero_init_nomemset</name>
         <load_address>0xa7b0</load_address>
         <run_address>0xa7b0</run_address>
         <size>0xd</size>
         <input_file_ref idref="fl-2c"/>
      </object_component>
      <object_component id="oc-367">
         <name>.text:SysCtl_enableExtADCSOCSource</name>
         <load_address>0xa7bd</load_address>
         <run_address>0xa7bd</run_address>
         <size>0xc</size>
         <input_file_ref idref="fl-1"/>
      </object_component>
      <object_component id="oc-148">
         <name>.text</name>
         <load_address>0xa7c9</load_address>
         <run_address>0xa7c9</run_address>
         <size>0xc</size>
         <input_file_ref idref="fl-33"/>
      </object_component>
      <object_component id="oc-281">
         <name>.text:SysCtl_disableWatchdog</name>
         <load_address>0xa7d5</load_address>
         <run_address>0xa7d5</run_address>
         <size>0xb</size>
         <input_file_ref idref="fl-4"/>
      </object_component>
      <object_component id="oc-321">
         <name>.text:SysCtl_isMCDClockFailureDetected</name>
         <load_address>0xa7e0</load_address>
         <run_address>0xa7e0</run_address>
         <size>0xb</size>
         <input_file_ref idref="fl-14"/>
      </object_component>
      <object_component id="oc-43">
         <name>.text:Interrupt_illegalOperationHandler</name>
         <load_address>0xa7eb</load_address>
         <run_address>0xa7eb</run_address>
         <size>0xa</size>
         <input_file_ref idref="fl-13"/>
      </object_component>
      <object_component id="oc-49">
         <name>.text:Interrupt_nmiHandler</name>
         <load_address>0xa7f5</load_address>
         <run_address>0xa7f5</run_address>
         <size>0xa</size>
         <input_file_ref idref="fl-13"/>
      </object_component>
      <object_component id="oc-5de">
         <name>.cinit..data.load</name>
         <load_address>0xfa</load_address>
         <run_address>0xfa</run_address>
         <size>0x7</size>
      </object_component>
      <object_component id="oc-5db">
         <name>__TI_handler_table</name>
         <load_address>0x102</load_address>
         <run_address>0x102</run_address>
         <size>0x6</size>
      </object_component>
      <object_component id="oc-5dd">
         <name>.cinit..bss.load</name>
         <load_address>0x108</load_address>
         <run_address>0x108</run_address>
         <size>0x4</size>
      </object_component>
      <object_component id="oc-5dc">
         <name>__TI_cinit_table</name>
         <load_address>0x10c</load_address>
         <run_address>0x10c</run_address>
         <size>0x8</size>
      </object_component>
      <object_component id="oc-4f">
         <name>.stack</name>
         <uninitialized>true</uninitialized>
         <run_address>0x400</run_address>
         <size>0x0</size>
         <input_file_ref idref="fl-21"/>
      </object_component>
      <object_component id="oc-5df">
         <name>.stack</name>
         <uninitialized>true</uninitialized>
         <run_address>0x400</run_address>
         <size>0x0</size>
      </object_component>
      <object_component id="oc-246">
         <name>.bss</name>
         <uninitialized>true</uninitialized>
         <run_address>0xae58</run_address>
         <size>0x2</size>
         <input_file_ref idref="fl-3"/>
      </object_component>
      <object_component id="oc-a7">
         <name>.bss:AdcBuf0</name>
         <uninitialized>true</uninitialized>
         <run_address>0xae44</run_address>
         <size>0xa</size>
         <input_file_ref idref="fl-3"/>
      </object_component>
      <object_component id="oc-aa">
         <name>.bss:AdcBuf1</name>
         <uninitialized>true</uninitialized>
         <run_address>0xae4e</run_address>
         <size>0xa</size>
         <input_file_ref idref="fl-3"/>
      </object_component>
      <object_component id="oc-4b0">
         <name>.const:.string</name>
         <load_address>0xa800</load_address>
         <run_address>0xa800</run_address>
         <size>0x143</size>
         <input_file_ref idref="fl-1"/>
      </object_component>
      <object_component id="oc-120">
         <name>.const:.string</name>
         <load_address>0xa944</load_address>
         <run_address>0xa944</run_address>
         <size>0xed</size>
         <input_file_ref idref="fl-3"/>
      </object_component>
      <object_component id="oc-320">
         <name>.const:.string</name>
         <load_address>0xaa32</load_address>
         <run_address>0xaa32</run_address>
         <size>0x9a</size>
         <input_file_ref idref="fl-14"/>
      </object_component>
      <object_component id="oc-348">
         <name>.const:.string</name>
         <load_address>0xaacc</load_address>
         <run_address>0xaacc</run_address>
         <size>0x98</size>
         <input_file_ref idref="fl-12"/>
      </object_component>
      <object_component id="oc-1e8">
         <name>.const:ipio2</name>
         <load_address>0xab64</load_address>
         <run_address>0xab64</run_address>
         <size>0x84</size>
         <input_file_ref idref="fl-30"/>
      </object_component>
      <object_component id="oc-299">
         <name>.const:.string</name>
         <load_address>0xabe8</load_address>
         <run_address>0xabe8</run_address>
         <size>0x65</size>
         <input_file_ref idref="fl-4"/>
      </object_component>
      <object_component id="oc-1eb">
         <name>.const</name>
         <load_address>0xac4e</load_address>
         <run_address>0xac4e</run_address>
         <size>0x2c</size>
         <input_file_ref idref="fl-30"/>
      </object_component>
      <object_component id="oc-6f">
         <name>.const</name>
         <load_address>0xac7a</load_address>
         <run_address>0xac7a</run_address>
         <size>0x6</size>
         <input_file_ref idref="fl-3"/>
      </object_component>
      <object_component id="oc-170">
         <name>.const</name>
         <load_address>0xac80</load_address>
         <run_address>0xac80</run_address>
         <size>0x64</size>
         <input_file_ref idref="fl-2f"/>
      </object_component>
      <object_component id="oc-596">
         <name>.const:.string</name>
         <load_address>0xace4</load_address>
         <run_address>0xace4</run_address>
         <size>0x50</size>
         <input_file_ref idref="fl-10"/>
      </object_component>
      <object_component id="oc-576">
         <name>.const:.string</name>
         <load_address>0xad34</load_address>
         <run_address>0xad34</run_address>
         <size>0x4b</size>
         <input_file_ref idref="fl-f"/>
      </object_component>
      <object_component id="oc-180">
         <name>.const</name>
         <load_address>0xad80</load_address>
         <run_address>0xad80</run_address>
         <size>0x3c</size>
         <input_file_ref idref="fl-35"/>
      </object_component>
      <object_component id="oc-1e0">
         <name>.const:init_jk</name>
         <load_address>0xadbc</load_address>
         <run_address>0xadbc</run_address>
         <size>0x4</size>
         <input_file_ref idref="fl-30"/>
      </object_component>
      <object_component id="oc-156">
         <name>.const</name>
         <load_address>0xadc0</load_address>
         <run_address>0xadc0</run_address>
         <size>0x38</size>
         <input_file_ref idref="fl-36"/>
      </object_component>
      <object_component id="oc-1fa">
         <name>.const:PIo2</name>
         <load_address>0xadf8</load_address>
         <run_address>0xadf8</run_address>
         <size>0x20</size>
         <input_file_ref idref="fl-30"/>
      </object_component>
      <object_component id="oc-262">
         <name>.const</name>
         <load_address>0xae18</load_address>
         <run_address>0xae18</run_address>
         <size>0x1c</size>
         <input_file_ref idref="fl-38"/>
      </object_component>
      <object_component id="oc-270">
         <name>.const</name>
         <load_address>0xae34</load_address>
         <run_address>0xae34</run_address>
         <size>0xc</size>
         <input_file_ref idref="fl-37"/>
      </object_component>
      <object_component id="oc-e4">
         <name>.const</name>
         <load_address>0xae40</load_address>
         <run_address>0xae40</run_address>
         <size>0x4</size>
         <input_file_ref idref="fl-20"/>
      </object_component>
      <object_component id="oc-6c">
         <name>.data</name>
         <load_address>0xae5a</load_address>
         <run_address>0xae5a</run_address>
         <size>0xa</size>
         <input_file_ref idref="fl-3"/>
      </object_component>
      <object_component id="oc-1cc">
         <name>.data</name>
         <load_address>0xae64</load_address>
         <run_address>0xae64</run_address>
         <size>0x6</size>
         <input_file_ref idref="fl-31"/>
      </object_component>
      <object_component id="oc-1cf">
         <name>.data:_lock</name>
         <load_address>0xae6a</load_address>
         <run_address>0xae6a</run_address>
         <size>0x2</size>
         <input_file_ref idref="fl-32"/>
      </object_component>
      <object_component id="oc-303">
         <name>.data:_unlock</name>
         <load_address>0xae6c</load_address>
         <run_address>0xae6c</run_address>
         <size>0x2</size>
         <input_file_ref idref="fl-32"/>
      </object_component>
      <object_component id="oc-26b">
         <name>.data</name>
         <load_address>0xae6e</load_address>
         <run_address>0xae6e</run_address>
         <size>0x1</size>
         <input_file_ref idref="fl-42"/>
      </object_component>
      <object_component id="oc-98">
         <name>.debug_types</name>
         <load_address>0x0</load_address>
         <run_address>0x0</run_address>
         <size>0x2a2b</size>
         <input_file_ref idref="fl-1"/>
      </object_component>
      <object_component id="oc-2f9">
         <name>.debug_types</name>
         <load_address>0x0</load_address>
         <run_address>0x0</run_address>
         <size>0x0</size>
         <input_file_ref idref="fl-2"/>
      </object_component>
      <object_component id="oc-9a">
         <name>.debug_types</name>
         <load_address>0x2a2b</load_address>
         <run_address>0x2a2b</run_address>
         <size>0x13c</size>
         <input_file_ref idref="fl-3"/>
      </object_component>
      <object_component id="oc-18d">
         <name>.debug_types</name>
         <load_address>0x2b67</load_address>
         <run_address>0x2b67</run_address>
         <size>0xbe4</size>
         <input_file_ref idref="fl-4"/>
      </object_component>
      <object_component id="oc-57e">
         <name>.debug_types</name>
         <load_address>0x374b</load_address>
         <run_address>0x374b</run_address>
         <size>0x126</size>
         <input_file_ref idref="fl-f"/>
      </object_component>
      <object_component id="oc-598">
         <name>.debug_types</name>
         <load_address>0x0</load_address>
         <run_address>0x0</run_address>
         <size>0x0</size>
         <input_file_ref idref="fl-10"/>
      </object_component>
      <object_component id="oc-34a">
         <name>.debug_types</name>
         <load_address>0x3871</load_address>
         <run_address>0x3871</run_address>
         <size>0x24d</size>
         <input_file_ref idref="fl-12"/>
      </object_component>
      <object_component id="oc-c1">
         <name>.debug_types</name>
         <load_address>0x0</load_address>
         <run_address>0x0</run_address>
         <size>0x0</size>
         <input_file_ref idref="fl-13"/>
      </object_component>
      <object_component id="oc-335">
         <name>.debug_types</name>
         <load_address>0x3abe</load_address>
         <run_address>0x3abe</run_address>
         <size>0x1d4</size>
         <input_file_ref idref="fl-14"/>
      </object_component>
      <object_component id="oc-102">
         <name>.debug_types</name>
         <load_address>0x3c92</load_address>
         <run_address>0x3c92</run_address>
         <size>0x90</size>
         <input_file_ref idref="fl-20"/>
      </object_component>
      <object_component id="oc-193">
         <name>.debug_types</name>
         <load_address>0x0</load_address>
         <run_address>0x0</run_address>
         <size>0x0</size>
         <input_file_ref idref="fl-2a"/>
      </object_component>
      <object_component id="oc-214">
         <name>.debug_types</name>
         <load_address>0x3d22</load_address>
         <run_address>0x3d22</run_address>
         <size>0x49b</size>
         <input_file_ref idref="fl-2b"/>
      </object_component>
      <object_component id="oc-ce">
         <name>.debug_types</name>
         <load_address>0x41bd</load_address>
         <run_address>0x41bd</run_address>
         <size>0x1f3</size>
         <input_file_ref idref="fl-2c"/>
      </object_component>
      <object_component id="oc-59">
         <name>.debug_types</name>
         <load_address>0x0</load_address>
         <run_address>0x0</run_address>
         <size>0x0</size>
         <input_file_ref idref="fl-2d"/>
      </object_component>
      <object_component id="oc-51">
         <name>.debug_types</name>
         <load_address>0x43b0</load_address>
         <run_address>0x43b0</run_address>
         <size>0x191</size>
         <input_file_ref idref="fl-2e"/>
      </object_component>
      <object_component id="oc-17f">
         <name>.debug_types</name>
         <load_address>0x4541</load_address>
         <run_address>0x4541</run_address>
         <size>0xcb</size>
         <input_file_ref idref="fl-2f"/>
      </object_component>
      <object_component id="oc-1fe">
         <name>.debug_types</name>
         <load_address>0x460c</load_address>
         <run_address>0x460c</run_address>
         <size>0x187</size>
         <input_file_ref idref="fl-30"/>
      </object_component>
      <object_component id="oc-1d3">
         <name>.debug_types</name>
         <load_address>0x4793</load_address>
         <run_address>0x4793</run_address>
         <size>0x90</size>
         <input_file_ref idref="fl-31"/>
      </object_component>
      <object_component id="oc-257">
         <name>.debug_types</name>
         <load_address>0x4823</load_address>
         <run_address>0x4823</run_address>
         <size>0x2f</size>
         <input_file_ref idref="fl-32"/>
      </object_component>
      <object_component id="oc-1cb">
         <name>.debug_types</name>
         <load_address>0x4852</load_address>
         <run_address>0x4852</run_address>
         <size>0xe1</size>
         <input_file_ref idref="fl-33"/>
      </object_component>
      <object_component id="oc-184">
         <name>.debug_types</name>
         <load_address>0x0</load_address>
         <run_address>0x0</run_address>
         <size>0x0</size>
         <input_file_ref idref="fl-35"/>
      </object_component>
      <object_component id="oc-15f">
         <name>.debug_types</name>
         <load_address>0x0</load_address>
         <run_address>0x0</run_address>
         <size>0x0</size>
         <input_file_ref idref="fl-36"/>
      </object_component>
      <object_component id="oc-274">
         <name>.debug_types</name>
         <load_address>0x0</load_address>
         <run_address>0x0</run_address>
         <size>0x0</size>
         <input_file_ref idref="fl-37"/>
      </object_component>
      <object_component id="oc-26f">
         <name>.debug_types</name>
         <load_address>0x0</load_address>
         <run_address>0x0</run_address>
         <size>0x0</size>
         <input_file_ref idref="fl-38"/>
      </object_component>
      <object_component id="oc-c9">
         <name>.debug_types</name>
         <load_address>0x4933</load_address>
         <run_address>0x4933</run_address>
         <size>0xb8</size>
         <input_file_ref idref="fl-40"/>
      </object_component>
      <object_component id="oc-27b">
         <name>.debug_types</name>
         <load_address>0x0</load_address>
         <run_address>0x0</run_address>
         <size>0x0</size>
         <input_file_ref idref="fl-41"/>
      </object_component>
      <object_component id="oc-310">
         <name>.debug_types</name>
         <load_address>0x0</load_address>
         <run_address>0x0</run_address>
         <size>0x0</size>
         <input_file_ref idref="fl-42"/>
      </object_component>
      <object_component id="oc-30d">
         <name>.debug_types</name>
         <load_address>0x0</load_address>
         <run_address>0x0</run_address>
         <size>0x0</size>
         <input_file_ref idref="fl-43"/>
      </object_component>
      <object_component id="oc-580">
         <name>.debug_info</name>
         <load_address>0x0</load_address>
         <run_address>0x0</run_address>
         <size>0x17e</size>
         <input_file_ref idref="fl-1"/>
      </object_component>
      <object_component id="oc-4ba">
         <name>.debug_info</name>
         <load_address>0x17e</load_address>
         <run_address>0x17e</run_address>
         <size>0x1cb</size>
         <input_file_ref idref="fl-1"/>
      </object_component>
      <object_component id="oc-4d8">
         <name>.debug_info</name>
         <load_address>0x349</load_address>
         <run_address>0x349</run_address>
         <size>0x24a</size>
         <input_file_ref idref="fl-1"/>
      </object_component>
      <object_component id="oc-4de">
         <name>.debug_info</name>
         <load_address>0x593</load_address>
         <run_address>0x593</run_address>
         <size>0x217</size>
         <input_file_ref idref="fl-1"/>
      </object_component>
      <object_component id="oc-4c0">
         <name>.debug_info</name>
         <load_address>0x7aa</load_address>
         <run_address>0x7aa</run_address>
         <size>0x1d9</size>
         <input_file_ref idref="fl-1"/>
      </object_component>
      <object_component id="oc-4c6">
         <name>.debug_info</name>
         <load_address>0x983</load_address>
         <run_address>0x983</run_address>
         <size>0x1a2</size>
         <input_file_ref idref="fl-1"/>
      </object_component>
      <object_component id="oc-4ea">
         <name>.debug_info</name>
         <load_address>0xb25</load_address>
         <run_address>0xb25</run_address>
         <size>0x1d7</size>
         <input_file_ref idref="fl-1"/>
      </object_component>
      <object_component id="oc-4cc">
         <name>.debug_info</name>
         <load_address>0xcfc</load_address>
         <run_address>0xcfc</run_address>
         <size>0x1a4</size>
         <input_file_ref idref="fl-1"/>
      </object_component>
      <object_component id="oc-4d2">
         <name>.debug_info</name>
         <load_address>0xea0</load_address>
         <run_address>0xea0</run_address>
         <size>0x1c7</size>
         <input_file_ref idref="fl-1"/>
      </object_component>
      <object_component id="oc-4f6">
         <name>.debug_info</name>
         <load_address>0x1067</load_address>
         <run_address>0x1067</run_address>
         <size>0x1f9</size>
         <input_file_ref idref="fl-1"/>
      </object_component>
      <object_component id="oc-4e4">
         <name>.debug_info</name>
         <load_address>0x1260</load_address>
         <run_address>0x1260</run_address>
         <size>0x23b</size>
         <input_file_ref idref="fl-1"/>
      </object_component>
      <object_component id="oc-4f0">
         <name>.debug_info</name>
         <load_address>0x149b</load_address>
         <run_address>0x149b</run_address>
         <size>0x205</size>
         <input_file_ref idref="fl-1"/>
      </object_component>
      <object_component id="oc-8c">
         <name>.debug_info</name>
         <load_address>0x16a0</load_address>
         <run_address>0x16a0</run_address>
         <size>0x1d2</size>
         <input_file_ref idref="fl-1"/>
      </object_component>
      <object_component id="oc-362">
         <name>.debug_info</name>
         <load_address>0x1872</load_address>
         <run_address>0x1872</run_address>
         <size>0x1d4</size>
         <input_file_ref idref="fl-1"/>
      </object_component>
      <object_component id="oc-35c">
         <name>.debug_info</name>
         <load_address>0x1a46</load_address>
         <run_address>0x1a46</run_address>
         <size>0x195</size>
         <input_file_ref idref="fl-1"/>
      </object_component>
      <object_component id="oc-368">
         <name>.debug_info</name>
         <load_address>0x1bdb</load_address>
         <run_address>0x1bdb</run_address>
         <size>0x19d</size>
         <input_file_ref idref="fl-1"/>
      </object_component>
      <object_component id="oc-36f">
         <name>.debug_info</name>
         <load_address>0x1d78</load_address>
         <run_address>0x1d78</run_address>
         <size>0x179</size>
         <input_file_ref idref="fl-1"/>
      </object_component>
      <object_component id="oc-375">
         <name>.debug_info</name>
         <load_address>0x1ef1</load_address>
         <run_address>0x1ef1</run_address>
         <size>0x1b7</size>
         <input_file_ref idref="fl-1"/>
      </object_component>
      <object_component id="oc-37b">
         <name>.debug_info</name>
         <load_address>0x20a8</load_address>
         <run_address>0x20a8</run_address>
         <size>0x1b1</size>
         <input_file_ref idref="fl-1"/>
      </object_component>
      <object_component id="oc-59a">
         <name>.debug_info</name>
         <load_address>0x2259</load_address>
         <run_address>0x2259</run_address>
         <size>0x18b</size>
         <input_file_ref idref="fl-1"/>
      </object_component>
      <object_component id="oc-50f">
         <name>.debug_info</name>
         <load_address>0x23e4</load_address>
         <run_address>0x23e4</run_address>
         <size>0x1c9</size>
         <input_file_ref idref="fl-1"/>
      </object_component>
      <object_component id="oc-51b">
         <name>.debug_info</name>
         <load_address>0x25ad</load_address>
         <run_address>0x25ad</run_address>
         <size>0x1cf</size>
         <input_file_ref idref="fl-1"/>
      </object_component>
      <object_component id="oc-515">
         <name>.debug_info</name>
         <load_address>0x277c</load_address>
         <run_address>0x277c</run_address>
         <size>0x1be</size>
         <input_file_ref idref="fl-1"/>
      </object_component>
      <object_component id="oc-521">
         <name>.debug_info</name>
         <load_address>0x293a</load_address>
         <run_address>0x293a</run_address>
         <size>0x1c1</size>
         <input_file_ref idref="fl-1"/>
      </object_component>
      <object_component id="oc-509">
         <name>.debug_info</name>
         <load_address>0x2afb</load_address>
         <run_address>0x2afb</run_address>
         <size>0x1c2</size>
         <input_file_ref idref="fl-1"/>
      </object_component>
      <object_component id="oc-503">
         <name>.debug_info</name>
         <load_address>0x2cbd</load_address>
         <run_address>0x2cbd</run_address>
         <size>0x1db</size>
         <input_file_ref idref="fl-1"/>
      </object_component>
      <object_component id="oc-528">
         <name>.debug_info</name>
         <load_address>0x2e98</load_address>
         <run_address>0x2e98</run_address>
         <size>0x181</size>
         <input_file_ref idref="fl-1"/>
      </object_component>
      <object_component id="oc-39c">
         <name>.debug_info</name>
         <load_address>0x3019</load_address>
         <run_address>0x3019</run_address>
         <size>0x1cf</size>
         <input_file_ref idref="fl-1"/>
      </object_component>
      <object_component id="oc-40e">
         <name>.debug_info</name>
         <load_address>0x31e8</load_address>
         <run_address>0x31e8</run_address>
         <size>0x1d3</size>
         <input_file_ref idref="fl-1"/>
      </object_component>
      <object_component id="oc-390">
         <name>.debug_info</name>
         <load_address>0x33bb</load_address>
         <run_address>0x33bb</run_address>
         <size>0x212</size>
         <input_file_ref idref="fl-1"/>
      </object_component>
      <object_component id="oc-3b4">
         <name>.debug_info</name>
         <load_address>0x35cd</load_address>
         <run_address>0x35cd</run_address>
         <size>0x1a4</size>
         <input_file_ref idref="fl-1"/>
      </object_component>
      <object_component id="oc-3ba">
         <name>.debug_info</name>
         <load_address>0x3771</load_address>
         <run_address>0x3771</run_address>
         <size>0x1cf</size>
         <input_file_ref idref="fl-1"/>
      </object_component>
      <object_component id="oc-414">
         <name>.debug_info</name>
         <load_address>0x3940</load_address>
         <run_address>0x3940</run_address>
         <size>0x1b0</size>
         <input_file_ref idref="fl-1"/>
      </object_component>
      <object_component id="oc-3a8">
         <name>.debug_info</name>
         <load_address>0x3af0</load_address>
         <run_address>0x3af0</run_address>
         <size>0x1b2</size>
         <input_file_ref idref="fl-1"/>
      </object_component>
      <object_component id="oc-3a2">
         <name>.debug_info</name>
         <load_address>0x3ca2</load_address>
         <run_address>0x3ca2</run_address>
         <size>0x1e3</size>
         <input_file_ref idref="fl-1"/>
      </object_component>
      <object_component id="oc-3ae">
         <name>.debug_info</name>
         <load_address>0x3e85</load_address>
         <run_address>0x3e85</run_address>
         <size>0x1cf</size>
         <input_file_ref idref="fl-1"/>
      </object_component>
      <object_component id="oc-396">
         <name>.debug_info</name>
         <load_address>0x4054</load_address>
         <run_address>0x4054</run_address>
         <size>0x1d9</size>
         <input_file_ref idref="fl-1"/>
      </object_component>
[...]
         </usage_details>
      </memory_area>
      <memory_area display="yes" color="green">
         <name>RAMGS0</name>
         <page_id>0x1</page_id>
         <origin>0xc000</origin>
         <length>0x2000</length>
         <used_space>0x0</used_space>
         <unused_space>0x2000</unused_space>
         <attributes>RWIX</attributes>
         <usage_details>
         </usage_details>
      </memory_area>
      <memory_area display="yes" color="green">
         <name>RAMGS1</name>
         <page_id>0x1</page_id>
         <origin>0xe000</origin>
         <length>0x2000</length>
         <used_space>0x0</used_space>
         <unused_space>0x2000</unused_space>
         <attributes>RWIX</attributes>
         <usage_details>
         </usage_details>
      </memory_area>
      <memory_area display="yes" color="green">
         <name>RAMGS2</name>
         <page_id>0x1</page_id>
         <origin>0x10000</origin>
         <length>0x2000</length>
         <used_space>0x0</used_space>
         <unused_space>0x2000</unused_space>
         <attributes>RWIX</attributes>
         <usage_details>
         </usage_details>
      </memory_area>
      <memory_area display="yes" color="green">
         <name>RAMGS3</name>
         <page_id>0x1</page_id>
         <origin>0x12000</origin>
         <length>0x1ff8</length>
         <used_space>0x0</used_space>
         <unused_space>0x1ff8</unused_space>
         <attributes>RWIX</attributes>
         <usage_details>
         </usage_details>
      </memory_area>
   </placement_map>
   <cptbl_list>
      <cptbl>
         <name>__TI_cinit_table</name>
         <cprec>
            <name>.data</name>
            <load_address>0xfa</load_address>
            <load_size>0x7</load_size>
            <run_address>0xae5a</run_address>
            <run_size>0x15</run_size>
            <compression>lzss</compression>
         </cprec>
         <cprec>
            <name>.bss</name>
            <load_address>0x108</load_address>
            <load_size>0x4</load_size>
            <run_address>0xae44</run_address>
            <run_size>0x16</run_size>
            <compression>zero_init</compression>
         </cprec>
      </cptbl>
   </cptbl_list>
   <handler_table>
      <handler_table_name>__TI_handler_table</handler_table_name>
      <handler>
         <index>0x0</index>
         <name>__TI_zero_init</name>
      </handler>
      <handler>
         <index>0x1</index>
         <name>__TI_decompress_lzss</name>
      </handler>
      <handler>
         <index>0x2</index>
         <name>__TI_decompress_none</name>
      </handler>
   </handler_table>
   <symbol_table>
      <symbol id="sm-1">
         <name>__TI_CINIT_Base</name>
         <value>0x10c</value>
      </symbol>
      <symbol id="sm-2">
         <name>__TI_CINIT_Limit</name>
         <value>0x114</value>
      </symbol>
      <symbol id="sm-3">
         <name>__TI_CINIT_Warm</name>
         <value>0x114</value>
      </symbol>
      <symbol id="sm-4">
         <name>__TI_Handler_Table_Base</name>
         <value>0x102</value>
      </symbol>
      <symbol id="sm-5">
         <name>__TI_Handler_Table_Limit</name>
         <value>0x108</value>
      </symbol>
      <symbol id="sm-6">
         <name>__TI_STACK_SIZE</name>
         <value>0x3f8</value>
      </symbol>
      <symbol id="sm-7">
         <name>__TI_STACK_END</name>
         <value>0x7f8</value>
      </symbol>
      <symbol id="sm-8">
         <name>__TI_pprof_out_hndl</name>
         <value>0xffffffff</value>
      </symbol>
      <symbol id="sm-9">
         <name>__TI_prof_data_start</name>
         <value>0xffffffff</value>
      </symbol>
      <symbol id="sm-a">
         <name>__TI_prof_data_size</name>
         <value>0xffffffff</value>
      </symbol>
      <symbol id="sm-298">
         <name>INTERRUPT_init</name>
         <value>0xa33c</value>
         <object_component_ref idref="oc-26"/>
      </symbol>
      <symbol id="sm-299">
         <name>PinMux_init</name>
         <value>0x9800</value>
         <object_component_ref idref="oc-2cd"/>
      </symbol>
      <symbol id="sm-29a">
         <name>Board_init</name>
         <value>0xa69c</value>
         <object_component_ref idref="oc-234"/>
      </symbol>
      <symbol id="sm-29b">
         <name>GPIO_init</name>
         <value>0x49</value>
         <object_component_ref idref="oc-2f1"/>
      </symbol>
      <symbol id="sm-29c">
         <name>ADC_init</name>
         <value>0x97fb</value>
         <object_component_ref idref="oc-2df"/>
      </symbol>
      <symbol id="sm-29d">
         <name>SYNC_init</name>
         <value>0xa19e</value>
         <object_component_ref idref="oc-2d3"/>
      </symbol>
      <symbol id="sm-29e">
         <name>myADCA_init</name>
         <value>0x985a</value>
         <object_component_ref idref="oc-381"/>
      </symbol>
      <symbol id="sm-29f">
         <name>EPWM_init</name>
         <value>0x8c31</value>
         <object_component_ref idref="oc-2eb"/>
      </symbol>
      <symbol id="sm-2a0">
         <name>CPUTIMER_init</name>
         <value>0x46</value>
         <object_component_ref idref="oc-2e5"/>
      </symbol>
      <symbol id="sm-2a1">
         <name>LED_init</name>
         <value>0xa661</value>
         <object_component_ref idref="oc-432"/>
      </symbol>
      <symbol id="sm-2a2">
         <name>ASYSCTL_init</name>
         <value>0x0</value>
         <object_component_ref idref="oc-2d9"/>
      </symbol>
      <symbol id="sm-2a3">
         <name>myCPUTIMER0_init</name>
         <value>0x9f78</value>
         <object_component_ref idref="oc-388"/>
      </symbol>
      <symbol id="sm-2b0">
         <name>C2000Ware_libraries_init</name>
         <value>0x87ff</value>
         <object_component_ref idref="oc-23a"/>
      </symbol>
      <symbol id="sm-350">
         <name>AdcBuf1</name>
         <value>0xae4e</value>
         <object_component_ref idref="oc-aa"/>
      </symbol>
      <symbol id="sm-351">
         <name>AdcBuf0</name>
         <value>0xae44</value>
         <object_component_ref idref="oc-a7"/>
      </symbol>
      <symbol id="sm-352">
         <name>INT_myCPUTIMER0_ISR</name>
         <value>0x96c8</value>
         <object_component_ref idref="oc-25"/>
      </symbol>
      <symbol id="sm-353">
         <name>main</name>
         <value>0x9a23</value>
         <object_component_ref idref="oc-1c4"/>
      </symbol>
      <symbol id="sm-354">
         <name>ref_mod_inverter</name>
         <value>0xae5c</value>
         <object_component_ref idref="oc-6c"/>
      </symbol>
      <symbol id="sm-355">
         <name>compare1</name>
         <value>0xae58</value>
         <object_component_ref idref="oc-246"/>
      </symbol>
      <symbol id="sm-356">
         <name>compare2</name>
         <value>0xae59</value>
         <object_component_ref idref="oc-246"/>
      </symbol>
      <symbol id="sm-357">
         <name>INT_myADCA_2_ISR</name>
         <value>0x9739</value>
         <object_component_ref idref="oc-31"/>
      </symbol>
      <symbol id="sm-358">
         <name>V_mod_inverter</name>
         <value>0xae5e</value>
         <object_component_ref idref="oc-6c"/>
      </symbol>
      <symbol id="sm-3af">
         <name>Device_enableAllPeripherals</name>
         <value>0x90e8</value>
         <object_component_ref idref="oc-2a6"/>
      </symbol>
      <symbol id="sm-3b0">
         <name>Device_initGPIO</name>
         <value>0xa74d</value>
         <object_component_ref idref="oc-228"/>
      </symbol>
      <symbol id="sm-3b1">
         <name>Device_init</name>
         <value>0x98b3</value>
         <object_component_ref idref="oc-222"/>
      </symbol>
      <symbol id="sm-3b2">
         <name>__error__</name>
         <value>0x39</value>
         <object_component_ref idref="oc-121"/>
      </symbol>
      <symbol id="sm-3c1">
         <name>code_start</name>
         <value>0x0</value>
         <object_component_ref idref="oc-20"/>
      </symbol>
      <symbol id="sm-3ed">
         <name>ADC_setOffsetTrimAll</name>
         <value>0x9e6e</value>
         <object_component_ref idref="oc-577"/>
      </symbol>
      <symbol id="sm-3ee">
         <name>ADC_setVREF</name>
         <value>0x8fb3</value>
         <object_component_ref idref="oc-4b3"/>
      </symbol>
      <symbol id="sm-408">
         <name>CPUTimer_setEmulationMode</name>
         <value>0xa6af</value>
         <object_component_ref idref="oc-4fc"/>
      </symbol>
      <symbol id="sm-457">
         <name>GPIO_setQualificationMode</name>
         <value>0x9c42</value>
         <object_component_ref idref="oc-354"/>
      </symbol>
      <symbol id="sm-458">
         <name>GPIO_setPadConfig</name>
         <value>0x97a9</value>
         <object_component_ref idref="oc-2b2"/>
      </symbol>
      <symbol id="sm-459">
         <name>GPIO_setAnalogMode</name>
         <value>0x9b9a</value>
         <object_component_ref idref="oc-2be"/>
      </symbol>
      <symbol id="sm-45a">
         <name>GPIO_setDirectionMode</name>
         <value>0x9cb0</value>
         <object_component_ref idref="oc-2b8"/>
      </symbol>
      <symbol id="sm-45b">
         <name>GPIO_setPinConfig</name>
         <value>0x9c0b</value>
         <object_component_ref idref="oc-34e"/>
      </symbol>
      <symbol id="sm-45c">
         <name>GPIO_setControllerCore</name>
         <value>0x9bd4</value>
         <object_component_ref idref="oc-548"/>
      </symbol>
      <symbol id="sm-4ab">
         <name>Interrupt_defaultHandler</name>
         <value>0xa4dc</value>
         <object_component_ref idref="oc-37"/>
      </symbol>
      <symbol id="sm-4ac">
         <name>Interrupt_initModule</name>
         <value>0x9b23</value>
         <object_component_ref idref="oc-22e"/>
      </symbol>
      <symbol id="sm-4ad">
         <name>Interrupt_nmiHandler</name>
         <value>0xa7f5</value>
         <object_component_ref idref="oc-49"/>
      </symbol>
      <symbol id="sm-4ae">
         <name>Interrupt_enable</name>
         <value>0x9c79</value>
         <object_component_ref idref="oc-91"/>
      </symbol>
      <symbol id="sm-4af">
         <name>Interrupt_initVectorTable</name>
         <value>0xa180</value>
         <object_component_ref idref="oc-38"/>
      </symbol>
      <symbol id="sm-4b0">
         <name>Interrupt_illegalOperationHandler</name>
         <value>0xa7eb</value>
         <object_component_ref idref="oc-43"/>
      </symbol>
      <symbol id="sm-5c4">
         <name>SysCtl_isPLLValid</name>
         <value>0x935b</value>
         <object_component_ref idref="oc-32e"/>
      </symbol>
      <symbol id="sm-5c5">
         <name>SysCtl_delay</name>
         <value>0xf6</value>
         <object_component_ref idref="oc-32d"/>
      </symbol>
      <symbol id="sm-5c6">
         <name>SysCtl_selectXTALSingleEnded</name>
         <value>0x9f0b</value>
         <object_component_ref idref="oc-44c"/>
      </symbol>
      <symbol id="sm-5c7">
         <name>SysCtl_selectXTAL</name>
         <value>0x9aa5</value>
         <object_component_ref idref="oc-446"/>
      </symbol>
      <symbol id="sm-5c8">
         <name>SysCtl_selectOscSource</name>
         <value>0x994f</value>
         <object_component_ref idref="oc-327"/>
      </symbol>
      <symbol id="sm-5c9">
         <name>SysCtl_getLowSpeedClock</name>
         <value>0xa309</value>
         <object_component_ref idref="oc-29a"/>
      </symbol>
      <symbol id="sm-5ca">
         <name>SysCtl_setClock</name>
         <value>0x9293</value>
         <object_component_ref idref="oc-287"/>
      </symbol>
      <symbol id="sm-5cb">
         <name>SysCtl_getClock</name>
         <value>0x87a1</value>
         <object_component_ref idref="oc-293"/>
      </symbol>
      <symbol id="sm-5e5">
         <name>sin</name>
         <value>0x91c8</value>
         <object_component_ref idref="oc-75"/>
      </symbol>
      <symbol id="sm-5e6">
         <name>sinl</name>
         <value>0x91c8</value>
         <object_component_ref idref="oc-75"/>
      </symbol>
      <symbol id="sm-5f0">
         <name>_c_int00</name>
         <value>0xa46d</value>
         <object_component_ref idref="oc-d6"/>
      </symbol>
      <symbol id="sm-5f1">
         <name>__stack</name>
         <value>0x400</value>
         <object_component_ref idref="oc-4f"/>
      </symbol>
      <symbol id="sm-5ff">
         <name>__c28xabi_mpyd</name>
         <value>0x955d</value>
         <object_component_ref idref="oc-80"/>
      </symbol>
      <symbol id="sm-608">
         <name>__c28xabi_negd</name>
         <value>0x12</value>
         <object_component_ref idref="oc-fc"/>
      </symbol>
      <symbol id="sm-610">
         <name>__c28xabi_subd</name>
         <value>0xa77b</value>
         <object_component_ref idref="oc-eb"/>
      </symbol>
      <symbol id="sm-61b">
         <name>__c28xabi_dtoi</name>
         <value>0xa087</value>
         <object_component_ref idref="oc-df"/>
      </symbol>
      <symbol id="sm-629">
         <name>__c28xabi_ftod</name>
         <value>0xa283</value>
         <object_component_ref idref="oc-70"/>
      </symbol>
      <symbol id="sm-635">
         <name>__c28xabi_dtof</name>
         <value>0x9fc0</value>
         <object_component_ref idref="oc-7b"/>
      </symbol>
      <symbol id="sm-642">
         <name>_system_pre_init</name>
         <value>0x97fe</value>
         <object_component_ref idref="oc-141"/>
      </symbol>
      <symbol id="sm-651">
         <name>__TI_auto_init_nobinit_nopinit</name>
         <value>0x9df0</value>
         <object_component_ref idref="oc-194"/>
      </symbol>
      <symbol id="sm-660">
         <name>__TI_zero_init_nomemset</name>
         <value>0xa7b0</value>
         <object_component_ref idref="oc-5a"/>
      </symbol>
      <symbol id="sm-66d">
         <name>__TI_decompress_none</name>
         <value>0x1b</value>
         <object_component_ref idref="oc-19"/>
      </symbol>
      <symbol id="sm-681">
         <name>__TI_decompress_lzss</name>
         <value>0x9ce1</value>
         <object_component_ref idref="oc-13"/>
      </symbol>
      <symbol id="sm-6bc">
         <name>__rem_pio2</name>
         <value>0x8800</value>
         <object_component_ref idref="oc-f0"/>
      </symbol>
      <symbol id="sm-72d">
         <name>__kernel_rem_pio2</name>
         <value>0x8000</value>
         <object_component_ref idref="oc-178"/>
      </symbol>
      <symbol id="sm-743">
         <name>C$$EXIT</name>
         <value>0x9e45</value>
         <object_component_ref idref="oc-14e"/>
      </symbol>
      <symbol id="sm-744">
         <name>abort</name>
         <value>0x9e45</value>
         <object_component_ref idref="oc-14e"/>
      </symbol>
      <symbol id="sm-745">
         <name>exit</name>
         <value>0x9e47</value>
         <object_component_ref idref="oc-14e"/>
      </symbol>
      <symbol id="sm-746">
         <name>__TI_dtors_ptr</name>
         <value>0xae68</value>
         <object_component_ref idref="oc-1cc"/>
      </symbol>
      <symbol id="sm-747">
         <name>__TI_cleanup_ptr</name>
         <value>0xae66</value>
         <object_component_ref idref="oc-1cc"/>
      </symbol>
      <symbol id="sm-748">
         <name>__TI_enable_exit_profile_output</name>
         <value>0xae64</value>
         <object_component_ref idref="oc-1cc"/>
      </symbol>
      <symbol id="sm-75f">
         <name>_nop</name>
         <value>0x11</value>
         <object_component_ref idref="oc-24f"/>
      </symbol>
      <symbol id="sm-760">
         <name>_lock</name>
         <value>0xae6a</value>
         <object_component_ref idref="oc-1cf"/>
      </symbol>
      <symbol id="sm-761">
         <name>_unlock</name>
         <value>0xae6c</value>
         <object_component_ref idref="oc-303"/>
      </symbol>
      <symbol id="sm-762">
         <name>_register_lock</name>
         <value>0xd</value>
         <object_component_ref idref="oc-24f"/>
      </symbol>
      <symbol id="sm-763">
         <name>_register_unlock</name>
         <value>0x9</value>
         <object_component_ref idref="oc-24f"/>
      </symbol>
      <symbol id="sm-772">
         <name>_args_main</name>
         <value>0xa7c9</value>
         <object_component_ref idref="oc-148"/>
      </symbol>
      <symbol id="sm-795">
         <name>__kernel_cos</name>
         <value>0x8ea0</value>
         <object_component_ref idref="oc-f6"/>
      </symbol>
      <symbol id="sm-7b8">
         <name>__kernel_sin</name>
         <value>0x867c</value>
         <object_component_ref idref="oc-e5"/>
      </symbol>
      <symbol id="sm-7db">
         <name>floorl</name>
         <value>0x9000</value>
         <object_component_ref idref="oc-1f4"/>
      </symbol>
      <symbol id="sm-7dc">
         <name>floor</name>
         <value>0x9000</value>
         <object_component_ref idref="oc-1f4"/>
      </symbol>
      <symbol id="sm-7fe">
         <name>scalbn</name>
         <value>0x9418</value>
         <object_component_ref idref="oc-1ee"/>
      </symbol>
      <symbol id="sm-7ff">
         <name>scalbnl</name>
         <value>0x9418</value>
         <object_component_ref idref="oc-1ee"/>
      </symbol>
      <symbol id="sm-800">
         <name>ldexpl</name>
         <value>0x9418</value>
         <object_component_ref idref="oc-1ee"/>
      </symbol>
      <symbol id="sm-801">
         <name>ldexp</name>
         <value>0x9418</value>
         <object_component_ref idref="oc-1ee"/>
      </symbol>
      <symbol id="sm-818">
         <name>__c28xabi_addd</name>
         <value>0x94c1</value>
         <object_component_ref idref="oc-159"/>
      </symbol>
      <symbol id="sm-824">
         <name>__c28xabi_cmpd</name>
         <value>0x9e1b</value>
         <object_component_ref idref="oc-173"/>
      </symbol>
      <symbol id="sm-82f">
         <name>__c28xabi_dtol</name>
         <value>0xa125</value>
         <object_component_ref idref="oc-166"/>
      </symbol>
      <symbol id="sm-837">
         <name>__c28xabi_orll</name>
         <value>0xa3a5</value>
         <object_component_ref idref="oc-161"/>
      </symbol>
      <symbol id="sm-838">
         <name>__c28xabi_xorll</name>
         <value>0xa3ad</value>
         <object_component_ref idref="oc-161"/>
      </symbol>
      <symbol id="sm-839">
         <name>__c28xabi_andll</name>
         <value>0xa39d</value>
         <object_component_ref idref="oc-161"/>
      </symbol>
      <symbol id="sm-843">
         <name>__c28xabi_modi</name>
         <value>0xa055</value>
         <object_component_ref idref="oc-1e3"/>
      </symbol>
      <symbol id="sm-844">
         <name>__c28xabi_divi</name>
         <value>0xa044</value>
         <object_component_ref idref="oc-1e3"/>
      </symbol>
      <symbol id="sm-850">
         <name>__c28xabi_ltod</name>
         <value>0xa29f</value>
         <object_component_ref idref="oc-16b"/>
      </symbol>
      <symbol id="sm-863">
         <name>memcpy</name>
         <value>0xa1f6</value>
         <object_component_ref idref="oc-52"/>
      </symbol>
      <symbol id="sm-870">
         <name>_system_post_cinit</name>
         <value>0x8fff</value>
         <object_component_ref idref="oc-20d"/>
      </symbol>
      <symbol id="sm-87b">
         <name>errno</name>
         <value>0xae6e</value>
         <object_component_ref idref="oc-26b"/>
      </symbol>
      <symbol id="sm-889">
         <name>copysign</name>
         <value>0x9f9c</value>
         <object_component_ref idref="oc-265"/>
      </symbol>
      <symbol id="sm-88a">
         <name>copysignl</name>
         <value>0x9f9c</value>
         <object_component_ref idref="oc-265"/>
      </symbol>
      <symbol id="sm-88c">
         <name>__c_args__</name>
         <value>0x0</value>
      </symbol>
   </symbol_table>
   <title>Link errors: red sections failed placement,available memory ranges in purple</title>
</link_info>
