<?xml version="1.0" encoding="ISO-8859-1" ?>
<link_info>
   <banner>TMS320C2000 Linker Unix v22.6.1A23259</banner>
   <copyright>Copyright (c) 1996-2018 Texas Instruments Incorporated</copyright>
   <link_time>0x66a319eb</link_time>
   <link_errors>0x0</link_errors>
   <output_file>Inverter_syscfg.out</output_file>
   <entry_point>
      <name>code_start</name>
      <address>0x0</address>
   </entry_point>
   <input_file_list>
      <input_file id="fl-2">
         <path>./syscfg/</path>
         <kind>object</kind>
         <file>board.obj</file>
         <name>board.obj</name>
      </input_file>
      <input_file id="fl-3">
         <path>./syscfg/</path>
         <kind>object</kind>
         <file>c2000ware_libraries.obj</file>
         <name>c2000ware_libraries.obj</name>
      </input_file>
      <input_file id="fl-4">
         <path>./</path>
         <kind>object</kind>
         <file>main.obj</file>
         <name>main.obj</name>
      </input_file>
      <input_file id="fl-5">
         <path>./device/</path>
         <kind>object</kind>
         <file>device.obj</file>
         <name>device.obj</name>
      </input_file>
      <input_file id="fl-6">
         <path>./device/</path>
         <kind>object</kind>
         <file>f28004x_codestartbranch.obj</file>
         <name>f28004x_codestartbranch.obj</name>
      </input_file>
      <input_file id="fl-c">
         <kind>object</kind>
         <file>&lt;internal&gt;</file>
         <name>&lt;internal&gt;</name>
      </input_file>
      <input_file id="fl-10">
         <path>/Applications/ti/c2000/C2000Ware_5_02_00_00/driverlib/f28004x/driverlib/ccs/Debug/</path>
         <kind>archive</kind>
         <file>driverlib_eabi.lib</file>
         <name>adc.obj</name>
      </input_file>
      <input_file id="fl-11">
         <path>/Applications/ti/c2000/C2000Ware_5_02_00_00/driverlib/f28004x/driverlib/ccs/Debug/</path>
         <kind>archive</kind>
         <file>driverlib_eabi.lib</file>
         <name>cputimer.obj</name>
      </input_file>
      <input_file id="fl-12">
         <path>/Applications/ti/c2000/C2000Ware_5_02_00_00/driverlib/f28004x/driverlib/ccs/Debug/</path>
         <kind>archive</kind>
         <file>driverlib_eabi.lib</file>
         <name>dcc.obj</name>
      </input_file>
      <input_file id="fl-13">
         <path>/Applications/ti/c2000/C2000Ware_5_02_00_00/driverlib/f28004x/driverlib/ccs/Debug/</path>
         <kind>archive</kind>
         <file>driverlib_eabi.lib</file>
         <name>gpio.obj</name>
      </input_file>
      <input_file id="fl-14">
         <path>/Applications/ti/c2000/C2000Ware_5_02_00_00/driverlib/f28004x/driverlib/ccs/Debug/</path>
         <kind>archive</kind>
         <file>driverlib_eabi.lib</file>
         <name>interrupt.obj</name>
      </input_file>
      <input_file id="fl-15">
         <path>/Applications/ti/c2000/C2000Ware_5_02_00_00/driverlib/f28004x/driverlib/ccs/Debug/</path>
         <kind>archive</kind>
         <file>driverlib_eabi.lib</file>
         <name>sysctl.obj</name>
      </input_file>
      <input_file id="fl-21">
         <path>/Applications/ti/ccstheia140/ccs/tools/compiler/ti-cgt-c2000_22.6.1A23259/lib/</path>
         <kind>archive</kind>
         <file>rts2800_fpu32_eabi.lib</file>
         <name>s_sin.c.obj</name>
      </input_file>
      <input_file id="fl-22">
         <path>/Applications/ti/ccstheia140/ccs/tools/compiler/ti-cgt-c2000_22.6.1A23259/lib/</path>
         <kind>archive</kind>
         <file>rts2800_fpu32_eabi.lib</file>
         <name>boot28.asm.obj</name>
      </input_file>
      <input_file id="fl-23">
         <path>/Applications/ti/ccstheia140/ccs/tools/compiler/ti-cgt-c2000_22.6.1A23259/lib/</path>
         <kind>archive</kind>
         <file>rts2800_fpu32_eabi.lib</file>
         <name>fd_neg28.asm.obj</name>
      </input_file>
      <input_file id="fl-24">
         <path>/Applications/ti/ccstheia140/ccs/tools/compiler/ti-cgt-c2000_22.6.1A23259/lib/</path>
         <kind>archive</kind>
         <file>rts2800_fpu32_eabi.lib</file>
         <name>fd_sub28.asm.obj</name>
      </input_file>
      <input_file id="fl-25">
         <path>/Applications/ti/ccstheia140/ccs/tools/compiler/ti-cgt-c2000_22.6.1A23259/lib/</path>
         <kind>archive</kind>
         <file>rts2800_fpu32_eabi.lib</file>
         <name>fd_toi28.asm.obj</name>
      </input_file>
      <input_file id="fl-26">
         <path>/Applications/ti/ccstheia140/ccs/tools/compiler/ti-cgt-c2000_22.6.1A23259/lib/</path>
         <kind>archive</kind>
         <file>rts2800_fpu32_eabi.lib</file>
         <name>fs_div28.asm.obj</name>
      </input_file>
      <input_file id="fl-27">
         <path>/Applications/ti/ccstheia140/ccs/tools/compiler/ti-cgt-c2000_22.6.1A23259/lib/</path>
         <kind>archive</kind>
         <file>rts2800_fpu32_eabi.lib</file>
         <name>ll_cmp28.asm.obj</name>
      </input_file>
      <input_file id="fl-28">
         <path>/Applications/ti/ccstheia140/ccs/tools/compiler/ti-cgt-c2000_22.6.1A23259/lib/</path>
         <kind>archive</kind>
         <file>rts2800_fpu32_eabi.lib</file>
         <name>fs_tofdfpu32.asm.obj</name>
      </input_file>
      <input_file id="fl-29">
         <path>/Applications/ti/ccstheia140/ccs/tools/compiler/ti-cgt-c2000_22.6.1A23259/lib/</path>
         <kind>archive</kind>
         <file>rts2800_fpu32_eabi.lib</file>
         <name>fd_tofsfpu32.asm.obj</name>
      </input_file>
      <input_file id="fl-2a">
         <path>/Applications/ti/ccstheia140/ccs/tools/compiler/ti-cgt-c2000_22.6.1A23259/lib/</path>
         <kind>archive</kind>
         <file>rts2800_fpu32_eabi.lib</file>
         <name>pre_init.c.obj</name>
      </input_file>
      <input_file id="fl-2b">
         <path>/Applications/ti/ccstheia140/ccs/tools/compiler/ti-cgt-c2000_22.6.1A23259/lib/</path>
         <kind>archive</kind>
         <file>rts2800_fpu32_eabi.lib</file>
         <name>autoinit.c.obj</name>
      </input_file>
      <input_file id="fl-2c">
         <path>/Applications/ti/ccstheia140/ccs/tools/compiler/ti-cgt-c2000_22.6.1A23259/lib/</path>
         <kind>archive</kind>
         <file>rts2800_fpu32_eabi.lib</file>
         <name>copy_zero_init.c.obj</name>
      </input_file>
      <input_file id="fl-2d">
         <path>/Applications/ti/ccstheia140/ccs/tools/compiler/ti-cgt-c2000_22.6.1A23259/lib/</path>
         <kind>archive</kind>
         <file>rts2800_fpu32_eabi.lib</file>
         <name>copy_decompress_none.c.obj</name>
      </input_file>
      <input_file id="fl-2e">
         <path>/Applications/ti/ccstheia140/ccs/tools/compiler/ti-cgt-c2000_22.6.1A23259/lib/</path>
         <kind>archive</kind>
         <file>rts2800_fpu32_eabi.lib</file>
         <name>copy_decompress_lzss.c.obj</name>
      </input_file>
      <input_file id="fl-2f">
         <path>/Applications/ti/ccstheia140/ccs/tools/compiler/ti-cgt-c2000_22.6.1A23259/lib/</path>
         <kind>archive</kind>
         <file>rts2800_fpu32_eabi.lib</file>
         <name>exit.c.obj</name>
      </input_file>
      <input_file id="fl-30">
         <path>/Applications/ti/ccstheia140/ccs/tools/compiler/ti-cgt-c2000_22.6.1A23259/lib/</path>
         <kind>archive</kind>
         <file>rts2800_fpu32_eabi.lib</file>
         <name>_lock.c.obj</name>
      </input_file>
      <input_file id="fl-31">
         <path>/Applications/ti/ccstheia140/ccs/tools/compiler/ti-cgt-c2000_22.6.1A23259/lib/</path>
         <kind>archive</kind>
         <file>rts2800_fpu32_eabi.lib</file>
         <name>args_main.c.obj</name>
      </input_file>
      <input_file id="fl-32">
         <path>/Applications/ti/ccstheia140/ccs/tools/compiler/ti-cgt-c2000_22.6.1A23259/lib/</path>
         <kind>archive</kind>
         <file>rts2800_fpu32_eabi.lib</file>
         <name>memset.c.obj</name>
      </input_file>
      <input_file id="fl-33">
         <path>/Applications/ti/ccstheia140/ccs/tools/compiler/ti-cgt-c2000_22.6.1A23259/lib/</path>
         <kind>archive</kind>
         <file>rts2800_fpu32_eabi.lib</file>
         <name>e_rem_pio2.c.obj</name>
      </input_file>
      <input_file id="fl-34">
         <path>/Applications/ti/ccstheia140/ccs/tools/compiler/ti-cgt-c2000_22.6.1A23259/lib/</path>
         <kind>archive</kind>
         <file>rts2800_fpu32_eabi.lib</file>
         <name>k_rem_pio2.c.obj</name>
      </input_file>
      <input_file id="fl-35">
         <path>/Applications/ti/ccstheia140/ccs/tools/compiler/ti-cgt-c2000_22.6.1A23259/lib/</path>
         <kind>archive</kind>
         <file>rts2800_fpu32_eabi.lib</file>
         <name>k_cos.c.obj</name>
      </input_file>
      <input_file id="fl-36">
         <path>/Applications/ti/ccstheia140/ccs/tools/compiler/ti-cgt-c2000_22.6.1A23259/lib/</path>
         <kind>archive</kind>
         <file>rts2800_fpu32_eabi.lib</file>
         <name>k_sin.c.obj</name>
      </input_file>
      <input_file id="fl-37">
         <path>/Applications/ti/ccstheia140/ccs/tools/compiler/ti-cgt-c2000_22.6.1A23259/lib/</path>
         <kind>archive</kind>
         <file>rts2800_fpu32_eabi.lib</file>
         <name>s_floor.c.obj</name>
      </input_file>
      <input_file id="fl-38">
         <path>/Applications/ti/ccstheia140/ccs/tools/compiler/ti-cgt-c2000_22.6.1A23259/lib/</path>
         <kind>archive</kind>
         <file>rts2800_fpu32_eabi.lib</file>
         <name>s_scalbn.c.obj</name>
      </input_file>
      <input_file id="fl-39">
         <path>/Applications/ti/ccstheia140/ccs/tools/compiler/ti-cgt-c2000_22.6.1A23259/lib/</path>
         <kind>archive</kind>
         <file>rts2800_fpu32_eabi.lib</file>
         <name>s_copysign.c.obj</name>
      </input_file>
      <input_file id="fl-3a">
         <path>/Applications/ti/ccstheia140/ccs/tools/compiler/ti-cgt-c2000_22.6.1A23259/lib/</path>
         <kind>archive</kind>
         <file>rts2800_fpu32_eabi.lib</file>
         <name>fd_add28.asm.obj</name>
      </input_file>
      <input_file id="fl-3b">
         <path>/Applications/ti/ccstheia140/ccs/tools/compiler/ti-cgt-c2000_22.6.1A23259/lib/</path>
         <kind>archive</kind>
         <file>rts2800_fpu32_eabi.lib</file>
         <name>fd_cmp28.asm.obj</name>
      </input_file>
      <input_file id="fl-3c">
         <path>/Applications/ti/ccstheia140/ccs/tools/compiler/ti-cgt-c2000_22.6.1A23259/lib/</path>
         <kind>archive</kind>
         <file>rts2800_fpu32_eabi.lib</file>
         <name>fd_mpy28.asm.obj</name>
      </input_file>
      <input_file id="fl-3d">
         <path>/Applications/ti/ccstheia140/ccs/tools/compiler/ti-cgt-c2000_22.6.1A23259/lib/</path>
         <kind>archive</kind>
         <file>rts2800_fpu32_eabi.lib</file>
         <name>fd_tol28.asm.obj</name>
      </input_file>
      <input_file id="fl-3e">
         <path>/Applications/ti/ccstheia140/ccs/tools/compiler/ti-cgt-c2000_22.6.1A23259/lib/</path>
         <kind>archive</kind>
         <file>rts2800_fpu32_eabi.lib</file>
         <name>ll_aox28.asm.obj</name>
      </input_file>
      <input_file id="fl-3f">
         <path>/Applications/ti/ccstheia140/ccs/tools/compiler/ti-cgt-c2000_22.6.1A23259/lib/</path>
         <kind>archive</kind>
         <file>rts2800_fpu32_eabi.lib</file>
         <name>i_div28.asm.obj</name>
      </input_file>
      <input_file id="fl-40">
         <path>/Applications/ti/ccstheia140/ccs/tools/compiler/ti-cgt-c2000_22.6.1A23259/lib/</path>
         <kind>archive</kind>
         <file>rts2800_fpu32_eabi.lib</file>
         <name>l_tofd28.asm.obj</name>
      </input_file>
      <input_file id="fl-41">
         <path>/Applications/ti/ccstheia140/ccs/tools/compiler/ti-cgt-c2000_22.6.1A23259/lib/</path>
         <kind>archive</kind>
         <file>rts2800_fpu32_eabi.lib</file>
         <name>cpy_tbl.c.obj</name>
      </input_file>
      <input_file id="fl-42">
         <path>/Applications/ti/ccstheia140/ccs/tools/compiler/ti-cgt-c2000_22.6.1A23259/lib/</path>
         <kind>archive</kind>
         <file>rts2800_fpu32_eabi.lib</file>
         <name>memcpy.c.obj</name>
      </input_file>
      <input_file id="fl-43">
         <path>/Applications/ti/ccstheia140/ccs/tools/compiler/ti-cgt-c2000_22.6.1A23259/lib/</path>
         <kind>archive</kind>
         <file>rts2800_fpu32_eabi.lib</file>
         <name>startup.c.obj</name>
      </input_file>
      <input_file id="fl-44">
         <path>/Applications/ti/ccstheia140/ccs/tools/compiler/ti-cgt-c2000_22.6.1A23259/lib/</path>
         <kind>archive</kind>
         <file>rts2800_fpu32_eabi.lib</file>
         <name>errno.c.obj</name>
      </input_file>
   </input_file_list>
   <object_component_list>
      <object_component id="oc-20">
         <name>codestart</name>
         <load_address>0x0</load_address>
         <run_address>0x0</run_address>
         <size>0x2</size>
         <input_file_ref idref="fl-6"/>
      </object_component>
      <object_component id="oc-2ff">
         <name>.TI.ramfunc</name>
         <load_address>0xf6</load_address>
         <run_address>0xf6</run_address>
         <size>0x4</size>
         <input_file_ref idref="fl-15"/>
      </object_component>
      <object_component id="oc-157">
         <name>.text</name>
         <load_address>0x8000</load_address>
         <run_address>0x8000</run_address>
         <size>0x67c</size>
         <input_file_ref idref="fl-34"/>
      </object_component>
      <object_component id="oc-cb">
         <name>.text</name>
         <load_address>0x867c</load_address>
         <run_address>0x867c</run_address>
         <size>0x125</size>
         <input_file_ref idref="fl-36"/>
      </object_component>
      <object_component id="oc-26c">
         <name>.text:SysCtl_getClock</name>
         <load_address>0x87a1</load_address>
         <run_address>0x87a1</run_address>
         <size>0x5e</size>
         <input_file_ref idref="fl-15"/>
      </object_component>
      <object_component id="oc-219">
         <name>.text:C2000Ware_libraries_init</name>
         <load_address>0x87ff</load_address>
         <run_address>0x87ff</run_address>
         <size>0x1</size>
         <input_file_ref idref="fl-3"/>
      </object_component>
      <object_component id="oc-d6">
         <name>.text</name>
         <load_address>0x8800</load_address>
         <run_address>0x8800</run_address>
         <size>0x431</size>
         <input_file_ref idref="fl-33"/>
      </object_component>
      <object_component id="oc-2c4">
         <name>.text:EPWM_init</name>
         <load_address>0x8c31</load_address>
         <run_address>0x8c31</run_address>
         <size>0x26a</size>
         <input_file_ref idref="fl-2"/>
      </object_component>
      <object_component id="oc-dc">
         <name>.text</name>
         <load_address>0x8e9b</load_address>
         <run_address>0x8e9b</run_address>
         <size>0x113</size>
         <input_file_ref idref="fl-35"/>
      </object_component>
      <object_component id="oc-28b">
         <name>.text:GPIO_setPadConfig</name>
         <load_address>0x8fae</load_address>
         <run_address>0x8fae</run_address>
         <size>0x52</size>
         <input_file_ref idref="fl-13"/>
      </object_component>
      <object_component id="oc-1d3">
         <name>.text</name>
         <load_address>0x9000</load_address>
         <run_address>0x9000</run_address>
         <size>0xe8</size>
         <input_file_ref idref="fl-37"/>
      </object_component>
      <object_component id="oc-27f">
         <name>.text:Device_enableAllPeripherals</name>
         <load_address>0x90e8</load_address>
         <run_address>0x90e8</run_address>
         <size>0xe0</size>
         <input_file_ref idref="fl-5"/>
      </object_component>
      <object_component id="oc-75">
         <name>.text</name>
         <load_address>0x91c8</load_address>
         <run_address>0x91c8</run_address>
         <size>0xcb</size>
         <input_file_ref idref="fl-21"/>
      </object_component>
      <object_component id="oc-260">
         <name>.text:SysCtl_setClock</name>
         <load_address>0x9293</load_address>
         <run_address>0x9293</run_address>
         <size>0xc8</size>
         <input_file_ref idref="fl-15"/>
      </object_component>
      <object_component id="oc-300">
         <name>.text:SysCtl_isPLLValid</name>
         <load_address>0x935b</load_address>
         <run_address>0x935b</run_address>
         <size>0xbd</size>
         <input_file_ref idref="fl-15"/>
      </object_component>
      <object_component id="oc-1cd">
         <name>.text</name>
         <load_address>0x9418</load_address>
         <run_address>0x9418</run_address>
         <size>0xa9</size>
         <input_file_ref idref="fl-38"/>
      </object_component>
      <object_component id="oc-138">
         <name>.text</name>
         <load_address>0x94c1</load_address>
         <run_address>0x94c1</run_address>
         <size>0x9c</size>
         <input_file_ref idref="fl-3a"/>
      </object_component>
      <object_component id="oc-130">
         <name>.text</name>
         <load_address>0x955d</load_address>
         <run_address>0x955d</run_address>
         <size>0x83</size>
         <input_file_ref idref="fl-3c"/>
      </object_component>
      <object_component id="oc-3cd">
         <name>.text:EPWM_setADCTriggerSource</name>
         <load_address>0x95e0</load_address>
         <run_address>0x95e0</run_address>
         <size>0x75</size>
         <input_file_ref idref="fl-2"/>
      </object_component>
      <object_component id="oc-44e">
         <name>.text:DCC_setCounterSeeds</name>
         <load_address>0x9655</load_address>
         <run_address>0x9655</run_address>
         <size>0x73</size>
         <input_file_ref idref="fl-15"/>
      </object_component>
      <object_component id="oc-2a6">
         <name>.text:PinMux_init</name>
         <load_address>0x96c8</load_address>
         <run_address>0x96c8</run_address>
         <size>0x5a</size>
         <input_file_ref idref="fl-2"/>
      </object_component>
      <object_component id="oc-25">
         <name>.text:INT_myCPUTIMER0_ISR</name>
         <load_address>0x9722</load_address>
         <run_address>0x9722</run_address>
         <size>0x59</size>
         <input_file_ref idref="fl-4"/>
      </object_component>
      <object_component id="oc-201">
         <name>.text:Device_init</name>
         <load_address>0x977b</load_address>
         <run_address>0x977b</run_address>
         <size>0x51</size>
         <input_file_ref idref="fl-5"/>
      </object_component>
      <object_component id="oc-291">
         <name>.text:GPIO_setDirectionMode</name>
         <load_address>0x97cc</load_address>
         <run_address>0x97cc</run_address>
         <size>0x31</size>
         <input_file_ref idref="fl-13"/>
      </object_component>
      <object_component id="oc-2b8">
         <name>.text:ADC_init</name>
         <load_address>0x97fd</load_address>
         <run_address>0x97fd</run_address>
         <size>0x3</size>
         <input_file_ref idref="fl-2"/>
      </object_component>
      <object_component id="oc-47e">
         <name>.text:ADC_setVREF</name>
         <load_address>0x9800</load_address>
         <run_address>0x9800</run_address>
         <size>0x4c</size>
         <input_file_ref idref="fl-10"/>
      </object_component>
      <object_component id="oc-2f9">
         <name>.text:SysCtl_selectOscSource</name>
         <load_address>0x984c</load_address>
         <run_address>0x984c</run_address>
         <size>0x49</size>
         <input_file_ref idref="fl-15"/>
      </object_component>
      <object_component id="oc-353">
         <name>.text:myADCA_init</name>
         <load_address>0x9895</load_address>
         <run_address>0x9895</run_address>
         <size>0x49</size>
         <input_file_ref idref="fl-2"/>
      </object_component>
      <object_component id="oc-31">
         <name>.text:INT_myADCA_1_ISR</name>
         <load_address>0x98de</load_address>
         <run_address>0x98de</run_address>
         <size>0x48</size>
         <input_file_ref idref="fl-4"/>
      </object_component>
      <object_component id="oc-4a2">
         <name>.text:ADC_setupSOC</name>
         <load_address>0x9926</load_address>
         <run_address>0x9926</run_address>
         <size>0x46</size>
         <input_file_ref idref="fl-2"/>
      </object_component>
      <object_component id="oc-519">
         <name>.text:SysCtl_pollX1Counter</name>
         <load_address>0x996c</load_address>
         <run_address>0x996c</run_address>
         <size>0x45</size>
         <input_file_ref idref="fl-15"/>
      </object_component>
      <object_component id="oc-3a3">
         <name>.text:EPWM_setActionQualifierAction</name>
         <load_address>0x99b1</load_address>
         <run_address>0x99b1</run_address>
         <size>0x40</size>
         <input_file_ref idref="fl-2"/>
      </object_component>
      <object_component id="oc-411">
         <name>.text:SysCtl_selectXTAL</name>
         <load_address>0x99f1</load_address>
         <run_address>0x99f1</run_address>
         <size>0x40</size>
         <input_file_ref idref="fl-15"/>
      </object_component>
      <object_component id="oc-39d">
         <name>.text:EPWM_setCounterCompareShadowLoadMode</name>
         <load_address>0x9a31</load_address>
         <run_address>0x9a31</run_address>
         <size>0x3e</size>
         <input_file_ref idref="fl-2"/>
      </object_component>
      <object_component id="oc-20d">
         <name>.text:Interrupt_initModule</name>
         <load_address>0x9a6f</load_address>
         <run_address>0x9a6f</run_address>
         <size>0x3d</size>
         <input_file_ref idref="fl-14"/>
      </object_component>
      <object_component id="oc-3d3">
         <name>.text:EPWM_setADCTriggerEventPrescale</name>
         <load_address>0x9aac</load_address>
         <run_address>0x9aac</run_address>
         <size>0x3a</size>
         <input_file_ref idref="fl-2"/>
      </object_component>
      <object_component id="oc-297">
         <name>.text:GPIO_setAnalogMode</name>
         <load_address>0x9ae6</load_address>
         <run_address>0x9ae6</run_address>
         <size>0x3a</size>
         <input_file_ref idref="fl-13"/>
      </object_component>
      <object_component id="oc-512">
         <name>.text:GPIO_setControllerCore</name>
         <load_address>0x9b20</load_address>
         <run_address>0x9b20</run_address>
         <size>0x37</size>
         <input_file_ref idref="fl-13"/>
      </object_component>
      <object_component id="oc-320">
         <name>.text:GPIO_setPinConfig</name>
         <load_address>0x9b57</load_address>
         <run_address>0x9b57</run_address>
         <size>0x37</size>
         <input_file_ref idref="fl-13"/>
      </object_component>
      <object_component id="oc-326">
         <name>.text:GPIO_setQualificationMode</name>
         <load_address>0x9b8e</load_address>
         <run_address>0x9b8e</run_address>
         <size>0x37</size>
         <input_file_ref idref="fl-13"/>
      </object_component>
      <object_component id="oc-8c">
         <name>.text:Interrupt_enable</name>
         <load_address>0x9bc5</load_address>
         <run_address>0x9bc5</run_address>
         <size>0x37</size>
         <input_file_ref idref="fl-14"/>
      </object_component>
      <object_component id="oc-13">
         <name>.text:decompress:lzss</name>
         <load_address>0x9bfc</load_address>
         <run_address>0x9bfc</run_address>
         <size>0x30</size>
         <input_file_ref idref="fl-2e"/>
      </object_component>
      <object_component id="oc-4ae">
         <name>.text:ADC_setInterruptSource</name>
         <load_address>0x9c2c</load_address>
         <run_address>0x9c2c</run_address>
         <size>0x2f</size>
         <input_file_ref idref="fl-2"/>
      </object_component>
      <object_component id="oc-4a8">
         <name>.text:ADC_setInterruptSOCTrigger</name>
         <load_address>0x9c5b</load_address>
         <run_address>0x9c5b</run_address>
         <size>0x2e</size>
         <input_file_ref idref="fl-2"/>
      </object_component>
      <object_component id="oc-1a2">
         <name>.text:main</name>
         <load_address>0x9c89</load_address>
         <run_address>0x9c89</run_address>
         <size>0x2e</size>
         <input_file_ref idref="fl-4"/>
      </object_component>
      <object_component id="oc-3eb">
         <name>.text:EPWM_setDeadBandDelayMode</name>
         <load_address>0x9cb7</load_address>
         <run_address>0x9cb7</run_address>
         <size>0x2c</size>
         <input_file_ref idref="fl-2"/>
      </object_component>
      <object_component id="oc-4f2">
         <name>.text:EPWM_isBaseValid</name>
         <load_address>0x9ce3</load_address>
         <run_address>0x9ce3</run_address>
         <size>0x2b</size>
         <input_file_ref idref="fl-2"/>
      </object_component>
      <object_component id="oc-172">
         <name>.text:__TI_auto_init_nobinit_nopinit</name>
         <load_address>0x9d0e</load_address>
         <run_address>0x9d0e</run_address>
         <size>0x2b</size>
         <input_file_ref idref="fl-2b"/>
      </object_component>
      <object_component id="oc-152">
         <name>.text</name>
         <load_address>0x9d39</load_address>
         <run_address>0x9d39</run_address>
         <size>0x2a</size>
         <input_file_ref idref="fl-3b"/>
      </object_component>
      <object_component id="oc-128">
         <name>.text</name>
         <load_address>0x9d63</load_address>
         <run_address>0x9d63</run_address>
         <size>0x29</size>
         <input_file_ref idref="fl-2f"/>
      </object_component>
      <object_component id="oc-541">
         <name>.text:ADC_setOffsetTrimAll</name>
         <load_address>0x9d8c</load_address>
         <run_address>0x9d8c</run_address>
         <size>0x28</size>
         <input_file_ref idref="fl-10"/>
      </object_component>
      <object_component id="oc-38b">
         <name>.text:EPWM_setSyncOutPulseMode</name>
         <load_address>0x9db4</load_address>
         <run_address>0x9db4</run_address>
         <size>0x27</size>
         <input_file_ref idref="fl-2"/>
      </object_component>
      <object_component id="oc-391">
         <name>.text:HRPWM_setSyncPulseSource</name>
         <load_address>0x9ddb</load_address>
         <run_address>0x9ddb</run_address>
         <size>0x27</size>
         <input_file_ref idref="fl-2"/>
      </object_component>
      <object_component id="oc-333">
         <name>.text:SysCtl_setSyncInputConfig</name>
         <load_address>0x9e02</load_address>
         <run_address>0x9e02</run_address>
         <size>0x27</size>
         <input_file_ref idref="fl-2"/>
      </object_component>
      <object_component id="oc-417">
         <name>.text:SysCtl_selectXTALSingleEnded</name>
         <load_address>0x9e29</load_address>
         <run_address>0x9e29</run_address>
         <size>0x25</size>
         <input_file_ref idref="fl-15"/>
      </object_component>
      <object_component id="oc-454">
         <name>.text:DCC_enableSingleShotMode</name>
         <load_address>0x9e4e</load_address>
         <run_address>0x9e4e</run_address>
         <size>0x24</size>
         <input_file_ref idref="fl-15"/>
      </object_component>
      <object_component id="oc-3e5">
         <name>.text:EPWM_setDeadBandDelayPolarity</name>
         <load_address>0x9e72</load_address>
         <run_address>0x9e72</run_address>
         <size>0x24</size>
         <input_file_ref idref="fl-2"/>
      </object_component>
      <object_component id="oc-35a">
         <name>.text:myCPUTIMER0_init</name>
         <load_address>0x9e96</load_address>
         <run_address>0x9e96</run_address>
         <size>0x24</size>
         <input_file_ref idref="fl-2"/>
      </object_component>
      <object_component id="oc-23e">
         <name>.text</name>
         <load_address>0x9eba</load_address>
         <run_address>0x9eba</run_address>
         <size>0x24</size>
         <input_file_ref idref="fl-39"/>
      </object_component>
      <object_component id="oc-7b">
         <name>.text</name>
         <load_address>0x9ede</load_address>
         <run_address>0x9ede</run_address>
         <size>0x23</size>
         <input_file_ref idref="fl-29"/>
      </object_component>
      <object_component id="oc-397">
         <name>.text:EPWM_setCounterCompareValue</name>
         <load_address>0x9f01</load_address>
         <run_address>0x9f01</run_address>
         <size>0x22</size>
         <input_file_ref idref="fl-2"/>
      </object_component>
      <object_component id="oc-1c2">
         <name>.text</name>
         <load_address>0x9f23</load_address>
         <run_address>0x9f23</run_address>
         <size>0x22</size>
         <input_file_ref idref="fl-3f"/>
      </object_component>
      <object_component id="oc-4ba">
         <name>.text:ADC_disableContinuousMode</name>
         <load_address>0x9f45</load_address>
         <run_address>0x9f45</run_address>
         <size>0x21</size>
         <input_file_ref idref="fl-2"/>
      </object_component>
      <object_component id="oc-c5">
         <name>.text</name>
         <load_address>0x9f66</load_address>
         <run_address>0x9f66</run_address>
         <size>0x21</size>
         <input_file_ref idref="fl-25"/>
      </object_component>
      <object_component id="oc-4c0">
         <name>.text:ADC_enableInterrupt</name>
         <load_address>0x9f87</load_address>
         <run_address>0x9f87</run_address>
         <size>0x20</size>
         <input_file_ref idref="fl-2"/>
      </object_component>
      <object_component id="oc-3b5">
         <name>.text:EPWM_setFallingEdgeDelayCountShadowLoadMode</name>
         <load_address>0x9fa7</load_address>
         <run_address>0x9fa7</run_address>
         <size>0x1f</size>
         <input_file_ref idref="fl-2"/>
      </object_component>
      <object_component id="oc-3a9">
         <name>.text:EPWM_setRisingEdgeDelayCountShadowLoadMode</name>
         <load_address>0x9fc6</load_address>
         <run_address>0x9fc6</run_address>
         <size>0x1f</size>
         <input_file_ref idref="fl-2"/>
      </object_component>
      <object_component id="oc-96">
         <name>.text:ADC_readResult</name>
         <load_address>0x9fe5</load_address>
         <run_address>0x9fe5</run_address>
         <size>0x1a</size>
         <input_file_ref idref="fl-4"/>
      </object_component>
      <object_component id="oc-1ec">
         <name>.text</name>
         <load_address>0x9fff</load_address>
         <run_address>0x9fff</run_address>
         <size>0x1</size>
         <input_file_ref idref="fl-43"/>
      </object_component>
      <object_component id="oc-145">
         <name>.text</name>
         <load_address>0xa000</load_address>
         <run_address>0xa000</run_address>
         <size>0x1f</size>
         <input_file_ref idref="fl-3d"/>
      </object_component>
      <object_component id="oc-448">
         <name>.text:DCC_setCounter1ClkSource</name>
         <load_address>0xa01f</load_address>
         <run_address>0xa01f</run_address>
         <size>0x1e</size>
         <input_file_ref idref="fl-15"/>
      </object_component>
      <object_component id="oc-37f">
         <name>.text:EPWM_setPhaseShift</name>
         <load_address>0xa03d</load_address>
         <run_address>0xa03d</run_address>
         <size>0x1e</size>
         <input_file_ref idref="fl-2"/>
      </object_component>
      <object_component id="oc-38">
         <name>.text:Interrupt_initVectorTable</name>
         <load_address>0xa05b</load_address>
         <run_address>0xa05b</run_address>
         <size>0x1e</size>
         <input_file_ref idref="fl-14"/>
      </object_component>
      <object_component id="oc-2ac">
         <name>.text:SYNC_init</name>
         <load_address>0xa079</load_address>
         <run_address>0xa079</run_address>
         <size>0x1e</size>
         <input_file_ref idref="fl-2"/>
      </object_component>
      <object_component id="oc-3f7">
         <name>.text:EPWM_setFallingEdgeDelayCount</name>
         <load_address>0xa097</load_address>
         <run_address>0xa097</run_address>
         <size>0x1d</size>
         <input_file_ref idref="fl-2"/>
      </object_component>
      <object_component id="oc-3f1">
         <name>.text:EPWM_setRisingEdgeDelayCount</name>
         <load_address>0xa0b4</load_address>
         <run_address>0xa0b4</run_address>
         <size>0x1d</size>
         <input_file_ref idref="fl-2"/>
      </object_component>
      <object_component id="oc-52">
         <name>.text</name>
         <load_address>0xa0d1</load_address>
         <run_address>0xa0d1</run_address>
         <size>0x1d</size>
         <input_file_ref idref="fl-42"/>
      </object_component>
      <object_component id="oc-49c">
         <name>.text:ADC_setSOCPriority</name>
         <load_address>0xa0ee</load_address>
         <run_address>0xa0ee</run_address>
         <size>0x1c</size>
         <input_file_ref idref="fl-2"/>
      </object_component>
      <object_component id="oc-442">
         <name>.text:DCC_setCounter0ClkSource</name>
         <load_address>0xa10a</load_address>
         <run_address>0xa10a</run_address>
         <size>0x1c</size>
         <input_file_ref idref="fl-15"/>
      </object_component>
      <object_component id="oc-3c7">
         <name>.text:EPWM_enableADCTrigger</name>
         <load_address>0xa126</load_address>
         <run_address>0xa126</run_address>
         <size>0x1c</size>
         <input_file_ref idref="fl-2"/>
      </object_component>
      <object_component id="oc-361">
         <name>.text:EPWM_setClockPrescaler</name>
         <load_address>0xa142</load_address>
         <run_address>0xa142</run_address>
         <size>0x1c</size>
         <input_file_ref idref="fl-2"/>
      </object_component>
      <object_component id="oc-70">
         <name>.text</name>
         <load_address>0xa15e</load_address>
         <run_address>0xa15e</run_address>
         <size>0x1c</size>
         <input_file_ref idref="fl-28"/>
      </object_component>
      <object_component id="oc-14a">
         <name>.text</name>
         <load_address>0xa17a</load_address>
         <run_address>0xa17a</run_address>
         <size>0x1c</size>
         <input_file_ref idref="fl-40"/>
      </object_component>
      <object_component id="oc-34c">
         <name>.text:ASysCtl_setAnalogReference1P65</name>
         <load_address>0xa196</load_address>
         <run_address>0xa196</run_address>
         <size>0x1a</size>
         <input_file_ref idref="fl-2"/>
      </object_component>
      <object_component id="oc-4eb">
         <name>.text:CPUTimer_startTimer</name>
         <load_address>0xa1b0</load_address>
         <run_address>0xa1b0</run_address>
         <size>0x1a</size>
         <input_file_ref idref="fl-2"/>
      </object_component>
      <object_component id="oc-273">
         <name>.text:SysCtl_getLowSpeedClock</name>
         <load_address>0xa1ca</load_address>
         <run_address>0xa1ca</run_address>
         <size>0x1a</size>
         <input_file_ref idref="fl-15"/>
      </object_component>
      <object_component id="oc-3d9">
         <name>.text:EPWM_setCountModeAfterSync</name>
         <load_address>0xa1e4</load_address>
         <run_address>0xa1e4</run_address>
         <size>0x19</size>
         <input_file_ref idref="fl-2"/>
      </object_component>
      <object_component id="oc-26">
         <name>.text:INTERRUPT_init</name>
         <load_address>0xa1fd</load_address>
         <run_address>0xa1fd</run_address>
         <size>0x19</size>
         <input_file_ref idref="fl-2"/>
      </object_component>
      <object_component id="oc-346">
         <name>.text:ASysCtl_setAnalogReferenceInternal</name>
         <load_address>0xa216</load_address>
         <run_address>0xa216</run_address>
         <size>0x18</size>
         <input_file_ref idref="fl-2"/>
      </object_component>
      <object_component id="oc-3bb">
         <name>.text:EPWM_disableFallingEdgeDelayCountShadowLoadMode</name>
         <load_address>0xa22e</load_address>
         <run_address>0xa22e</run_address>
         <size>0x18</size>
         <input_file_ref idref="fl-2"/>
      </object_component>
      <object_component id="oc-3af">
         <name>.text:EPWM_disableRisingEdgeDelayCountShadowLoadMode</name>
         <load_address>0xa246</load_address>
         <run_address>0xa246</run_address>
         <size>0x18</size>
         <input_file_ref idref="fl-2"/>
      </object_component>
      <object_component id="oc-140">
         <name>.text</name>
         <load_address>0xa25e</load_address>
         <run_address>0xa25e</run_address>
         <size>0x18</size>
         <input_file_ref idref="fl-3e"/>
      </object_component>
      <object_component id="oc-549">
         <name>.text:ADC_isBaseValid</name>
         <load_address>0xa276</load_address>
         <run_address>0xa276</run_address>
         <size>0x17</size>
         <input_file_ref idref="fl-2"/>
      </object_component>
      <object_component id="oc-53a">
         <name>.text:ADC_isBaseValid</name>
         <load_address>0xa28d</load_address>
         <run_address>0xa28d</run_address>
         <size>0x17</size>
         <input_file_ref idref="fl-10"/>
      </object_component>
      <object_component id="oc-109">
         <name>.text:ADC_isBaseValid</name>
         <load_address>0xa2a4</load_address>
         <run_address>0xa2a4</run_address>
         <size>0x17</size>
         <input_file_ref idref="fl-4"/>
      </object_component>
      <object_component id="oc-563">
         <name>.text:CPUTimer_isBaseValid</name>
         <load_address>0xa2bb</load_address>
         <run_address>0xa2bb</run_address>
         <size>0x17</size>
         <input_file_ref idref="fl-2"/>
      </object_component>
      <object_component id="oc-55a">
         <name>.text:CPUTimer_isBaseValid</name>
         <load_address>0xa2d2</load_address>
         <run_address>0xa2d2</run_address>
         <size>0x17</size>
         <input_file_ref idref="fl-11"/>
      </object_component>
      <object_component id="oc-4cd">
         <name>.text:CPUTimer_setPreScaler</name>
         <load_address>0xa2e9</load_address>
         <run_address>0xa2e9</run_address>
         <size>0x17</size>
         <input_file_ref idref="fl-2"/>
      </object_component>
      <object_component id="oc-30c">
         <name>.text:SysCtl_enablePeripheral</name>
         <load_address>0xa300</load_address>
         <run_address>0xa300</run_address>
         <size>0x17</size>
         <input_file_ref idref="fl-5"/>
      </object_component>
      <object_component id="oc-41e">
         <name>.text:SysCtl_enablePeripheral</name>
         <load_address>0xa317</load_address>
         <run_address>0xa317</run_address>
         <size>0x17</size>
         <input_file_ref idref="fl-15"/>
      </object_component>
      <object_component id="oc-bc">
         <name>.text</name>
         <load_address>0xa32e</load_address>
         <run_address>0xa32e</run_address>
         <size>0x17</size>
         <input_file_ref idref="fl-22"/>
      </object_component>
      <object_component id="oc-48a">
         <name>.text:ADC_setInterruptPulseMode</name>
         <load_address>0xa345</load_address>
         <run_address>0xa345</run_address>
         <size>0x16</size>
         <input_file_ref idref="fl-2"/>
      </object_component>
      <object_component id="oc-484">
         <name>.text:ADC_setPrescaler</name>
         <load_address>0xa35b</load_address>
         <run_address>0xa35b</run_address>
         <size>0x16</size>
         <input_file_ref idref="fl-2"/>
      </object_component>
      <object_component id="oc-43c">
         <name>.text:DCC_disableDoneSignal</name>
         <load_address>0xa371</load_address>
         <run_address>0xa371</run_address>
         <size>0x16</size>
         <input_file_ref idref="fl-15"/>
      </object_component>
      <object_component id="oc-460">
         <name>.text:DCC_enableDoneSignal</name>
         <load_address>0xa387</load_address>
         <run_address>0xa387</run_address>
         <size>0x16</size>
         <input_file_ref idref="fl-15"/>
      </object_component>
      <object_component id="oc-37">
         <name>.text:Interrupt_defaultHandler</name>
         <load_address>0xa39d</load_address>
         <run_address>0xa39d</run_address>
         <size>0x16</size>
         <input_file_ref idref="fl-14"/>
      </object_component>
      <object_component id="oc-496">
         <name>.text:ADC_disableBurstMode</name>
         <load_address>0xa3b3</load_address>
         <run_address>0xa3b3</run_address>
         <size>0x15</size>
         <input_file_ref idref="fl-2"/>
      </object_component>
      <object_component id="oc-4d9">
         <name>.text:CPUTimer_enableInterrupt</name>
         <load_address>0xa3c8</load_address>
         <run_address>0xa3c8</run_address>
         <size>0x15</size>
         <input_file_ref idref="fl-2"/>
      </object_component>
      <object_component id="oc-42a">
         <name>.text:DCC_clearDoneFlag</name>
         <load_address>0xa3dd</load_address>
         <run_address>0xa3dd</run_address>
         <size>0x15</size>
         <input_file_ref idref="fl-15"/>
      </object_component>
      <object_component id="oc-424">
         <name>.text:DCC_clearErrorFlag</name>
         <load_address>0xa3f2</load_address>
         <run_address>0xa3f2</run_address>
         <size>0x15</size>
         <input_file_ref idref="fl-15"/>
      </object_component>
      <object_component id="oc-436">
         <name>.text:DCC_disableErrorSignal</name>
         <load_address>0xa407</load_address>
         <run_address>0xa407</run_address>
         <size>0x15</size>
         <input_file_ref idref="fl-15"/>
      </object_component>
      <object_component id="oc-45a">
         <name>.text:DCC_enableErrorSignal</name>
         <load_address>0xa41c</load_address>
         <run_address>0xa41c</run_address>
         <size>0x15</size>
         <input_file_ref idref="fl-15"/>
      </object_component>
      <object_component id="oc-29e">
         <name>.text:GPIO_unlockPortConfig</name>
         <load_address>0xa431</load_address>
         <run_address>0xa431</run_address>
         <size>0x15</size>
         <input_file_ref idref="fl-5"/>
      </object_component>
      <object_component id="oc-4b4">
         <name>.text:ADC_clearInterruptStatus</name>
         <load_address>0xa446</load_address>
         <run_address>0xa446</run_address>
         <size>0x14</size>
         <input_file_ref idref="fl-2"/>
      </object_component>
      <object_component id="oc-9f">
         <name>.text:ADC_clearInterruptStatus</name>
         <load_address>0xa45a</load_address>
         <run_address>0xa45a</run_address>
         <size>0x14</size>
         <input_file_ref idref="fl-4"/>
      </object_component>
      <object_component id="oc-4e5">
         <name>.text:CPUTimer_reloadTimerCounter</name>
         <load_address>0xa46e</load_address>
         <run_address>0xa46e</run_address>
         <size>0x14</size>
         <input_file_ref idref="fl-2"/>
      </object_component>
      <object_component id="oc-4df">
         <name>.text:CPUTimer_stopTimer</name>
         <load_address>0xa482</load_address>
         <run_address>0xa482</run_address>
         <size>0x14</size>
         <input_file_ref idref="fl-2"/>
      </object_component>
      <object_component id="oc-430">
         <name>.text:DCC_disableModule</name>
         <load_address>0xa496</load_address>
         <run_address>0xa496</run_address>
         <size>0x14</size>
         <input_file_ref idref="fl-15"/>
      </object_component>
      <object_component id="oc-466">
         <name>.text:DCC_enableModule</name>
         <load_address>0xa4aa</load_address>
         <run_address>0xa4aa</run_address>
         <size>0x14</size>
         <input_file_ref idref="fl-15"/>
      </object_component>
      <object_component id="oc-373">
         <name>.text:EPWM_setTimeBaseCounterMode</name>
         <load_address>0xa4be</load_address>
         <run_address>0xa4be</run_address>
         <size>0x14</size>
         <input_file_ref idref="fl-2"/>
      </object_component>
      <object_component id="oc-367">
         <name>.text:EPWM_setTimeBasePeriod</name>
         <load_address>0xa4d2</load_address>
         <run_address>0xa4d2</run_address>
         <size>0x14</size>
         <input_file_ref idref="fl-2"/>
      </object_component>
      <object_component id="oc-314">
         <name>.text:GPIO_isPinValid</name>
         <load_address>0xa4e6</load_address>
         <run_address>0xa4e6</run_address>
         <size>0x14</size>
         <input_file_ref idref="fl-13"/>
      </object_component>
      <object_component id="oc-3fe">
         <name>.text:LED_init</name>
         <load_address>0xa4fa</load_address>
         <run_address>0xa4fa</run_address>
         <size>0x14</size>
         <input_file_ref idref="fl-2"/>
      </object_component>
      <object_component id="oc-279">
         <name>.text:SysCtl_deviceCal</name>
         <load_address>0xa50e</load_address>
         <run_address>0xa50e</run_address>
         <size>0x14</size>
         <input_file_ref idref="fl-5"/>
      </object_component>
      <object_component id="oc-490">
         <name>.text:ADC_enableConverter</name>
         <load_address>0xa522</load_address>
         <run_address>0xa522</run_address>
         <size>0x13</size>
         <input_file_ref idref="fl-2"/>
      </object_component>
      <object_component id="oc-213">
         <name>.text:Board_init</name>
         <load_address>0xa535</load_address>
         <run_address>0xa535</run_address>
         <size>0x13</size>
         <input_file_ref idref="fl-2"/>
      </object_component>
      <object_component id="oc-4c7">
         <name>.text:CPUTimer_setEmulationMode</name>
         <load_address>0xa548</load_address>
         <run_address>0xa548</run_address>
         <size>0x13</size>
         <input_file_ref idref="fl-11"/>
      </object_component>
      <object_component id="oc-3c1">
         <name>.text:EPWM_enableInterrupt</name>
         <load_address>0xa55b</load_address>
         <run_address>0xa55b</run_address>
         <size>0x13</size>
         <input_file_ref idref="fl-2"/>
      </object_component>
      <object_component id="oc-36d">
         <name>.text:EPWM_setTimeBaseCounter</name>
         <load_address>0xa56e</load_address>
         <run_address>0xa56e</run_address>
         <size>0x12</size>
         <input_file_ref idref="fl-2"/>
      </object_component>
      <object_component id="oc-32d">
         <name>.text:SysCtl_setSyncOutputConfig</name>
         <load_address>0xa580</load_address>
         <run_address>0xa580</run_address>
         <size>0x12</size>
         <input_file_ref idref="fl-2"/>
      </object_component>
      <object_component id="oc-4d3">
         <name>.text:CPUTimer_setPeriod</name>
         <load_address>0xa592</load_address>
         <run_address>0xa592</run_address>
         <size>0x11</size>
         <input_file_ref idref="fl-2"/>
      </object_component>
      <object_component id="oc-379">
         <name>.text:EPWM_disablePhaseShiftLoad</name>
         <load_address>0xa5a3</load_address>
         <run_address>0xa5a3</run_address>
         <size>0x11</size>
         <input_file_ref idref="fl-2"/>
      </object_component>
      <object_component id="oc-3df">
         <name>.text:EPWM_enablePhaseShiftLoad</name>
         <load_address>0xa5b4</load_address>
         <run_address>0xa5b4</run_address>
         <size>0x11</size>
         <input_file_ref idref="fl-2"/>
      </object_component>
      <object_component id="oc-385">
         <name>.text:EPWM_forceSyncPulse</name>
         <load_address>0xa5c5</load_address>
         <run_address>0xa5c5</run_address>
         <size>0x11</size>
         <input_file_ref idref="fl-2"/>
      </object_component>
      <object_component id="oc-528">
         <name>.text:DCC_isBaseValid</name>
         <load_address>0xa5d6</load_address>
         <run_address>0xa5d6</run_address>
         <size>0x10</size>
         <input_file_ref idref="fl-15"/>
      </object_component>
      <object_component id="oc-207">
         <name>.text:Device_initGPIO</name>
         <load_address>0xa5e6</load_address>
         <run_address>0xa5e6</run_address>
         <size>0x10</size>
         <input_file_ref idref="fl-5"/>
      </object_component>
      <object_component id="oc-285">
         <name>.text:ASysCtl_disableDCDC</name>
         <load_address>0xa5f6</load_address>
         <run_address>0xa5f6</run_address>
         <size>0xf</size>
         <input_file_ref idref="fl-5"/>
      </object_component>
      <object_component id="oc-86">
         <name>.text:Interrupt_register</name>
         <load_address>0xa605</load_address>
         <run_address>0xa605</run_address>
         <size>0xf</size>
         <input_file_ref idref="fl-2"/>
      </object_component>
      <object_component id="oc-d1">
         <name>.text</name>
         <load_address>0xa614</load_address>
         <run_address>0xa614</run_address>
         <size>0xe</size>
         <input_file_ref idref="fl-24"/>
      </object_component>
      <object_component id="oc-ec">
         <name>.text:Interrupt_disableGlobal</name>
         <load_address>0xa622</load_address>
         <run_address>0xa622</run_address>
         <size>0xd</size>
         <input_file_ref idref="fl-14"/>
      </object_component>
      <object_component id="oc-f2">
         <name>.text:Interrupt_enableGlobal</name>
         <load_address>0xa62f</load_address>
         <run_address>0xa62f</run_address>
         <size>0xd</size>
         <input_file_ref idref="fl-14"/>
      </object_component>
      <object_component id="oc-266">
         <name>.text:SysCtl_setLowSpeedClock</name>
         <load_address>0xa63c</load_address>
         <run_address>0xa63c</run_address>
         <size>0xd</size>
         <input_file_ref idref="fl-5"/>
      </object_component>
      <object_component id="oc-5a">
         <name>.text:decompress:ZI:__TI_zero_init_nomemset</name>
         <load_address>0xa649</load_address>
         <run_address>0xa649</run_address>
         <size>0xd</size>
         <input_file_ref idref="fl-2c"/>
      </object_component>
      <object_component id="oc-339">
         <name>.text:SysCtl_enableExtADCSOCSource</name>
         <load_address>0xa656</load_address>
         <run_address>0xa656</run_address>
         <size>0xc</size>
         <input_file_ref idref="fl-2"/>
      </object_component>
      <object_component id="oc-122">
         <name>.text</name>
         <load_address>0xa662</load_address>
         <run_address>0xa662</run_address>
         <size>0xc</size>
         <input_file_ref idref="fl-31"/>
      </object_component>
      <object_component id="oc-25a">
         <name>.text:SysCtl_disableWatchdog</name>
         <load_address>0xa66e</load_address>
         <run_address>0xa66e</run_address>
         <size>0xb</size>
         <input_file_ref idref="fl-5"/>
      </object_component>
      <object_component id="oc-2f3">
         <name>.text:SysCtl_isMCDClockFailureDetected</name>
         <load_address>0xa679</load_address>
         <run_address>0xa679</run_address>
         <size>0xb</size>
         <input_file_ref idref="fl-15"/>
      </object_component>
      <object_component id="oc-43">
         <name>.text:Interrupt_illegalOperationHandler</name>
         <load_address>0xa684</load_address>
         <run_address>0xa684</run_address>
         <size>0xa</size>
         <input_file_ref idref="fl-14"/>
      </object_component>
      <object_component id="oc-49">
         <name>.text:Interrupt_nmiHandler</name>
         <load_address>0xa68e</load_address>
         <run_address>0xa68e</run_address>
         <size>0xa</size>
         <input_file_ref idref="fl-14"/>
      </object_component>
      <object_component id="oc-2b2">
         <name>.text:ASYSCTL_init</name>
         <load_address>0xa698</load_address>
         <run_address>0xa698</run_address>
         <size>0x9</size>
         <input_file_ref idref="fl-2"/>
      </object_component>
      <object_component id="oc-228">
         <name>.text</name>
         <load_address>0xa6a1</load_address>
         <run_address>0xa6a1</run_address>
         <size>0x9</size>
         <input_file_ref idref="fl-30"/>
      </object_component>
      <object_component id="oc-e2">
         <name>.text</name>
         <load_address>0xa6aa</load_address>
         <run_address>0xa6aa</run_address>
         <size>0x9</size>
         <input_file_ref idref="fl-23"/>
      </object_component>
      <object_component id="oc-19">
         <name>.text:decompress:none</name>
         <load_address>0xa6b3</load_address>
         <run_address>0xa6b3</run_address>
         <size>0x8</size>
         <input_file_ref idref="fl-2d"/>
      </object_component>
      <object_component id="oc-66">
         <name>.text</name>
         <load_address>0xa6bb</load_address>
         <run_address>0xa6bb</run_address>
         <size>0x8</size>
         <input_file_ref idref="fl-6"/>
      </object_component>
      <object_component id="oc-340">
         <name>.text:ASysCtl_disableTemperatureSensor</name>
         <load_address>0xa6c3</load_address>
         <run_address>0xa6c3</run_address>
         <size>0x7</size>
         <input_file_ref idref="fl-2"/>
      </object_component>
      <object_component id="oc-51f">
         <name>.text:SysCtl_resetMCD</name>
         <load_address>0xa6ca</load_address>
         <run_address>0xa6ca</run_address>
         <size>0x7</size>
         <input_file_ref idref="fl-15"/>
      </object_component>
      <object_component id="oc-100">
         <name>.text:__error__</name>
         <load_address>0xa6d1</load_address>
         <run_address>0xa6d1</run_address>
         <size>0x7</size>
         <input_file_ref idref="fl-5"/>
      </object_component>
      <object_component id="oc-80">
         <name>.text:Interrupt_clearACKGroup</name>
         <load_address>0xa6d8</load_address>
         <run_address>0xa6d8</run_address>
         <size>0x6</size>
         <input_file_ref idref="fl-4"/>
      </object_component>
      <object_component id="oc-2be">
         <name>.text:CPUTIMER_init</name>
         <load_address>0xa6de</load_address>
         <run_address>0xa6de</run_address>
         <size>0x3</size>
         <input_file_ref idref="fl-2"/>
      </object_component>
      <object_component id="oc-2ca">
         <name>.text:GPIO_init</name>
         <load_address>0xa6e1</load_address>
         <run_address>0xa6e1</run_address>
         <size>0x3</size>
         <input_file_ref idref="fl-2"/>
      </object_component>
      <object_component id="oc-11b">
         <name>.text</name>
         <load_address>0xa6e4</load_address>
         <run_address>0xa6e4</run_address>
         <size>0x2</size>
         <input_file_ref idref="fl-2a"/>
      </object_component>
      <object_component id="oc-5a8">
         <name>.cinit..data.load</name>
         <load_address>0xfa</load_address>
         <run_address>0xfa</run_address>
         <size>0xd</size>
      </object_component>
      <object_component id="oc-5a5">
         <name>__TI_handler_table</name>
         <load_address>0x108</load_address>
         <run_address>0x108</run_address>
         <size>0x6</size>
      </object_component>
      <object_component id="oc-5a7">
         <name>.cinit..bss.load</name>
         <load_address>0x10e</load_address>
         <run_address>0x10e</run_address>
         <size>0x4</size>
      </object_component>
      <object_component id="oc-5a6">
         <name>__TI_cinit_table</name>
         <load_address>0x112</load_address>
         <run_address>0x112</run_address>
         <size>0x8</size>
      </object_component>
      <object_component id="oc-4f">
         <name>.stack</name>
         <uninitialized>true</uninitialized>
         <run_address>0x400</run_address>
         <size>0x0</size>
         <input_file_ref idref="fl-22"/>
      </object_component>
      <object_component id="oc-5a9">
         <name>.stack</name>
         <uninitialized>true</uninitialized>
         <run_address>0x400</run_address>
         <size>0x0</size>
      </object_component>
      <object_component id="oc-21f">
         <name>.bss</name>
         <uninitialized>true</uninitialized>
         <run_address>0xadc3</run_address>
         <size>0x3</size>
         <input_file_ref idref="fl-4"/>
      </object_component>
      <object_component id="oc-9c">
         <name>.bss:AdcBuf</name>
         <uninitialized>true</uninitialized>
         <run_address>0xadb9</run_address>
         <size>0xa</size>
         <input_file_ref idref="fl-4"/>
      </object_component>
      <object_component id="oc-47b">
         <name>.const:.string</name>
         <load_address>0xa800</load_address>
         <run_address>0xa800</run_address>
         <size>0x143</size>
         <input_file_ref idref="fl-2"/>
      </object_component>
      <object_component id="oc-2f2">
         <name>.const:.string</name>
         <load_address>0xa944</load_address>
         <run_address>0xa944</run_address>
         <size>0x9a</size>
         <input_file_ref idref="fl-15"/>
      </object_component>
      <object_component id="oc-31a">
         <name>.const:.string</name>
         <load_address>0xa9de</load_address>
         <run_address>0xa9de</run_address>
         <size>0x98</size>
         <input_file_ref idref="fl-13"/>
      </object_component>
      <object_component id="oc-1c7">
         <name>.const:ipio2</name>
         <load_address>0xaa76</load_address>
         <run_address>0xaa76</run_address>
         <size>0x84</size>
         <input_file_ref idref="fl-34"/>
      </object_component>
      <object_component id="oc-272">
         <name>.const:.string</name>
         <load_address>0xaafa</load_address>
         <run_address>0xaafa</run_address>
         <size>0x65</size>
         <input_file_ref idref="fl-5"/>
      </object_component>
      <object_component id="oc-1d9">
         <name>.const:PIo2</name>
         <load_address>0xab60</load_address>
         <run_address>0xab60</run_address>
         <size>0x20</size>
         <input_file_ref idref="fl-34"/>
      </object_component>
      <object_component id="oc-14f">
         <name>.const</name>
         <load_address>0xab80</load_address>
         <run_address>0xab80</run_address>
         <size>0x64</size>
         <input_file_ref idref="fl-33"/>
      </object_component>
      <object_component id="oc-560">
         <name>.const:.string</name>
         <load_address>0xabe4</load_address>
         <run_address>0xabe4</run_address>
         <size>0x50</size>
         <input_file_ref idref="fl-11"/>
      </object_component>
      <object_component id="oc-ff">
         <name>.const:.string</name>
         <load_address>0xac34</load_address>
         <run_address>0xac34</run_address>
         <size>0x4e</size>
         <input_file_ref idref="fl-4"/>
      </object_component>
      <object_component id="oc-540">
         <name>.const:.string</name>
         <load_address>0xac82</load_address>
         <run_address>0xac82</run_address>
         <size>0x4b</size>
         <input_file_ref idref="fl-10"/>
      </object_component>
      <object_component id="oc-1ca">
         <name>.const</name>
         <load_address>0xacce</load_address>
         <run_address>0xacce</run_address>
         <size>0x2c</size>
         <input_file_ref idref="fl-34"/>
      </object_component>
      <object_component id="oc-1bf">
         <name>.const:init_jk</name>
         <load_address>0xacfa</load_address>
         <run_address>0xacfa</run_address>
         <size>0x4</size>
         <input_file_ref idref="fl-34"/>
      </object_component>
      <object_component id="oc-6f">
         <name>.const</name>
         <load_address>0xacfe</load_address>
         <run_address>0xacfe</run_address>
         <size>0x2</size>
         <input_file_ref idref="fl-4"/>
      </object_component>
      <object_component id="oc-15f">
         <name>.const</name>
         <load_address>0xad00</load_address>
         <run_address>0xad00</run_address>
         <size>0x3c</size>
         <input_file_ref idref="fl-35"/>
      </object_component>
      <object_component id="oc-ca">
         <name>.const</name>
         <load_address>0xad3c</load_address>
         <run_address>0xad3c</run_address>
         <size>0x4</size>
         <input_file_ref idref="fl-21"/>
      </object_component>
      <object_component id="oc-135">
         <name>.const</name>
         <load_address>0xad40</load_address>
         <run_address>0xad40</run_address>
         <size>0x38</size>
         <input_file_ref idref="fl-36"/>
      </object_component>
      <object_component id="oc-23b">
         <name>.const</name>
         <load_address>0xad80</load_address>
         <run_address>0xad80</run_address>
         <size>0x1c</size>
         <input_file_ref idref="fl-38"/>
      </object_component>
      <object_component id="oc-249">
         <name>.const</name>
         <load_address>0xad9c</load_address>
         <run_address>0xad9c</run_address>
         <size>0xc</size>
         <input_file_ref idref="fl-37"/>
      </object_component>
      <object_component id="oc-6c">
         <name>.data</name>
         <load_address>0xada8</load_address>
         <run_address>0xada8</run_address>
         <size>0x6</size>
         <input_file_ref idref="fl-4"/>
      </object_component>
      <object_component id="oc-1aa">
         <name>.data</name>
         <load_address>0xadae</load_address>
         <run_address>0xadae</run_address>
         <size>0x6</size>
         <input_file_ref idref="fl-2f"/>
      </object_component>
      <object_component id="oc-1ad">
         <name>.data:_lock</name>
         <load_address>0xadb4</load_address>
         <run_address>0xadb4</run_address>
         <size>0x2</size>
         <input_file_ref idref="fl-30"/>
      </object_component>
      <object_component id="oc-2d5">
         <name>.data:_unlock</name>
         <load_address>0xadb6</load_address>
         <run_address>0xadb6</run_address>
         <size>0x2</size>
         <input_file_ref idref="fl-30"/>
      </object_component>
      <object_component id="oc-244">
         <name>.data</name>
         <load_address>0xadb8</load_address>
         <run_address>0xadb8</run_address>
         <size>0x1</size>
         <input_file_ref idref="fl-44"/>
      </object_component>
      <object_component id="oc-93">
         <name>.debug_types</name>
         <load_address>0x0</load_address>
         <run_address>0x0</run_address>
         <size>0x2a2b</size>
         <input_file_ref idref="fl-2"/>
      </object_component>
      <object_component id="oc-2d2">
         <name>.debug_types</name>
         <load_address>0x0</load_address>
         <run_address>0x0</run_address>
         <size>0x0</size>
         <input_file_ref idref="fl-3"/>
      </object_component>
      <object_component id="oc-95">
         <name>.debug_types</name>
         <load_address>0x2a2b</load_address>
         <run_address>0x2a2b</run_address>
         <size>0x111</size>
         <input_file_ref idref="fl-4"/>
      </object_component>
      <object_component id="oc-16b">
         <name>.debug_types</name>
         <load_address>0x2b3c</load_address>
         <run_address>0x2b3c</run_address>
         <size>0xc3e</size>
         <input_file_ref idref="fl-5"/>
      </object_component>
      <object_component id="oc-548">
         <name>.debug_types</name>
         <load_address>0x377a</load_address>
         <run_address>0x377a</run_address>
         <size>0x126</size>
         <input_file_ref idref="fl-10"/>
      </object_component>
      <object_component id="oc-562">
         <name>.debug_types</name>
         <load_address>0x0</load_address>
         <run_address>0x0</run_address>
         <size>0x0</size>
         <input_file_ref idref="fl-11"/>
      </object_component>
      <object_component id="oc-31c">
         <name>.debug_types</name>
         <load_address>0x38a0</load_address>
         <run_address>0x38a0</run_address>
         <size>0x24d</size>
         <input_file_ref idref="fl-13"/>
      </object_component>
      <object_component id="oc-a7">
         <name>.debug_types</name>
         <load_address>0x0</load_address>
         <run_address>0x0</run_address>
         <size>0x0</size>
         <input_file_ref idref="fl-14"/>
      </object_component>
      <object_component id="oc-307">
         <name>.debug_types</name>
         <load_address>0x3aed</load_address>
         <run_address>0x3aed</run_address>
         <size>0x1d4</size>
         <input_file_ref idref="fl-15"/>
      </object_component>
      <object_component id="oc-e8">
         <name>.debug_types</name>
         <load_address>0x3cc1</load_address>
         <run_address>0x3cc1</run_address>
         <size>0x90</size>
         <input_file_ref idref="fl-21"/>
      </object_component>
      <object_component id="oc-171">
         <name>.debug_types</name>
         <load_address>0x0</load_address>
         <run_address>0x0</run_address>
         <size>0x0</size>
         <input_file_ref idref="fl-2a"/>
      </object_component>
      <object_component id="oc-1f3">
         <name>.debug_types</name>
         <load_address>0x3d51</load_address>
         <run_address>0x3d51</run_address>
         <size>0x46c</size>
         <input_file_ref idref="fl-2b"/>
      </object_component>
      <object_component id="oc-b4">
         <name>.debug_types</name>
         <load_address>0x41bd</load_address>
         <run_address>0x41bd</run_address>
         <size>0x1f3</size>
         <input_file_ref idref="fl-2c"/>
      </object_component>
      <object_component id="oc-59">
         <name>.debug_types</name>
         <load_address>0x0</load_address>
         <run_address>0x0</run_address>
         <size>0x0</size>
         <input_file_ref idref="fl-2d"/>
      </object_component>
      <object_component id="oc-51">
         <name>.debug_types</name>
         <load_address>0x43b0</load_address>
         <run_address>0x43b0</run_address>
         <size>0x191</size>
         <input_file_ref idref="fl-2e"/>
      </object_component>
      <object_component id="oc-1b1">
         <name>.debug_types</name>
         <load_address>0x4541</load_address>
         <run_address>0x4541</run_address>
         <size>0xbf</size>
         <input_file_ref idref="fl-2f"/>
      </object_component>
      <object_component id="oc-230">
         <name>.debug_types</name>
         <load_address>0x4600</load_address>
         <run_address>0x4600</run_address>
         <size>0x2f</size>
         <input_file_ref idref="fl-30"/>
      </object_component>
      <object_component id="oc-1a9">
         <name>.debug_types</name>
         <load_address>0x462f</load_address>
         <run_address>0x462f</run_address>
         <size>0xe1</size>
         <input_file_ref idref="fl-31"/>
      </object_component>
      <object_component id="oc-15e">
         <name>.debug_types</name>
         <load_address>0x4710</load_address>
         <run_address>0x4710</run_address>
         <size>0xcb</size>
         <input_file_ref idref="fl-33"/>
      </object_component>
      <object_component id="oc-1dd">
         <name>.debug_types</name>
         <load_address>0x47db</load_address>
         <run_address>0x47db</run_address>
         <size>0x158</size>
         <input_file_ref idref="fl-34"/>
      </object_component>
      <object_component id="oc-163">
         <name>.debug_types</name>
         <load_address>0x0</load_address>
         <run_address>0x0</run_address>
         <size>0x0</size>
         <input_file_ref idref="fl-35"/>
      </object_component>
      <object_component id="oc-13e">
         <name>.debug_types</name>
         <load_address>0x0</load_address>
         <run_address>0x0</run_address>
         <size>0x0</size>
         <input_file_ref idref="fl-36"/>
      </object_component>
      <object_component id="oc-24d">
         <name>.debug_types</name>
         <load_address>0x0</load_address>
         <run_address>0x0</run_address>
         <size>0x0</size>
         <input_file_ref idref="fl-37"/>
      </object_component>
      <object_component id="oc-248">
         <name>.debug_types</name>
         <load_address>0x0</load_address>
         <run_address>0x0</run_address>
         <size>0x0</size>
         <input_file_ref idref="fl-38"/>
      </object_component>
      <object_component id="oc-2df">
         <name>.debug_types</name>
         <load_address>0x0</load_address>
         <run_address>0x0</run_address>
         <size>0x0</size>
         <input_file_ref idref="fl-39"/>
      </object_component>
      <object_component id="oc-af">
         <name>.debug_types</name>
         <load_address>0x4933</load_address>
         <run_address>0x4933</run_address>
         <size>0xb8</size>
         <input_file_ref idref="fl-42"/>
      </object_component>
      <object_component id="oc-254">
         <name>.debug_types</name>
         <load_address>0x0</load_address>
         <run_address>0x0</run_address>
         <size>0x0</size>
         <input_file_ref idref="fl-43"/>
      </object_component>
      <object_component id="oc-2e2">
         <name>.debug_types</name>
         <load_address>0x0</load_address>
         <run_address>0x0</run_address>
         <size>0x0</size>
         <input_file_ref idref="fl-44"/>
      </object_component>
      <object_component id="oc-54a">
         <name>.debug_info</name>
         <load_address>0x0</load_address>
         <run_address>0x0</run_address>
         <size>0x180</size>
         <input_file_ref idref="fl-2"/>
      </object_component>
      <object_component id="oc-485">
         <name>.debug_info</name>
         <load_address>0x180</load_address>
         <run_address>0x180</run_address>
         <size>0x1cd</size>
         <input_file_ref idref="fl-2"/>
      </object_component>
      <object_component id="oc-4a3">
         <name>.debug_info</name>
         <load_address>0x34d</load_address>
         <run_address>0x34d</run_address>
         <size>0x24c</size>
         <input_file_ref idref="fl-2"/>
      </object_component>
      <object_component id="oc-4a9">
         <name>.debug_info</name>
         <load_address>0x599</load_address>
         <run_address>0x599</run_address>
         <size>0x219</size>
         <input_file_ref idref="fl-2"/>
      </object_component>
      <object_component id="oc-48b">
         <name>.debug_info</name>
         <load_address>0x7b2</load_address>
         <run_address>0x7b2</run_address>
         <size>0x1db</size>
         <input_file_ref idref="fl-2"/>
      </object_component>
      <object_component id="oc-491">
         <name>.debug_info</name>
         <load_address>0x98d</load_address>
         <run_address>0x98d</run_address>
         <size>0x1a4</size>
         <input_file_ref idref="fl-2"/>
      </object_component>
      <object_component id="oc-4b5">
         <name>.debug_info</name>
         <load_address>0xb31</load_address>
         <run_address>0xb31</run_address>
         <size>0x1d9</size>
         <input_file_ref idref="fl-2"/>
      </object_component>
      <object_component id="oc-497">
         <name>.debug_info</name>
         <load_address>0xd0a</load_address>
         <run_address>0xd0a</run_address>
         <size>0x1a6</size>
         <input_file_ref idref="fl-2"/>
      </object_component>
      <object_component id="oc-49d">
         <name>.debug_info</name>
         <load_address>0xeb0</load_address>
         <run_address>0xeb0</run_address>
         <size>0x1c9</size>
         <input_file_ref idref="fl-2"/>
      </object_component>
      <object_component id="oc-4c1">
         <name>.debug_info</name>
         <load_address>0x1079</load_address>
         <run_address>0x1079</run_address>
         <size>0x1fb</size>
         <input_file_ref idref="fl-2"/>
      </object_component>
      <object_component id="oc-4af">
         <name>.debug_info</name>
         <load_address>0x1274</load_address>
         <run_address>0x1274</run_address>
         <size>0x23d</size>
         <input_file_ref idref="fl-2"/>
      </object_component>
      <object_component id="oc-4bb">
         <name>.debug_info</name>
         <load_address>0x14b1</load_address>
         <run_address>0x14b1</run_address>
         <size>0x207</size>
         <input_file_ref idref="fl-2"/>
      </object_component>
      <object_component id="oc-87">
         <name>.debug_info</name>
         <load_address>0x16b8</load_address>
         <run_address>0x16b8</run_address>
         <size>0x1d4</size>
         <input_file_ref idref="fl-2"/>
      </object_component>
      <object_component id="oc-334">
         <name>.debug_info</name>
         <load_address>0x188c</load_address>
         <run_address>0x188c</run_address>
         <size>0x1d6</size>
         <input_file_ref idref="fl-2"/>
      </object_component>
      <object_component id="oc-32e">
         <name>.debug_info</name>
         <load_address>0x1a62</load_address>
         <run_address>0x1a62</run_address>
         <size>0x197</size>
         <input_file_ref idref="fl-2"/>
      </object_component>
      <object_component id="oc-33a">
         <name>.debug_info</name>
         <load_address>0x1bf9</load_address>
         <run_address>0x1bf9</run_address>
         <size>0x19f</size>
         <input_file_ref idref="fl-2"/>
      </object_component>
      <object_component id="oc-341">
         <name>.debug_info</name>
         <load_address>0x1d98</load_address>
         <run_address>0x1d98</run_address>
         <size>0x17b</size>
         <input_file_ref idref="fl-2"/>
      </object_component>
      <object_component id="oc-347">
         <name>.debug_info</name>
         <load_address>0x1f13</load_address>
         <run_address>0x1f13</run_address>
         <size>0x1b9</size>
         <input_file_ref idref="fl-2"/>
      </object_component>
      <object_component id="oc-34d">
         <name>.debug_info</name>
         <load_address>0x20cc</load_address>
         <run_address>0x20cc</run_address>
         <size>0x1b3</size>
         <input_file_ref idref="fl-2"/>
      </object_component>
      <object_component id="oc-564">
         <name>.debug_info</name>
         <load_address>0x227f</load_address>
         <run_address>0x227f</run_address>
         <size>0x18d</size>
         <input_file_ref idref="fl-2"/>
      </object_component>
      <object_component id="oc-4da">
         <name>.debug_info</name>
         <load_address>0x240c</load_address>
         <run_address>0x240c</run_address>
         <size>0x1cb</size>
         <input_file_ref idref="fl-2"/>
      </object_component>
      <object_component id="oc-4e6">
         <name>.debug_info</name>
         <load_address>0x25d7</load_address>
         <run_address>0x25d7</run_address>
         <size>0x1d1</size>
         <input_file_ref idref="fl-2"/>
      </object_component>
      <object_component id="oc-4e0">
         <name>.debug_info</name>
         <load_address>0x27a8</load_address>
         <run_address>0x27a8</run_address>
         <size>0x1c0</size>
         <input_file_ref idref="fl-2"/>
      </object_component>
      <object_component id="oc-4ec">
         <name>.debug_info</name>
         <load_address>0x2968</load_address>
         <run_address>0x2968</run_address>
         <size>0x1c3</size>
         <input_file_ref idref="fl-2"/>
      </object_component>
      <object_component id="oc-4d4">
         <name>.debug_info</name>
         <load_address>0x2b2b</load_address>
         <run_address>0x2b2b</run_address>
         <size>0x1c4</size>
         <input_file_ref idref="fl-2"/>
      </object_component>
      <object_component id="oc-4ce">
         <name>.debug_info</name>
         <load_address>0x2cef</load_address>
         <run_address>0x2cef</run_address>
         <size>0x1dd</size>
         <input_file_ref idref="fl-2"/>
      </object_component>
      <object_component id="oc-4f3">
         <name>.debug_info</name>
         <load_address>0x2ecc</load_address>
         <run_address>0x2ecc</run_address>
         <size>0x183</size>
         <input_file_ref idref="fl-2"/>
      </object_component>
      <object_component id="oc-36e">
         <name>.debug_info</name>
         <load_address>0x304f</load_address>
         <run_address>0x304f</run_address>
         <size>0x1d1</size>
         <input_file_ref idref="fl-2"/>
      </object_component>
      <object_component id="oc-3da">
         <name>.debug_info</name>
         <load_address>0x3220</load_address>
         <run_address>0x3220</run_address>
         <size>0x1d5</size>
         <input_file_ref idref="fl-2"/>
      </object_component>
      <object_component id="oc-362">
         <name>.debug_info</name>
         <load_address>0x33f5</load_address>
         <run_address>0x33f5</run_address>
         <size>0x214</size>
         <input_file_ref idref="fl-2"/>
      </object_component>
      <object_component id="oc-386">
         <name>.debug_info</name>
         <load_address>0x3609</load_address>
         <run_address>0x3609</run_address>
         <size>0x1a6</size>
         <input_file_ref idref="fl-2"/>
      </object_component>
      <object_component id="oc-38c">
         <name>.debug_info</name>
         <load_address>0x37af</load_address>
         <run_address>0x37af</run_address>
         <size>0x1d1</size>
         <input_file_ref idref="fl-2"/>
      </object_component>
      <object_component id="oc-3e0">
         <name>.debug_info</name>
         <load_address>0x3980</load_address>
         <run_address>0x3980</run_address>
         <size>0x1b2</size>
         <input_file_ref idref="fl-2"/>
      </object_component>
      <object_component id="oc-37a">
         <name>.debug_info</name>
         <load_address>0x3b32</load_address>
         <run_address>0x3b32</run_address>
         <size>0x1b4</size>
         <input_file_ref idref="fl-2"/>
      </object_component>
      <object_component id="oc-374">
         <name>.debug_info</name>
         <load_address>0x3ce6</load_address>
         <run_address>0x3ce6</run_address>
         <size>0x1e5</size>
         <input_file_ref idref="fl-2"/>
      </object_component>
      <object_component id="oc-380">
         <name>.debug_info</name>
         <load_address>0x3ecb</load_address>
         <run_address>0x3ecb</run_address>
         <size>0x1d1</size>
         <input_file_ref idref="fl-2"/>
      </object_component>
      <object_component id="oc-368">
         <name>.debug_info</name>
         <load_address>0x409c</load_address>
         <run_address>0x409c</run_address>
         <size>0x1db</size>
         <input_file_ref idref="fl-2"/>
      </object_component>
      <object_component id="oc-39e">
         <name>.debug_info</name>
         <load_address>0x4277</load_address>
         <run_address>0x4277</run_address>
         <size>0x28c</size>
         <input_file_ref idref="fl-2"/>
      </object_component>
      <object_component id="oc-398">
         <name>.debug_info</name>
         <load_address>0x4503</load_address>
         <run_address>0x4503</run_address>
         <size>0x229</size>
         <input_file_ref idref="fl-2"/>
      </object_component>
      <object_component id="oc-3a4">
         <name>.debug_info</name>
         <load_address>0x472c</load_address>
         <run_address>0x472c</run_address>
         <size>0x255</size>
         <input_file_ref idref="fl-2"/>
      </object_component>
      <object_component id="oc-3ec">
         <name>.debug_info</name>
         <load_address>0x4981</load_address>
[...]
      </memory_area>
      <memory_area display="yes" color="green">
         <name>RAMLS7</name>
         <page_id>0x1</page_id>
         <origin>0xb800</origin>
         <length>0x800</length>
         <used_space>0x0</used_space>
         <unused_space>0x800</unused_space>
         <attributes>RWIX</attributes>
         <usage_details>
         </usage_details>
      </memory_area>
      <memory_area display="yes" color="green">
         <name>RAMGS0</name>
         <page_id>0x1</page_id>
         <origin>0xc000</origin>
         <length>0x2000</length>
         <used_space>0x0</used_space>
         <unused_space>0x2000</unused_space>
         <attributes>RWIX</attributes>
         <usage_details>
         </usage_details>
      </memory_area>
      <memory_area display="yes" color="green">
         <name>RAMGS1</name>
         <page_id>0x1</page_id>
         <origin>0xe000</origin>
         <length>0x2000</length>
         <used_space>0x0</used_space>
         <unused_space>0x2000</unused_space>
         <attributes>RWIX</attributes>
         <usage_details>
         </usage_details>
      </memory_area>
      <memory_area display="yes" color="green">
         <name>RAMGS2</name>
         <page_id>0x1</page_id>
         <origin>0x10000</origin>
         <length>0x2000</length>
         <used_space>0x0</used_space>
         <unused_space>0x2000</unused_space>
         <attributes>RWIX</attributes>
         <usage_details>
         </usage_details>
      </memory_area>
      <memory_area display="yes" color="green">
         <name>RAMGS3</name>
         <page_id>0x1</page_id>
         <origin>0x12000</origin>
         <length>0x1ff8</length>
         <used_space>0x0</used_space>
         <unused_space>0x1ff8</unused_space>
         <attributes>RWIX</attributes>
         <usage_details>
         </usage_details>
      </memory_area>
   </placement_map>
   <cptbl_list>
      <cptbl>
         <name>__TI_cinit_table</name>
         <cprec>
            <name>.data</name>
            <load_address>0xfa</load_address>
            <load_size>0xd</load_size>
            <run_address>0xada8</run_address>
            <run_size>0x11</run_size>
            <compression>lzss</compression>
         </cprec>
         <cprec>
            <name>.bss</name>
            <load_address>0x10e</load_address>
            <load_size>0x4</load_size>
            <run_address>0xadb9</run_address>
            <run_size>0xd</run_size>
            <compression>zero_init</compression>
         </cprec>
      </cptbl>
   </cptbl_list>
   <handler_table>
      <handler_table_name>__TI_handler_table</handler_table_name>
      <handler>
         <index>0x0</index>
         <name>__TI_zero_init</name>
      </handler>
      <handler>
         <index>0x1</index>
         <name>__TI_decompress_lzss</name>
      </handler>
      <handler>
         <index>0x2</index>
         <name>__TI_decompress_none</name>
      </handler>
   </handler_table>
   <symbol_table>
      <symbol id="sm-1">
         <name>__TI_CINIT_Base</name>
         <value>0x112</value>
      </symbol>
      <symbol id="sm-2">
         <name>__TI_CINIT_Limit</name>
         <value>0x11a</value>
      </symbol>
      <symbol id="sm-3">
         <name>__TI_CINIT_Warm</name>
         <value>0x11a</value>
      </symbol>
      <symbol id="sm-4">
         <name>__TI_Handler_Table_Base</name>
         <value>0x108</value>
      </symbol>
      <symbol id="sm-5">
         <name>__TI_Handler_Table_Limit</name>
         <value>0x10e</value>
      </symbol>
      <symbol id="sm-6">
         <name>__TI_STACK_SIZE</name>
         <value>0x3f8</value>
      </symbol>
      <symbol id="sm-7">
         <name>__TI_STACK_END</name>
         <value>0x7f8</value>
      </symbol>
      <symbol id="sm-8">
         <name>__TI_pprof_out_hndl</name>
         <value>0xffffffff</value>
      </symbol>
      <symbol id="sm-9">
         <name>__TI_prof_data_start</name>
         <value>0xffffffff</value>
      </symbol>
      <symbol id="sm-a">
         <name>__TI_prof_data_size</name>
         <value>0xffffffff</value>
      </symbol>
      <symbol id="sm-287">
         <name>INTERRUPT_init</name>
         <value>0xa1fd</value>
         <object_component_ref idref="oc-26"/>
      </symbol>
      <symbol id="sm-288">
         <name>PinMux_init</name>
         <value>0x96c8</value>
         <object_component_ref idref="oc-2a6"/>
      </symbol>
      <symbol id="sm-289">
         <name>Board_init</name>
         <value>0xa535</value>
         <object_component_ref idref="oc-213"/>
      </symbol>
      <symbol id="sm-28a">
         <name>GPIO_init</name>
         <value>0xa6e1</value>
         <object_component_ref idref="oc-2ca"/>
      </symbol>
      <symbol id="sm-28b">
         <name>ADC_init</name>
         <value>0x97fd</value>
         <object_component_ref idref="oc-2b8"/>
      </symbol>
      <symbol id="sm-28c">
         <name>SYNC_init</name>
         <value>0xa079</value>
         <object_component_ref idref="oc-2ac"/>
      </symbol>
      <symbol id="sm-28d">
         <name>myADCA_init</name>
         <value>0x9895</value>
         <object_component_ref idref="oc-353"/>
      </symbol>
      <symbol id="sm-28e">
         <name>EPWM_init</name>
         <value>0x8c31</value>
         <object_component_ref idref="oc-2c4"/>
      </symbol>
      <symbol id="sm-28f">
         <name>CPUTIMER_init</name>
         <value>0xa6de</value>
         <object_component_ref idref="oc-2be"/>
      </symbol>
      <symbol id="sm-290">
         <name>LED_init</name>
         <value>0xa4fa</value>
         <object_component_ref idref="oc-3fe"/>
      </symbol>
      <symbol id="sm-291">
         <name>ASYSCTL_init</name>
         <value>0xa698</value>
         <object_component_ref idref="oc-2b2"/>
      </symbol>
      <symbol id="sm-292">
         <name>myCPUTIMER0_init</name>
         <value>0x9e96</value>
         <object_component_ref idref="oc-35a"/>
      </symbol>
      <symbol id="sm-29f">
         <name>C2000Ware_libraries_init</name>
         <value>0x87ff</value>
         <object_component_ref idref="oc-219"/>
      </symbol>
      <symbol id="sm-2f7">
         <name>AdcBuf</name>
         <value>0xadb9</value>
         <object_component_ref idref="oc-9c"/>
      </symbol>
      <symbol id="sm-2f8">
         <name>INT_myCPUTIMER0_ISR</name>
         <value>0x9722</value>
         <object_component_ref idref="oc-25"/>
      </symbol>
      <symbol id="sm-2f9">
         <name>main</name>
         <value>0x9c89</value>
         <object_component_ref idref="oc-1a2"/>
      </symbol>
      <symbol id="sm-2fa">
         <name>compare1</name>
         <value>0xadc3</value>
         <object_component_ref idref="oc-21f"/>
      </symbol>
      <symbol id="sm-2fb">
         <name>compare2</name>
         <value>0xadc4</value>
         <object_component_ref idref="oc-21f"/>
      </symbol>
      <symbol id="sm-2fc">
         <name>V_mod_inverter</name>
         <value>0xadaa</value>
         <object_component_ref idref="oc-6c"/>
      </symbol>
      <symbol id="sm-2fd">
         <name>INT_myADCA_1_ISR</name>
         <value>0x98de</value>
         <object_component_ref idref="oc-31"/>
      </symbol>
      <symbol id="sm-354">
         <name>Device_enableAllPeripherals</name>
         <value>0x90e8</value>
         <object_component_ref idref="oc-27f"/>
      </symbol>
      <symbol id="sm-355">
         <name>Device_initGPIO</name>
         <value>0xa5e6</value>
         <object_component_ref idref="oc-207"/>
      </symbol>
      <symbol id="sm-356">
         <name>Device_init</name>
         <value>0x977b</value>
         <object_component_ref idref="oc-201"/>
      </symbol>
      <symbol id="sm-357">
         <name>__error__</name>
         <value>0xa6d1</value>
         <object_component_ref idref="oc-100"/>
      </symbol>
      <symbol id="sm-366">
         <name>code_start</name>
         <value>0x0</value>
         <object_component_ref idref="oc-20"/>
      </symbol>
      <symbol id="sm-392">
         <name>ADC_setOffsetTrimAll</name>
         <value>0x9d8c</value>
         <object_component_ref idref="oc-541"/>
      </symbol>
      <symbol id="sm-393">
         <name>ADC_setVREF</name>
         <value>0x9800</value>
         <object_component_ref idref="oc-47e"/>
      </symbol>
      <symbol id="sm-3ad">
         <name>CPUTimer_setEmulationMode</name>
         <value>0xa548</value>
         <object_component_ref idref="oc-4c7"/>
      </symbol>
      <symbol id="sm-3fc">
         <name>GPIO_setQualificationMode</name>
         <value>0x9b8e</value>
         <object_component_ref idref="oc-326"/>
      </symbol>
      <symbol id="sm-3fd">
         <name>GPIO_setPadConfig</name>
         <value>0x8fae</value>
         <object_component_ref idref="oc-28b"/>
      </symbol>
      <symbol id="sm-3fe">
         <name>GPIO_setAnalogMode</name>
         <value>0x9ae6</value>
         <object_component_ref idref="oc-297"/>
      </symbol>
      <symbol id="sm-3ff">
         <name>GPIO_setDirectionMode</name>
         <value>0x97cc</value>
         <object_component_ref idref="oc-291"/>
      </symbol>
      <symbol id="sm-400">
         <name>GPIO_setPinConfig</name>
         <value>0x9b57</value>
         <object_component_ref idref="oc-320"/>
      </symbol>
      <symbol id="sm-401">
         <name>GPIO_setControllerCore</name>
         <value>0x9b20</value>
         <object_component_ref idref="oc-512"/>
      </symbol>
      <symbol id="sm-450">
         <name>Interrupt_defaultHandler</name>
         <value>0xa39d</value>
         <object_component_ref idref="oc-37"/>
      </symbol>
      <symbol id="sm-451">
         <name>Interrupt_initModule</name>
         <value>0x9a6f</value>
         <object_component_ref idref="oc-20d"/>
      </symbol>
      <symbol id="sm-452">
         <name>Interrupt_nmiHandler</name>
         <value>0xa68e</value>
         <object_component_ref idref="oc-49"/>
      </symbol>
      <symbol id="sm-453">
         <name>Interrupt_enable</name>
         <value>0x9bc5</value>
         <object_component_ref idref="oc-8c"/>
      </symbol>
      <symbol id="sm-454">
         <name>Interrupt_initVectorTable</name>
         <value>0xa05b</value>
         <object_component_ref idref="oc-38"/>
      </symbol>
      <symbol id="sm-455">
         <name>Interrupt_illegalOperationHandler</name>
         <value>0xa684</value>
         <object_component_ref idref="oc-43"/>
      </symbol>
      <symbol id="sm-569">
         <name>SysCtl_isPLLValid</name>
         <value>0x935b</value>
         <object_component_ref idref="oc-300"/>
      </symbol>
      <symbol id="sm-56a">
         <name>SysCtl_delay</name>
         <value>0xf6</value>
         <object_component_ref idref="oc-2ff"/>
      </symbol>
      <symbol id="sm-56b">
         <name>SysCtl_selectXTALSingleEnded</name>
         <value>0x9e29</value>
         <object_component_ref idref="oc-417"/>
      </symbol>
      <symbol id="sm-56c">
         <name>SysCtl_selectXTAL</name>
         <value>0x99f1</value>
         <object_component_ref idref="oc-411"/>
      </symbol>
      <symbol id="sm-56d">
         <name>SysCtl_selectOscSource</name>
         <value>0x984c</value>
         <object_component_ref idref="oc-2f9"/>
      </symbol>
      <symbol id="sm-56e">
         <name>SysCtl_getLowSpeedClock</name>
         <value>0xa1ca</value>
         <object_component_ref idref="oc-273"/>
      </symbol>
      <symbol id="sm-56f">
         <name>SysCtl_setClock</name>
         <value>0x9293</value>
         <object_component_ref idref="oc-260"/>
      </symbol>
      <symbol id="sm-570">
         <name>SysCtl_getClock</name>
         <value>0x87a1</value>
         <object_component_ref idref="oc-26c"/>
      </symbol>
      <symbol id="sm-58a">
         <name>sin</name>
         <value>0x91c8</value>
         <object_component_ref idref="oc-75"/>
      </symbol>
      <symbol id="sm-58b">
         <name>sinl</name>
         <value>0x91c8</value>
         <object_component_ref idref="oc-75"/>
      </symbol>
      <symbol id="sm-595">
         <name>_c_int00</name>
         <value>0xa32e</value>
         <object_component_ref idref="oc-bc"/>
      </symbol>
      <symbol id="sm-596">
         <name>__stack</name>
         <value>0x400</value>
         <object_component_ref idref="oc-4f"/>
      </symbol>
      <symbol id="sm-59f">
         <name>__c28xabi_negd</name>
         <value>0xa6aa</value>
         <object_component_ref idref="oc-e2"/>
      </symbol>
      <symbol id="sm-5a7">
         <name>__c28xabi_subd</name>
         <value>0xa614</value>
         <object_component_ref idref="oc-d1"/>
      </symbol>
      <symbol id="sm-5b2">
         <name>__c28xabi_dtoi</name>
         <value>0x9f66</value>
         <object_component_ref idref="oc-c5"/>
      </symbol>
      <symbol id="sm-5c0">
         <name>__c28xabi_ftod</name>
         <value>0xa15e</value>
         <object_component_ref idref="oc-70"/>
      </symbol>
      <symbol id="sm-5cc">
         <name>__c28xabi_dtof</name>
         <value>0x9ede</value>
         <object_component_ref idref="oc-7b"/>
      </symbol>
      <symbol id="sm-5d9">
         <name>_system_pre_init</name>
         <value>0xa6e4</value>
         <object_component_ref idref="oc-11b"/>
      </symbol>
      <symbol id="sm-5e8">
         <name>__TI_auto_init_nobinit_nopinit</name>
         <value>0x9d0e</value>
         <object_component_ref idref="oc-172"/>
      </symbol>
      <symbol id="sm-5f7">
         <name>__TI_zero_init_nomemset</name>
         <value>0xa649</value>
         <object_component_ref idref="oc-5a"/>
      </symbol>
      <symbol id="sm-604">
         <name>__TI_decompress_none</name>
         <value>0xa6b3</value>
         <object_component_ref idref="oc-19"/>
      </symbol>
      <symbol id="sm-618">
         <name>__TI_decompress_lzss</name>
         <value>0x9bfc</value>
         <object_component_ref idref="oc-13"/>
      </symbol>
      <symbol id="sm-62e">
         <name>C$$EXIT</name>
         <value>0x9d63</value>
         <object_component_ref idref="oc-128"/>
      </symbol>
      <symbol id="sm-62f">
         <name>abort</name>
         <value>0x9d63</value>
         <object_component_ref idref="oc-128"/>
      </symbol>
      <symbol id="sm-630">
         <name>exit</name>
         <value>0x9d65</value>
         <object_component_ref idref="oc-128"/>
      </symbol>
      <symbol id="sm-631">
         <name>__TI_dtors_ptr</name>
         <value>0xadb2</value>
         <object_component_ref idref="oc-1aa"/>
      </symbol>
      <symbol id="sm-632">
         <name>__TI_cleanup_ptr</name>
         <value>0xadb0</value>
         <object_component_ref idref="oc-1aa"/>
      </symbol>
      <symbol id="sm-633">
         <name>__TI_enable_exit_profile_output</name>
         <value>0xadae</value>
         <object_component_ref idref="oc-1aa"/>
      </symbol>
      <symbol id="sm-64a">
         <name>_nop</name>
         <value>0xa6a9</value>
         <object_component_ref idref="oc-228"/>
      </symbol>
      <symbol id="sm-64b">
         <name>_lock</name>
         <value>0xadb4</value>
         <object_component_ref idref="oc-1ad"/>
      </symbol>
      <symbol id="sm-64c">
         <name>_unlock</name>
         <value>0xadb6</value>
         <object_component_ref idref="oc-2d5"/>
      </symbol>
      <symbol id="sm-64d">
         <name>_register_lock</name>
         <value>0xa6a5</value>
         <object_component_ref idref="oc-228"/>
      </symbol>
      <symbol id="sm-64e">
         <name>_register_unlock</name>
         <value>0xa6a1</value>
         <object_component_ref idref="oc-228"/>
      </symbol>
      <symbol id="sm-65d">
         <name>_args_main</name>
         <value>0xa662</value>
         <object_component_ref idref="oc-122"/>
      </symbol>
      <symbol id="sm-699">
         <name>__rem_pio2</name>
         <value>0x8800</value>
         <object_component_ref idref="oc-d6"/>
      </symbol>
      <symbol id="sm-70a">
         <name>__kernel_rem_pio2</name>
         <value>0x8000</value>
         <object_component_ref idref="oc-157"/>
      </symbol>
      <symbol id="sm-72c">
         <name>__kernel_cos</name>
         <value>0x8e9b</value>
         <object_component_ref idref="oc-dc"/>
      </symbol>
      <symbol id="sm-74f">
         <name>__kernel_sin</name>
         <value>0x867c</value>
         <object_component_ref idref="oc-cb"/>
      </symbol>
      <symbol id="sm-772">
         <name>floorl</name>
         <value>0x9000</value>
         <object_component_ref idref="oc-1d3"/>
      </symbol>
      <symbol id="sm-773">
         <name>floor</name>
         <value>0x9000</value>
         <object_component_ref idref="oc-1d3"/>
      </symbol>
      <symbol id="sm-795">
         <name>scalbn</name>
         <value>0x9418</value>
         <object_component_ref idref="oc-1cd"/>
      </symbol>
      <symbol id="sm-796">
         <name>scalbnl</name>
         <value>0x9418</value>
         <object_component_ref idref="oc-1cd"/>
      </symbol>
      <symbol id="sm-797">
         <name>ldexpl</name>
         <value>0x9418</value>
         <object_component_ref idref="oc-1cd"/>
      </symbol>
      <symbol id="sm-798">
         <name>ldexp</name>
         <value>0x9418</value>
         <object_component_ref idref="oc-1cd"/>
      </symbol>
      <symbol id="sm-7a6">
         <name>copysign</name>
         <value>0x9eba</value>
         <object_component_ref idref="oc-23e"/>
      </symbol>
      <symbol id="sm-7a7">
         <name>copysignl</name>
         <value>0x9eba</value>
         <object_component_ref idref="oc-23e"/>
      </symbol>
      <symbol id="sm-7be">
         <name>__c28xabi_addd</name>
         <value>0x94c1</value>
         <object_component_ref idref="oc-138"/>
      </symbol>
      <symbol id="sm-7ca">
         <name>__c28xabi_cmpd</name>
         <value>0x9d39</value>
         <object_component_ref idref="oc-152"/>
      </symbol>
      <symbol id="sm-7d8">
         <name>__c28xabi_mpyd</name>
         <value>0x955d</value>
         <object_component_ref idref="oc-130"/>
      </symbol>
      <symbol id="sm-7e3">
         <name>__c28xabi_dtol</name>
         <value>0xa000</value>
         <object_component_ref idref="oc-145"/>
      </symbol>
      <symbol id="sm-7eb">
         <name>__c28xabi_orll</name>
         <value>0xa266</value>
         <object_component_ref idref="oc-140"/>
      </symbol>
      <symbol id="sm-7ec">
         <name>__c28xabi_xorll</name>
         <value>0xa26e</value>
         <object_component_ref idref="oc-140"/>
      </symbol>
      <symbol id="sm-7ed">
         <name>__c28xabi_andll</name>
         <value>0xa25e</value>
         <object_component_ref idref="oc-140"/>
      </symbol>
      <symbol id="sm-7f7">
         <name>__c28xabi_modi</name>
         <value>0x9f34</value>
         <object_component_ref idref="oc-1c2"/>
      </symbol>
      <symbol id="sm-7f8">
         <name>__c28xabi_divi</name>
         <value>0x9f23</value>
         <object_component_ref idref="oc-1c2"/>
      </symbol>
      <symbol id="sm-804">
         <name>__c28xabi_ltod</name>
         <value>0xa17a</value>
         <object_component_ref idref="oc-14a"/>
      </symbol>
      <symbol id="sm-817">
         <name>memcpy</name>
         <value>0xa0d1</value>
         <object_component_ref idref="oc-52"/>
      </symbol>
      <symbol id="sm-824">
         <name>_system_post_cinit</name>
         <value>0x9fff</value>
         <object_component_ref idref="oc-1ec"/>
      </symbol>
      <symbol id="sm-82f">
         <name>errno</name>
         <value>0xadb8</value>
         <object_component_ref idref="oc-244"/>
      </symbol>
      <symbol id="sm-831">
         <name>__c_args__</name>
         <value>0x0</value>
      </symbol>
   </symbol_table>
   <title>Link successful</title>
</link_info>
