******************************************************************************
             TMS320C2000 Linker Unix v22.6.1                   
******************************************************************************
>> Linked Fri Jul 26 19:57:37 2024

OUTPUT FILE NAME:   <Inverter_syscfg.out>
ENTRY POINT SYMBOL: "code_start"  address: 00080000


MEMORY CONFIGURATION

         name            origin    length      used     unused   attr    fill
----------------------  --------  ---------  --------  --------  ----  --------
PAGE 0:
  RAMM0                 000000f6   0000030a  00000000  0000030a  RWIX
  RAMLS0                00008000   00000800  00000129  000006d7  RWIX
  RAMLS1                00008800   00000800  00000000  00000800  RWIX
  RAMLS2                00009000   00000800  00000000  00000800  RWIX
  RAMLS3                00009800   00000800  00000000  00000800  RWIX
  RAMLS4                0000a000   00000800  00000000  00000800  RWIX
  BEGIN                 00080000   00000002  00000002  00000000  RWIX
  FLASH_BANK0_SEC0      00080002   00000ffe  00000000  00000ffe  RWIX
  FLASH_BANK0_SEC1      00081000   00001000  0000014b  00000eb5  RWIX
  FLASH_BANK0_SEC2      00082000   00001000  00001000  00000000  RWIX
  FLASH_BANK0_SEC3      00083000   00001000  00001000  00000000  RWIX
  FLASH_BANK0_SEC4      00084000   00001000  000006e8  00000918  RWIX
  FLASH_BANK0_SEC5      00085000   00001000  00000868  00000798  RWIX
  FLASH_BANK0_SEC6      00086000   00001000  00000000  00001000  RWIX
  FLASH_BANK0_SEC7      00087000   00001000  00000000  00001000  RWIX
  FLASH_BANK0_SEC8      00088000   00001000  00000000  00001000  RWIX
  FLASH_BANK0_SEC9      00089000   00001000  00000000  00001000  RWIX
  FLASH_BANK0_SEC10     0008a000   00001000  00000000  00001000  RWIX
  FLASH_BANK0_SEC11     0008b000   00001000  00000000  00001000  RWIX
  FLASH_BANK0_SEC12     0008c000   00001000  00000000  00001000  RWIX
  FLASH_BANK0_SEC13     0008d000   00001000  00000000  00001000  RWIX
  FLASH_BANK0_SEC14     0008e000   00001000  00000000  00001000  RWIX
  FLASH_BANK0_SEC15     0008f000   00001000  00000000  00001000  RWIX
  FLASH_BANK1_SEC0      00090000   00001000  00000000  00001000  RWIX
  FLASH_BANK1_SEC1      00091000   00001000  00000000  00001000  RWIX
  FLASH_BANK1_SEC2      00092000   00001000  00000000  00001000  RWIX
  FLASH_BANK1_SEC3      00093000   00001000  00000000  00001000  RWIX
  FLASH_BANK1_SEC4      00094000   00001000  00000000  00001000  RWIX
  FLASH_BANK1_SEC5      00095000   00001000  00000000  00001000  RWIX
  FLASH_BANK1_SEC6      00096000   00001000  00000000  00001000  RWIX
  FLASH_BANK1_SEC7      00097000   00001000  00000000  00001000  RWIX
  FLASH_BANK1_SEC8      00098000   00001000  00000000  00001000  RWIX
  FLASH_BANK1_SEC9      00099000   00001000  00000000  00001000  RWIX
  FLASH_BANK1_SEC10     0009a000   00001000  00000000  00001000  RWIX
  FLASH_BANK1_SEC11     0009b000   00001000  00000000  00001000  RWIX
  FLASH_BANK1_SEC12     0009c000   00001000  00000000  00001000  RWIX
  FLASH_BANK1_SEC13     0009d000   00001000  00000000  00001000  RWIX
  FLASH_BANK1_SEC14     0009e000   00001000  00000000  00001000  RWIX
  FLASH_BANK1_SEC15     0009f000   00000ff0  00000000  00000ff0  RWIX
  RESET                 003fffc0   00000002  00000000  00000002  RWIX

PAGE 1:
  BOOT_RSVD             00000002   000000f1  00000000  000000f1  RWIX
  RAMM1                 00000400   000003f8  000003f8  00000000  RWIX
  RAMLS5                0000a800   00000800  0000002b  000007d5  RWIX
  RAMLS6                0000b000   00000800  00000000  00000800  RWIX
  RAMLS7                0000b800   00000800  00000000  00000800  RWIX
  RAMGS0                0000c000   00002000  00000000  00002000  RWIX
  RAMGS1                0000e000   00002000  00000000  00002000  RWIX
  RAMGS2                00010000   00002000  00000000  00002000  RWIX
  RAMGS3                00012000   00001ff8  00000000  00001ff8  RWIX


SECTION ALLOCATION MAP

 output                                  attributes/
section   page    origin      length       input sections
--------  ----  ----------  ----------   ----------------
codestart 
*          0    00080000    00000002     
                  00080000    00000002     f28004x_codestartbranch.obj (codestart)

.cinit     0    0008112c    00000022     
                  0008112c    0000000f     (.cinit..data.load) [load image, compression = lzss]
                  0008113b    00000001     --HOLE-- [fill = 0]
                  0008113c    00000006     (__TI_handler_table)
                  00081142    00000004     (.cinit..bss.load) [load image, compression = zero_init]
                  00081146    00000008     (__TI_cinit_table)

.reset     0    003fffc0    00000000     DSECT

.stack     1    00000400    000003f8     UNINITIALIZED
                  00000400    000003f8     --HOLE--

.init_array 
*          0    00081000    00000000     UNINITIALIZED

.bss       1    0000a800    00000016     UNINITIALIZED
                  0000a800    0000000a     main.obj (.bss:AdcBuf0)
                  0000a80a    0000000a     main.obj (.bss:AdcBuf1)
                  0000a814    00000002     main.obj (.bss)

.data      1    0000a816    00000015     UNINITIALIZED
                  0000a816    0000000a     main.obj (.data)
                  0000a820    00000006     rts2800_fpu32_eabi.lib : exit.c.obj (.data)
                  0000a826    00000002                            : _lock.c.obj (.data:_lock)
                  0000a828    00000002                            : _lock.c.obj (.data:_unlock)
                  0000a82a    00000001                            : errno.c.obj (.data)

.const     0    00084000    000006e8     
                  00084000    00000143     board.obj (.const:.string)
                  00084143    00000001     --HOLE-- [fill = 0]
                  00084144    000000ed     main.obj (.const:.string)
                  00084231    00000001     --HOLE-- [fill = 0]
                  00084232    0000009b     driverlib_eabi.lib : flash.obj (.const:.string)
                  000842cd    00000001     --HOLE-- [fill = 0]
                  000842ce    0000009a                        : sysctl.obj (.const:.string)
                  00084368    00000098                        : gpio.obj (.const:.string)
                  00084400    00000084     rts2800_fpu32_eabi.lib : k_rem_pio2.c.obj (.const:ipio2)
                  00084484    00000065     device.obj (.const:.string)
                  000844e9    00000001     --HOLE-- [fill = 0]
                  000844ea    0000000c     rts2800_fpu32_eabi.lib : s_floor.c.obj (.const)
                  000844f6    00000006     main.obj (.const)
                  000844fc    00000004     rts2800_fpu32_eabi.lib : k_rem_pio2.c.obj (.const:init_jk)
                  00084500    00000064                            : e_rem_pio2.c.obj (.const)
                  00084564    00000050     driverlib_eabi.lib : cputimer.obj (.const:.string)
                  000845b4    0000004b                        : adc.obj (.const:.string)
                  000845ff    00000001     --HOLE-- [fill = 0]
                  00084600    0000003c     rts2800_fpu32_eabi.lib : k_cos.c.obj (.const)
                  0008463c    00000004                            : s_sin.c.obj (.const)
                  00084640    00000038                            : k_sin.c.obj (.const)
                  00084678    00000008     --HOLE-- [fill = 0]
                  00084680    0000002c                            : k_rem_pio2.c.obj (.const)
                  000846ac    00000020                            : k_rem_pio2.c.obj (.const:PIo2)
                  000846cc    0000001c                            : s_scalbn.c.obj (.const)

.TI.ramfunc 
*          0    00081000    00000129     RUN ADDR = 00008000
                  00081000    00000044     driverlib_eabi.lib : flash.obj (.TI.ramfunc:Flash_initModule)
                  00081044    0000002c                        : flash.obj (.TI.ramfunc:Flash_setBankPowerMode)
                  00081070    00000024                        : flash.obj (.TI.ramfunc:Flash_setWaitstates)
                  00081094    0000001d                        : flash.obj (.TI.ramfunc:Flash_setPumpPowerMode)
                  000810b1    00000018                        : flash.obj (.TI.ramfunc:Flash_disableCache)
                  000810c9    00000018                        : flash.obj (.TI.ramfunc:Flash_disablePrefetch)
                  000810e1    00000017                        : flash.obj (.TI.ramfunc:Flash_enableCache)
                  000810f8    00000017                        : flash.obj (.TI.ramfunc:Flash_enablePrefetch)
                  0008110f    00000016                        : flash.obj (.TI.ramfunc:Flash_enableECC)
                  00081125    00000004                        : sysctl.obj (.TI.ramfunc)

.text.1    0    00082000    00001000     
                  00082000    0000067c     rts2800_fpu32_eabi.lib : k_rem_pio2.c.obj (.text)
                  0008267c    00000431                            : e_rem_pio2.c.obj (.text)
                  00082aad    0000026f     board.obj (.text:EPWM_init)
                  00082d1c    00000125     rts2800_fpu32_eabi.lib : k_sin.c.obj (.text)
                  00082e41    00000113                            : k_cos.c.obj (.text)
                  00082f54    000000a9                            : s_scalbn.c.obj (.text)
                  00082ffd    00000003     board.obj (.text:ADC_init)

.text.2    0    00083000    00001000     
                  00083000    000000e8     rts2800_fpu32_eabi.lib : s_floor.c.obj (.text)
                  000830e8    000000e0     device.obj (.text:Device_enableAllPeripherals)
                  000831c8    000000cb     rts2800_fpu32_eabi.lib : s_sin.c.obj (.text)
                  00083293    000000c8     driverlib_eabi.lib : sysctl.obj (.text:SysCtl_setClock)
                  0008335b    000000bd                        : sysctl.obj (.text:SysCtl_isPLLValid)
                  00083418    0000009c     rts2800_fpu32_eabi.lib : fd_add28.asm.obj (.text)
                  000834b4    00000083                            : fd_mpy28.asm.obj (.text)
                  00083537    00000075     board.obj (.text:EPWM_setADCTriggerSource)
                  000835ac    00000073     driverlib_eabi.lib : sysctl.obj (.text:DCC_setCounterSeeds)
                  0008361f    00000071     main.obj (.text:INT_myCPUTIMER0_ISR)
                  00083690    00000070     main.obj (.text:INT_myADCA_2_ISR)
                  00083700    00000062     device.obj (.text:Device_init)
                  00083762    0000005e     driverlib_eabi.lib : sysctl.obj (.text:SysCtl_getClock)
                  000837c0    0000005a     board.obj (.text:PinMux_init)
                  0008381a    00000059     board.obj (.text:myADCA_init)
                  00083873    00000052     driverlib_eabi.lib : gpio.obj (.text:GPIO_setPadConfig)
                  000838c5    0000004c                        : adc.obj (.text:ADC_setVREF)
                  00083911    0000004b     board.obj (.text:EPWM_setInterruptSource)
                  0008395c    00000049     driverlib_eabi.lib : sysctl.obj (.text:SysCtl_selectOscSource)
                  000839a5    00000046     board.obj (.text:ADC_setupSOC)
                  000839eb    00000045     driverlib_eabi.lib : sysctl.obj (.text:SysCtl_pollX1Counter)
                  00083a30    00000042     main.obj (.text:main)
                  00083a72    00000040     board.obj (.text:EPWM_setActionQualifierAction)
                  00083ab2    00000040     driverlib_eabi.lib : sysctl.obj (.text:SysCtl_selectXTAL)
                  00083af2    0000003e     board.obj (.text:EPWM_setCounterCompareShadowLoadMode)
                  00083b30    0000003d     driverlib_eabi.lib : interrupt.obj (.text:Interrupt_initModule)
                  00083b6d    0000003a     board.obj (.text:EPWM_setADCTriggerEventPrescale)
                  00083ba7    0000003a     driverlib_eabi.lib : gpio.obj (.text:GPIO_setAnalogMode)
                  00083be1    00000037                        : gpio.obj (.text:GPIO_setControllerCore)
                  00083c18    00000037                        : gpio.obj (.text:GPIO_setPinConfig)
                  00083c4f    00000037                        : gpio.obj (.text:GPIO_setQualificationMode)
                  00083c86    00000037                        : interrupt.obj (.text:Interrupt_enable)
                  00083cbd    00000031                        : gpio.obj (.text:GPIO_setDirectionMode)
                  00083cee    00000030     rts2800_fpu32_eabi.lib : copy_decompress_lzss.c.obj (.text:decompress:lzss)
                  00083d1e    0000002f     board.obj (.text:ADC_setInterruptSource)
                  00083d4d    0000002e     board.obj (.text:ADC_setInterruptSOCTrigger)
                  00083d7b    0000002c     board.obj (.text:EPWM_setDeadBandDelayMode)
                  00083da7    0000002b     board.obj (.text:EPWM_isBaseValid)
                  00083dd2    0000002b     main.obj (.text:EPWM_isBaseValid)
                  00083dfd    0000002b     rts2800_fpu32_eabi.lib : autoinit.c.obj (.text:__TI_auto_init_nobinit_nopinit)
                  00083e28    0000002a                            : fd_cmp28.asm.obj (.text)
                  00083e52    00000029                            : exit.c.obj (.text)
                  00083e7b    00000028     driverlib_eabi.lib : adc.obj (.text:ADC_setOffsetTrimAll)
                  00083ea3    00000027     board.obj (.text:EPWM_setSyncOutPulseMode)
                  00083eca    00000027     board.obj (.text:HRPWM_setSyncPulseSource)
                  00083ef1    00000027     board.obj (.text:SysCtl_setSyncInputConfig)
                  00083f18    00000025     driverlib_eabi.lib : sysctl.obj (.text:SysCtl_selectXTALSingleEnded)
                  00083f3d    00000024                        : sysctl.obj (.text:DCC_enableSingleShotMode)
                  00083f61    00000024     board.obj (.text:EPWM_setDeadBandDelayPolarity)
                  00083f85    00000024     board.obj (.text:myCPUTIMER0_init)
                  00083fa9    00000024     rts2800_fpu32_eabi.lib : s_copysign.c.obj (.text)
                  00083fcd    00000023                            : fd_tofsfpu32.asm.obj (.text)
                  00083ff0    00000010     driverlib_eabi.lib : sysctl.obj (.text:DCC_isBaseValid)

.text.3    0    00085000    00000868     
                  00085000    00000022     board.obj (.text:EPWM_setCounterCompareValue)
                  00085022    00000022     main.obj (.text:EPWM_setCounterCompareValue)
                  00085044    00000022     rts2800_fpu32_eabi.lib : i_div28.asm.obj (.text)
                  00085066    00000021     board.obj (.text:ADC_disableContinuousMode)
                  00085087    00000021     rts2800_fpu32_eabi.lib : fd_toi28.asm.obj (.text)
                  000850a8    00000020     board.obj (.text:ADC_enableInterrupt)
                  000850c8    0000001f     board.obj (.text:EPWM_setFallingEdgeDelayCountShadowLoadMode)
                  000850e7    0000001f     board.obj (.text:EPWM_setRisingEdgeDelayCountShadowLoadMode)
                  00085106    0000001f     main.obj (.text:GPIO_togglePin)
                  00085125    0000001f     rts2800_fpu32_eabi.lib : fd_tol28.asm.obj (.text)
                  00085144    0000001e     driverlib_eabi.lib : sysctl.obj (.text:DCC_setCounter1ClkSource)
                  00085162    0000001e     board.obj (.text:EPWM_setPhaseShift)
                  00085180    0000001e     driverlib_eabi.lib : interrupt.obj (.text:Interrupt_initVectorTable)
                  0008519e    0000001e     board.obj (.text:SYNC_init)
                  000851bc    0000001d     main.obj (.text:ADC_getInterruptOverflowStatus)
                  000851d9    0000001d     board.obj (.text:EPWM_setFallingEdgeDelayCount)
                  000851f6    0000001d     board.obj (.text:EPWM_setRisingEdgeDelayCount)
                  00085213    0000001d     rts2800_fpu32_eabi.lib : memcpy.c.obj (.text)
                  00085230    0000001c     board.obj (.text:ADC_setSOCPriority)
                  0008524c    0000001c     driverlib_eabi.lib : sysctl.obj (.text:DCC_setCounter0ClkSource)
                  00085268    0000001c     board.obj (.text:EPWM_enableADCTrigger)
                  00085284    0000001c     board.obj (.text:EPWM_setClockPrescaler)
                  000852a0    0000001c     rts2800_fpu32_eabi.lib : fs_tofdfpu32.asm.obj (.text)
                  000852bc    0000001c                            : l_tofd28.asm.obj (.text)
                  000852d8    0000001a     main.obj (.text:ADC_readResult)
                  000852f2    0000001a     board.obj (.text:ASysCtl_setAnalogReference1P65)
                  0008530c    0000001a     board.obj (.text:CPUTimer_startTimer)
                  00085326    0000001a     driverlib_eabi.lib : sysctl.obj (.text:SysCtl_getLowSpeedClock)
                  00085340    00000019     board.obj (.text:EPWM_setCountModeAfterSync)
                  00085359    00000019     board.obj (.text:INTERRUPT_init)
                  00085372    00000018     board.obj (.text:ASysCtl_setAnalogReferenceInternal)
                  0008538a    00000018     board.obj (.text:EPWM_disableFallingEdgeDelayCountShadowLoadMode)
                  000853a2    00000018     board.obj (.text:EPWM_disableRisingEdgeDelayCountShadowLoadMode)
                  000853ba    00000018     rts2800_fpu32_eabi.lib : ll_aox28.asm.obj (.text)
                  000853d2    00000017     board.obj (.text:ADC_isBaseValid)
                  000853e9    00000017     driverlib_eabi.lib : adc.obj (.text:ADC_isBaseValid)
                  00085400    00000017     main.obj (.text:ADC_isBaseValid)
                  00085417    00000017     board.obj (.text:CPUTimer_isBaseValid)
                  0008542e    00000017     driverlib_eabi.lib : cputimer.obj (.text:CPUTimer_isBaseValid)
                  00085445    00000017     board.obj (.text:CPUTimer_setPreScaler)
                  0008545c    00000017     device.obj (.text:SysCtl_enablePeripheral)
                  00085473    00000017     driverlib_eabi.lib : sysctl.obj (.text:SysCtl_enablePeripheral)
                  0008548a    00000017     rts2800_fpu32_eabi.lib : boot28.asm.obj (.text)
                  000854a1    00000016     board.obj (.text:ADC_setInterruptPulseMode)
                  000854b7    00000016     board.obj (.text:ADC_setPrescaler)
                  000854cd    00000016     driverlib_eabi.lib : sysctl.obj (.text:DCC_disableDoneSignal)
                  000854e3    00000016                        : sysctl.obj (.text:DCC_enableDoneSignal)
                  000854f9    00000016                        : interrupt.obj (.text:Interrupt_defaultHandler)
                  0008550f    00000015     board.obj (.text:ADC_disableBurstMode)
                  00085524    00000015     board.obj (.text:CPUTimer_enableInterrupt)
                  00085539    00000015     driverlib_eabi.lib : sysctl.obj (.text:DCC_clearDoneFlag)
                  0008554e    00000015                        : sysctl.obj (.text:DCC_clearErrorFlag)
                  00085563    00000015                        : sysctl.obj (.text:DCC_disableErrorSignal)
                  00085578    00000015                        : sysctl.obj (.text:DCC_enableErrorSignal)
                  0008558d    00000015     device.obj (.text:GPIO_unlockPortConfig)
                  000855a2    00000014     main.obj (.text:ADC_clearInterruptOverflowStatus)
                  000855b6    00000014     board.obj (.text:ADC_clearInterruptStatus)
                  000855ca    00000014     main.obj (.text:ADC_clearInterruptStatus)
                  000855de    00000014     board.obj (.text:CPUTimer_reloadTimerCounter)
                  000855f2    00000014     board.obj (.text:CPUTimer_stopTimer)
                  00085606    00000014     driverlib_eabi.lib : sysctl.obj (.text:DCC_disableModule)
                  0008561a    00000014                        : sysctl.obj (.text:DCC_enableModule)
                  0008562e    00000014     board.obj (.text:EPWM_setTimeBaseCounterMode)
                  00085642    00000014     board.obj (.text:EPWM_setTimeBasePeriod)
                  00085656    00000014     driverlib_eabi.lib : gpio.obj (.text:GPIO_isPinValid)
                  0008566a    00000014     main.obj (.text:GPIO_isPinValid)
                  0008567e    00000014     board.obj (.text:LED_init)
                  00085692    00000013     board.obj (.text:ADC_enableConverter)
                  000856a5    00000013     board.obj (.text:Board_init)
                  000856b8    00000013     driverlib_eabi.lib : cputimer.obj (.text:CPUTimer_setEmulationMode)
                  000856cb    00000013     board.obj (.text:EPWM_enableInterrupt)
                  000856de    00000012     board.obj (.text:EPWM_setTimeBaseCounter)
                  000856f0    00000012     board.obj (.text:SysCtl_setSyncOutputConfig)
                  00085702    00000011     board.obj (.text:CPUTimer_setPeriod)
                  00085713    00000011     board.obj (.text:EPWM_disablePhaseShiftLoad)
                  00085724    00000011     board.obj (.text:EPWM_enablePhaseShiftLoad)
                  00085735    00000011     board.obj (.text:EPWM_forceSyncPulse)
                  00085746    00000010     device.obj (.text:Device_initGPIO)
                  00085756    00000010     driverlib_eabi.lib : flash.obj (.text:Flash_isCtrlBaseValid)
                  00085766    00000010                        : flash.obj (.text:Flash_isECCBaseValid)
                  00085776    0000000f     device.obj (.text:ASysCtl_disableDCDC)
                  00085785    0000000f     board.obj (.text:Interrupt_register)
                  00085794    0000000e     rts2800_fpu32_eabi.lib : fd_sub28.asm.obj (.text)
                  000857a2    0000000d     driverlib_eabi.lib : interrupt.obj (.text:Interrupt_disableGlobal)
                  000857af    0000000d                        : interrupt.obj (.text:Interrupt_enableGlobal)
                  000857bc    0000000d     device.obj (.text:SysCtl_setLowSpeedClock)
                  000857c9    0000000d     rts2800_fpu32_eabi.lib : copy_zero_init.c.obj (.text:decompress:ZI:__TI_zero_init_nomemset)
                  000857d6    0000000c     board.obj (.text:SysCtl_enableExtADCSOCSource)
                  000857e2    0000000c     rts2800_fpu32_eabi.lib : args_main.c.obj (.text)
                  000857ee    0000000b     device.obj (.text:SysCtl_disableWatchdog)
                  000857f9    0000000b     driverlib_eabi.lib : sysctl.obj (.text:SysCtl_isMCDClockFailureDetected)
                  00085804    0000000a                        : interrupt.obj (.text:Interrupt_illegalOperationHandler)
                  0008580e    0000000a                        : interrupt.obj (.text:Interrupt_nmiHandler)
                  00085818    00000009     board.obj (.text:ASYSCTL_init)
                  00085821    00000009     rts2800_fpu32_eabi.lib : _lock.c.obj (.text)
                  0008582a    00000009                            : fd_neg28.asm.obj (.text)
                  00085833    00000008                            : copy_decompress_none.c.obj (.text:decompress:none)
                  0008583b    00000008     f28004x_codestartbranch.obj (.text)
                  00085843    00000007     board.obj (.text:ASysCtl_disableTemperatureSensor)
                  0008584a    00000007     driverlib_eabi.lib : sysctl.obj (.text:SysCtl_resetMCD)
                  00085851    00000007     device.obj (.text:__error__)
                  00085858    00000006     main.obj (.text:Interrupt_clearACKGroup)
                  0008585e    00000003     board.obj (.text:CPUTIMER_init)
                  00085861    00000003     board.obj (.text:GPIO_init)
                  00085864    00000002     rts2800_fpu32_eabi.lib : pre_init.c.obj (.text)
                  00085866    00000001     c2000ware_libraries.obj (.text:C2000Ware_libraries_init)
                  00085867    00000001     rts2800_fpu32_eabi.lib : startup.c.obj (.text)

MODULE SUMMARY

       Module                        code    ro data   rw data
       ------                        ----    -------   -------
    ./
       main.obj                      543     243       32     
    +--+-----------------------------+-------+---------+---------+
       Total:                        543     243       32     
                                                              
    ./device/
       device.obj                    428     101       0      
       f28004x_codestartbranch.obj   10      0         0      
    +--+-----------------------------+-------+---------+---------+
       Total:                        438     101       0      
                                                              
    ./syscfg/
       board.obj                     2642    323       0      
       c2000ware_libraries.obj       1       0         0      
    +--+-----------------------------+-------+---------+---------+
       Total:                        2643    323       0      
                                                              
    /Applications/ti/c2000/C2000Ware_5_02_00_00/driverlib/f28004x/driverlib/ccs/Debug/driverlib_eabi.lib
       sysctl.obj                    1194    154       0      
       flash.obj                     618     155       0      
       gpio.obj                      374     152       0      
       adc.obj                       139     75        0      
       interrupt.obj                 214     0         0      
       cputimer.obj                  42      80        0      
    +--+-----------------------------+-------+---------+---------+
       Total:                        2581    616       0      
                                                              
    /Applications/ti/ccstheia140/ccs/tools/compiler/ti-cgt-c2000_22.6.1A23259/lib/rts2800_fpu32_eabi.lib
       k_rem_pio2.c.obj              1660    212       0      
       e_rem_pio2.c.obj              1073    100       0      
       k_sin.c.obj                   293     56        0      
       k_cos.c.obj                   275     60        0      
       s_floor.c.obj                 232     12        0      
       s_sin.c.obj                   203     4         0      
       s_scalbn.c.obj                169     28        0      
       fd_add28.asm.obj              156     0         0      
       fd_mpy28.asm.obj              131     0         0      
       copy_decompress_lzss.c.obj    48      0         0      
       exit.c.obj                    41      0         6      
       autoinit.c.obj                43      0         0      
       fd_cmp28.asm.obj              42      0         0      
       s_copysign.c.obj              36      0         0      
       fd_tofsfpu32.asm.obj          35      0         0      
       i_div28.asm.obj               34      0         0      
       fd_toi28.asm.obj              33      0         0      
       fd_tol28.asm.obj              31      0         0      
       memcpy.c.obj                  29      0         0      
       fs_tofdfpu32.asm.obj          28      0         0      
       l_tofd28.asm.obj              28      0         0      
       ll_aox28.asm.obj              24      0         0      
       boot28.asm.obj                23      0         0      
       fd_sub28.asm.obj              14      0         0      
       _lock.c.obj                   9       0         4      
       copy_zero_init.c.obj          13      0         0      
       args_main.c.obj               12      0         0      
       fd_neg28.asm.obj              9       0         0      
       copy_decompress_none.c.obj    8       0         0      
       pre_init.c.obj                2       0         0      
       errno.c.obj                   0       0         1      
       startup.c.obj                 1       0         0      
    +--+-----------------------------+-------+---------+---------+
       Total:                        4735    472       11     
                                                              
       Stack:                        0       0         1016   
       Linker Generated:             0       33        0      
    +--+-----------------------------+-------+---------+---------+
       Grand Total:                  10940   1788      1059   


LINKER GENERATED COPY TABLES

__TI_cinit_table @ 00081146 records: 2, size/record: 4, table size: 8
	.data: load addr=0008112c, load size=0000000f bytes, run addr=0000a816, run size=00000015 bytes, compression=lzss
	.bss: load addr=00081142, load size=00000004 bytes, run addr=0000a800, run size=00000016 bytes, compression=zero_init


LINKER GENERATED HANDLER TABLE

__TI_handler_table @ 0008113c records: 3, size/record: 2, table size: 6
	index: 0, handler: __TI_zero_init
	index: 1, handler: __TI_decompress_lzss
	index: 2, handler: __TI_decompress_none


GLOBAL DATA SYMBOLS: SORTED BY DATA PAGE

address     data page           name
--------    ----------------    ----
00000400      10 (00000400)     __stack

0000a800     2a0 (0000a800)     AdcBuf0
0000a80a     2a0 (0000a800)     AdcBuf1
0000a814     2a0 (0000a800)     compare1
0000a815     2a0 (0000a800)     compare2
0000a818     2a0 (0000a800)     ref_mod_inverter
0000a81a     2a0 (0000a800)     V_mod_inverter
0000a820     2a0 (0000a800)     __TI_enable_exit_profile_output
0000a822     2a0 (0000a800)     __TI_cleanup_ptr
0000a824     2a0 (0000a800)     __TI_dtors_ptr
0000a826     2a0 (0000a800)     _lock
0000a828     2a0 (0000a800)     _unlock
0000a82a     2a0 (0000a800)     errno


GLOBAL SYMBOLS: SORTED ALPHABETICALLY BY Name 

page  address   name                             
----  -------   ----                             
0     00082ffd  ADC_init                         
0     00083e7b  ADC_setOffsetTrimAll             
0     000838c5  ADC_setVREF                      
0     00085818  ASYSCTL_init                     
1     0000a800  AdcBuf0                          
1     0000a80a  AdcBuf1                          
0     000856a5  Board_init                       
0     00083e52  C$$EXIT                          
0     00085866  C2000Ware_libraries_init         
0     0008585e  CPUTIMER_init                    
0     000856b8  CPUTimer_setEmulationMode        
0     000830e8  Device_enableAllPeripherals      
0     00083700  Device_init                      
0     00085746  Device_initGPIO                  
0     00082aad  EPWM_init                        
0     00008000  Flash_initModule                 
0     00085861  GPIO_init                        
0     00083ba7  GPIO_setAnalogMode               
0     00083be1  GPIO_setControllerCore           
0     00083cbd  GPIO_setDirectionMode            
0     00083873  GPIO_setPadConfig                
0     00083c18  GPIO_setPinConfig                
0     00083c4f  GPIO_setQualificationMode        
0     00085359  INTERRUPT_init                   
0     00083690  INT_myADCA_2_ISR                 
0     0008361f  INT_myCPUTIMER0_ISR              
0     000854f9  Interrupt_defaultHandler         
0     00083c86  Interrupt_enable                 
0     00085804  Interrupt_illegalOperationHandler
0     00083b30  Interrupt_initModule             
0     00085180  Interrupt_initVectorTable        
0     0008580e  Interrupt_nmiHandler             
0     0008567e  LED_init                         
0     000837c0  PinMux_init                      
0     00081129  RamfuncsLoadEnd                  
abs   00000129  RamfuncsLoadSize                 
0     00081000  RamfuncsLoadStart                
0     00008129  RamfuncsRunEnd                   
abs   00000129  RamfuncsRunSize                  
0     00008000  RamfuncsRunStart                 
0     0008519e  SYNC_init                        
0     00008125  SysCtl_delay                     
0     00083762  SysCtl_getClock                  
0     00085326  SysCtl_getLowSpeedClock          
0     0008335b  SysCtl_isPLLValid                
0     0008395c  SysCtl_selectOscSource           
0     00083ab2  SysCtl_selectXTAL                
0     00083f18  SysCtl_selectXTALSingleEnded     
0     00083293  SysCtl_setClock                  
1     0000a81a  V_mod_inverter                   
0     00081146  __TI_CINIT_Base                  
0     0008114e  __TI_CINIT_Limit                 
0     0008114e  __TI_CINIT_Warm                  
0     0008113c  __TI_Handler_Table_Base          
0     00081142  __TI_Handler_Table_Limit         
1     000007f8  __TI_STACK_END                   
abs   000003f8  __TI_STACK_SIZE                  
0     00083dfd  __TI_auto_init_nobinit_nopinit   
1     0000a822  __TI_cleanup_ptr                 
0     00083cee  __TI_decompress_lzss             
0     00085833  __TI_decompress_none             
1     0000a824  __TI_dtors_ptr                   
1     0000a820  __TI_enable_exit_profile_output  
abs   ffffffff  __TI_pprof_out_hndl              
abs   ffffffff  __TI_prof_data_size              
abs   ffffffff  __TI_prof_data_start             
0     000857c9  __TI_zero_init_nomemset          
0     00083418  __c28xabi_addd                   
0     000853ba  __c28xabi_andll                  
0     00083e28  __c28xabi_cmpd                   
0     00085044  __c28xabi_divi                   
0     00083fcd  __c28xabi_dtof                   
0     00085087  __c28xabi_dtoi                   
0     00085125  __c28xabi_dtol                   
0     000852a0  __c28xabi_ftod                   
0     000852bc  __c28xabi_ltod                   
0     00085055  __c28xabi_modi                   
0     000834b4  __c28xabi_mpyd                   
0     0008582a  __c28xabi_negd                   
0     000853c2  __c28xabi_orll                   
0     00085794  __c28xabi_subd                   
0     000853ca  __c28xabi_xorll                  
n/a   UNDEFED   __c_args__                       
0     00085851  __error__                        
0     00082e41  __kernel_cos                     
0     00082000  __kernel_rem_pio2                
0     00082d1c  __kernel_sin                     
0     0008267c  __rem_pio2                       
1     00000400  __stack                          
0     000857e2  _args_main                       
0     0008548a  _c_int00                         
1     0000a826  _lock                            
0     00085829  _nop                             
0     00085825  _register_lock                   
0     00085821  _register_unlock                 
0     00085867  _system_post_cinit               
0     00085864  _system_pre_init                 
1     0000a828  _unlock                          
0     00083e52  abort                            
0     00080000  code_start                       
1     0000a814  compare1                         
1     0000a815  compare2                         
0     00083fa9  copysign                         
0     00083fa9  copysignl                        
1     0000a82a  errno                            
0     00083e54  exit                             
0     00083000  floor                            
0     00083000  floorl                           
0     00082f54  ldexp                            
0     00082f54  ldexpl                           
0     00083a30  main                             
0     00085213  memcpy                           
0     0008381a  myADCA_init                      
0     00083f85  myCPUTIMER0_init                 
1     0000a818  ref_mod_inverter                 
0     00082f54  scalbn                           
0     00082f54  scalbnl                          
0     000831c8  sin                              
0     000831c8  sinl                             


GLOBAL SYMBOLS: SORTED BY Symbol Address 

page  address   name                             
----  -------   ----                             
0     00008000  Flash_initModule                 
0     00008000  RamfuncsRunStart                 
0     00008125  SysCtl_delay                     
0     00008129  RamfuncsRunEnd                   
0     00080000  code_start                       
0     00081000  RamfuncsLoadStart                
0     00081129  RamfuncsLoadEnd                  
0     0008113c  __TI_Handler_Table_Base          
0     00081142  __TI_Handler_Table_Limit         
0     00081146  __TI_CINIT_Base                  
0     0008114e  __TI_CINIT_Limit                 
0     0008114e  __TI_CINIT_Warm                  
0     00082000  __kernel_rem_pio2                
0     0008267c  __rem_pio2                       
0     00082aad  EPWM_init                        
0     00082d1c  __kernel_sin                     
0     00082e41  __kernel_cos                     
0     00082f54  ldexp                            
0     00082f54  ldexpl                           
0     00082f54  scalbn                           
0     00082f54  scalbnl                          
0     00082ffd  ADC_init                         
0     00083000  floor                            
0     00083000  floorl                           
0     000830e8  Device_enableAllPeripherals      
0     000831c8  sin                              
0     000831c8  sinl                             
0     00083293  SysCtl_setClock                  
0     0008335b  SysCtl_isPLLValid                
0     00083418  __c28xabi_addd                   
0     000834b4  __c28xabi_mpyd                   
0     0008361f  INT_myCPUTIMER0_ISR              
0     00083690  INT_myADCA_2_ISR                 
0     00083700  Device_init                      
0     00083762  SysCtl_getClock                  
0     000837c0  PinMux_init                      
0     0008381a  myADCA_init                      
0     00083873  GPIO_setPadConfig                
0     000838c5  ADC_setVREF                      
0     0008395c  SysCtl_selectOscSource           
0     00083a30  main                             
0     00083ab2  SysCtl_selectXTAL                
0     00083b30  Interrupt_initModule             
0     00083ba7  GPIO_setAnalogMode               
0     00083be1  GPIO_setControllerCore           
0     00083c18  GPIO_setPinConfig                
0     00083c4f  GPIO_setQualificationMode        
0     00083c86  Interrupt_enable                 
0     00083cbd  GPIO_setDirectionMode            
0     00083cee  __TI_decompress_lzss             
0     00083dfd  __TI_auto_init_nobinit_nopinit   
0     00083e28  __c28xabi_cmpd                   
0     00083e52  C$$EXIT                          
0     00083e52  abort                            
0     00083e54  exit                             
0     00083e7b  ADC_setOffsetTrimAll             
0     00083f18  SysCtl_selectXTALSingleEnded     
0     00083f85  myCPUTIMER0_init                 
0     00083fa9  copysign                         
0     00083fa9  copysignl                        
0     00083fcd  __c28xabi_dtof                   
0     00085044  __c28xabi_divi                   
0     00085055  __c28xabi_modi                   
0     00085087  __c28xabi_dtoi                   
0     00085125  __c28xabi_dtol                   
0     00085180  Interrupt_initVectorTable        
0     0008519e  SYNC_init                        
0     00085213  memcpy                           
0     000852a0  __c28xabi_ftod                   
0     000852bc  __c28xabi_ltod                   
0     00085326  SysCtl_getLowSpeedClock          
0     00085359  INTERRUPT_init                   
0     000853ba  __c28xabi_andll                  
0     000853c2  __c28xabi_orll                   
0     000853ca  __c28xabi_xorll                  
0     0008548a  _c_int00                         
0     000854f9  Interrupt_defaultHandler         
0     0008567e  LED_init                         
0     000856a5  Board_init                       
0     000856b8  CPUTimer_setEmulationMode        
0     00085746  Device_initGPIO                  
0     00085794  __c28xabi_subd                   
0     000857c9  __TI_zero_init_nomemset          
0     000857e2  _args_main                       
0     00085804  Interrupt_illegalOperationHandler
0     0008580e  Interrupt_nmiHandler             
0     00085818  ASYSCTL_init                     
0     00085821  _register_unlock                 
0     00085825  _register_lock                   
0     00085829  _nop                             
0     0008582a  __c28xabi_negd                   
0     00085833  __TI_decompress_none             
0     00085851  __error__                        
0     0008585e  CPUTIMER_init                    
0     00085861  GPIO_init                        
0     00085864  _system_pre_init                 
0     00085866  C2000Ware_libraries_init         
0     00085867  _system_post_cinit               
1     00000400  __stack                          
1     000007f8  __TI_STACK_END                   
1     0000a800  AdcBuf0                          
1     0000a80a  AdcBuf1                          
1     0000a814  compare1                         
1     0000a815  compare2                         
1     0000a818  ref_mod_inverter                 
1     0000a81a  V_mod_inverter                   
1     0000a820  __TI_enable_exit_profile_output  
1     0000a822  __TI_cleanup_ptr                 
1     0000a824  __TI_dtors_ptr                   
1     0000a826  _lock                            
1     0000a828  _unlock                          
1     0000a82a  errno                            
abs   00000129  RamfuncsLoadSize                 
abs   00000129  RamfuncsRunSize                  
abs   000003f8  __TI_STACK_SIZE                  
abs   ffffffff  __TI_pprof_out_hndl              
abs   ffffffff  __TI_prof_data_size              
abs   ffffffff  __TI_prof_data_start             
n/a   UNDEFED   __c_args__                       

[119 symbols]
