******************************************************************************
             TMS320C2000 Linker Unix v22.6.1                   
******************************************************************************
>> Linked Fri Jul 26 09:21:24 2024

OUTPUT FILE NAME:   <Inverter.out>
ENTRY POINT SYMBOL: "code_start"  address: 00080000


MEMORY CONFIGURATION

         name            origin    length      used     unused   attr    fill
----------------------  --------  ---------  --------  --------  ----  --------
PAGE 0:
  RAMM0                 000000f6   0000030a  00000000  0000030a  RWIX
  RAMLS0                00008000   00000800  00000129  000006d7  RWIX
  RAMLS1                00008800   00000800  00000000  00000800  RWIX
  RAMLS2                00009000   00000800  00000000  00000800  RWIX
  RAMLS3                00009800   00000800  00000000  00000800  RWIX
  RAMLS4                0000a000   00000800  00000000  00000800  RWIX
  BEGIN                 00080000   00000002  00000002  00000000  RWIX
  FLASH_BANK0_SEC0      00080002   00000ffe  00000000  00000ffe  RWIX
  FLASH_BANK0_SEC1      00081000   00001000  00000145  00000ebb  RWIX
  FLASH_BANK0_SEC2      00082000   00001000  00001000  00000000  RWIX
  FLASH_BANK0_SEC3      00083000   00001000  00001000  00000000  RWIX
  FLASH_BANK0_SEC4      00084000   00001000  0000069c  00000964  RWIX
  FLASH_BANK0_SEC5      00085000   00001000  0000083d  000007c3  RWIX
  FLASH_BANK0_SEC6      00086000   00001000  00000000  00001000  RWIX
  FLASH_BANK0_SEC7      00087000   00001000  00000000  00001000  RWIX
  FLASH_BANK0_SEC8      00088000   00001000  00000000  00001000  RWIX
  FLASH_BANK0_SEC9      00089000   00001000  00000000  00001000  RWIX
  FLASH_BANK0_SEC10     0008a000   00001000  00000000  00001000  RWIX
  FLASH_BANK0_SEC11     0008b000   00001000  00000000  00001000  RWIX
  FLASH_BANK0_SEC12     0008c000   00001000  00000000  00001000  RWIX
  FLASH_BANK0_SEC13     0008d000   00001000  00000000  00001000  RWIX
  FLASH_BANK0_SEC14     0008e000   00001000  00000000  00001000  RWIX
  FLASH_BANK0_SEC15     0008f000   00001000  00000000  00001000  RWIX
  FLASH_BANK1_SEC0      00090000   00001000  00000000  00001000  RWIX
  FLASH_BANK1_SEC1      00091000   00001000  00000000  00001000  RWIX
  FLASH_BANK1_SEC2      00092000   00001000  00000000  00001000  RWIX
  FLASH_BANK1_SEC3      00093000   00001000  00000000  00001000  RWIX
  FLASH_BANK1_SEC4      00094000   00001000  00000000  00001000  RWIX
  FLASH_BANK1_SEC5      00095000   00001000  00000000  00001000  RWIX
  FLASH_BANK1_SEC6      00096000   00001000  00000000  00001000  RWIX
  FLASH_BANK1_SEC7      00097000   00001000  00000000  00001000  RWIX
  FLASH_BANK1_SEC8      00098000   00001000  00000000  00001000  RWIX
  FLASH_BANK1_SEC9      00099000   00001000  00000000  00001000  RWIX
  FLASH_BANK1_SEC10     0009a000   00001000  00000000  00001000  RWIX
  FLASH_BANK1_SEC11     0009b000   00001000  00000000  00001000  RWIX
  FLASH_BANK1_SEC12     0009c000   00001000  00000000  00001000  RWIX
  FLASH_BANK1_SEC13     0009d000   00001000  00000000  00001000  RWIX
  FLASH_BANK1_SEC14     0009e000   00001000  00000000  00001000  RWIX
  FLASH_BANK1_SEC15     0009f000   00000ff0  00000000  00000ff0  RWIX
  RESET                 003fffc0   00000002  00000000  00000002  RWIX

PAGE 1:
  BOOT_RSVD             00000002   000000f1  00000000  000000f1  RWIX
  RAMM1                 00000400   000003f8  000003f8  00000000  RWIX
  RAMLS5                0000a800   00000800  00000013  000007ed  RWIX
  RAMLS6                0000b000   00000800  00000000  00000800  RWIX
  RAMLS7                0000b800   00000800  00000000  00000800  RWIX
  RAMGS0                0000c000   00002000  00000000  00002000  RWIX
  RAMGS1                0000e000   00002000  00000000  00002000  RWIX
  RAMGS2                00010000   00002000  00000000  00002000  RWIX
  RAMGS3                00012000   00001ff8  00000000  00001ff8  RWIX


SECTION ALLOCATION MAP

 output                                  attributes/
section   page    origin      length       input sections
--------  ----  ----------  ----------   ----------------
codestart 
*          0    00080000    00000002     
                  00080000    00000002     f28004x_codestartbranch.obj (codestart)

.cinit     0    0008112c    0000001c     
                  0008112c    0000000a     (.cinit..data.load) [load image, compression = lzss]
                  00081136    00000006     (__TI_handler_table)
                  0008113c    00000004     (.cinit..bss.load) [load image, compression = zero_init]
                  00081140    00000008     (__TI_cinit_table)

.reset     0    003fffc0    00000000     DSECT

.stack     1    00000400    000003f8     UNINITIALIZED
                  00000400    000003f8     --HOLE--

.init_array 
*          0    00081000    00000000     UNINITIALIZED

.bss       1    0000a810    00000004     UNINITIALIZED
                  0000a810    00000004     main.obj (.bss)

.data      1    0000a800    0000000f     UNINITIALIZED
                  0000a800    00000006     rts2800_fpu32_eabi.lib : exit.c.obj (.data)
                  0000a806    00000004     main.obj (.data)
                  0000a80a    00000002     rts2800_fpu32_eabi.lib : _lock.c.obj (.data:_lock)
                  0000a80c    00000002                            : _lock.c.obj (.data:_unlock)
                  0000a80e    00000001                            : errno.c.obj (.data)

.const     0    00084000    0000069c     
                  00084000    00000143     board.obj (.const:.string)
                  00084143    00000001     --HOLE-- [fill = 0]
                  00084144    0000009d     main.obj (.const:.string)
                  000841e1    00000001     --HOLE-- [fill = 0]
                  000841e2    0000009b     driverlib_eabi.lib : flash.obj (.const:.string)
                  0008427d    00000001     --HOLE-- [fill = 0]
                  0008427e    0000009a                        : sysctl.obj (.const:.string)
                  00084318    00000098                        : gpio.obj (.const:.string)
                  000843b0    00000084     rts2800_fpu32_eabi.lib : k_rem_pio2.c.obj (.const:ipio2)
                  00084434    00000065     device.obj (.const:.string)
                  00084499    00000001     --HOLE-- [fill = 0]
                  0008449a    00000020     rts2800_fpu32_eabi.lib : k_rem_pio2.c.obj (.const:PIo2)
                  000844ba    00000004                            : k_rem_pio2.c.obj (.const:init_jk)
                  000844be    00000002     main.obj (.const)
                  000844c0    00000064     rts2800_fpu32_eabi.lib : e_rem_pio2.c.obj (.const)
                  00084524    00000050     driverlib_eabi.lib : cputimer.obj (.const:.string)
                  00084574    0000004b                        : adc.obj (.const:.string)
                  000845bf    00000001     --HOLE-- [fill = 0]
                  000845c0    0000003c     rts2800_fpu32_eabi.lib : k_cos.c.obj (.const)
                  000845fc    00000004                            : s_sin.c.obj (.const)
                  00084600    00000038                            : k_sin.c.obj (.const)
                  00084638    00000008     --HOLE-- [fill = 0]
                  00084640    0000002c                            : k_rem_pio2.c.obj (.const)
                  0008466c    0000000c                            : s_floor.c.obj (.const)
                  00084678    00000008     --HOLE-- [fill = 0]
                  00084680    0000001c                            : s_scalbn.c.obj (.const)

.TI.ramfunc 
*          0    00081000    00000129     RUN ADDR = 00008000
                  00081000    00000044     driverlib_eabi.lib : flash.obj (.TI.ramfunc:Flash_initModule)
                  00081044    0000002c                        : flash.obj (.TI.ramfunc:Flash_setBankPowerMode)
                  00081070    00000024                        : flash.obj (.TI.ramfunc:Flash_setWaitstates)
                  00081094    0000001d                        : flash.obj (.TI.ramfunc:Flash_setPumpPowerMode)
                  000810b1    00000018                        : flash.obj (.TI.ramfunc:Flash_disableCache)
                  000810c9    00000018                        : flash.obj (.TI.ramfunc:Flash_disablePrefetch)
                  000810e1    00000017                        : flash.obj (.TI.ramfunc:Flash_enableCache)
                  000810f8    00000017                        : flash.obj (.TI.ramfunc:Flash_enablePrefetch)
                  0008110f    00000016                        : flash.obj (.TI.ramfunc:Flash_enableECC)
                  00081125    00000004                        : sysctl.obj (.TI.ramfunc)

.text.1    0    00082000    00001000     
                  00082000    0000067c     rts2800_fpu32_eabi.lib : k_rem_pio2.c.obj (.text)
                  0008267c    00000431                            : e_rem_pio2.c.obj (.text)
                  00082aad    00000338     board.obj (.text:EPWM_init)
                  00082de5    00000125     rts2800_fpu32_eabi.lib : k_sin.c.obj (.text)
                  00082f0a    000000e8                            : s_floor.c.obj (.text)
                  00082ff2    0000000e                            : fd_sub28.asm.obj (.text)

.text.2    0    00083000    00001000     
                  00083000    00000113     rts2800_fpu32_eabi.lib : k_cos.c.obj (.text)
                  00083113    000000e0     device.obj (.text:Device_enableAllPeripherals)
                  000831f3    000000cb     rts2800_fpu32_eabi.lib : s_sin.c.obj (.text)
                  000832be    000000c8     driverlib_eabi.lib : sysctl.obj (.text:SysCtl_setClock)
                  00083386    000000bd                        : sysctl.obj (.text:SysCtl_isPLLValid)
                  00083443    000000a9     rts2800_fpu32_eabi.lib : s_scalbn.c.obj (.text)
                  000834ec    0000009c                            : fd_add28.asm.obj (.text)
                  00083588    00000083                            : fd_mpy28.asm.obj (.text)
                  0008360b    00000076     board.obj (.text:PinMux_init)
                  00083681    00000075     board.obj (.text:EPWM_setADCTriggerSource)
                  000836f6    00000073     driverlib_eabi.lib : sysctl.obj (.text:DCC_setCounterSeeds)
                  00083769    00000062     device.obj (.text:Device_init)
                  000837cb    0000005e     driverlib_eabi.lib : sysctl.obj (.text:SysCtl_getClock)
                  00083829    00000059     main.obj (.text:INT_myCPUTIMER0_ISR)
                  00083882    00000052     driverlib_eabi.lib : gpio.obj (.text:GPIO_setPadConfig)
                  000838d4    0000004c                        : adc.obj (.text:ADC_setVREF)
                  00083920    00000049                        : sysctl.obj (.text:SysCtl_selectOscSource)
                  00083969    00000049     board.obj (.text:current_adc_init)
                  000839b2    00000046     board.obj (.text:ADC_setupSOC)
                  000839f8    00000045     driverlib_eabi.lib : sysctl.obj (.text:SysCtl_pollX1Counter)
                  00083a3d    00000040     board.obj (.text:EPWM_setActionQualifierAction)
                  00083a7d    00000040     driverlib_eabi.lib : sysctl.obj (.text:SysCtl_selectXTAL)
                  00083abd    0000003e     board.obj (.text:EPWM_setCounterCompareShadowLoadMode)
                  00083afb    0000003d     driverlib_eabi.lib : interrupt.obj (.text:Interrupt_initModule)
                  00083b38    0000003d     main.obj (.text:main)
                  00083b75    0000003c     main.obj (.text:INT_current_adc_1_ISR)
                  00083bb1    0000003a     board.obj (.text:EPWM_setADCTriggerEventPrescale)
                  00083beb    0000003a     driverlib_eabi.lib : gpio.obj (.text:GPIO_setAnalogMode)
                  00083c25    00000037                        : gpio.obj (.text:GPIO_setControllerCore)
                  00083c5c    00000037                        : gpio.obj (.text:GPIO_setPinConfig)
                  00083c93    00000037                        : gpio.obj (.text:GPIO_setQualificationMode)
                  00083cca    00000037                        : interrupt.obj (.text:Interrupt_enable)
                  00083d01    00000031                        : gpio.obj (.text:GPIO_setDirectionMode)
                  00083d32    00000030     rts2800_fpu32_eabi.lib : copy_decompress_lzss.c.obj (.text:decompress:lzss)
                  00083d62    0000002f     board.obj (.text:ADC_setInterruptSource)
                  00083d91    0000002e     board.obj (.text:ADC_setInterruptSOCTrigger)
                  00083dbf    0000002c     board.obj (.text:EPWM_setDeadBandDelayMode)
                  00083deb    0000002b     board.obj (.text:EPWM_isBaseValid)
                  00083e16    0000002b     main.obj (.text:EPWM_isBaseValid)
                  00083e41    0000002b     rts2800_fpu32_eabi.lib : autoinit.c.obj (.text:__TI_auto_init_nobinit_nopinit)
                  00083e6c    0000002a                            : fd_cmp28.asm.obj (.text)
                  00083e96    00000029                            : exit.c.obj (.text)
                  00083ebf    00000028     driverlib_eabi.lib : adc.obj (.text:ADC_setOffsetTrimAll)
                  00083ee7    00000027     board.obj (.text:EPWM_setSyncOutPulseMode)
                  00083f0e    00000027     board.obj (.text:HRPWM_setSyncPulseSource)
                  00083f35    00000027     board.obj (.text:SysCtl_setSyncInputConfig)
                  00083f5c    00000025     driverlib_eabi.lib : sysctl.obj (.text:SysCtl_selectXTALSingleEnded)
                  00083f81    00000024                        : sysctl.obj (.text:DCC_enableSingleShotMode)
                  00083fa5    00000024     board.obj (.text:EPWM_setDeadBandDelayPolarity)
                  00083fc9    00000024     board.obj (.text:myCPUTIMER0_init)
                  00083fed    00000013     board.obj (.text:ADC_enableConverter)

.text.3    0    00085000    0000083d     
                  00085000    00000024     rts2800_fpu32_eabi.lib : s_copysign.c.obj (.text)
                  00085024    00000023                            : fd_tofsfpu32.asm.obj (.text)
                  00085047    00000022     board.obj (.text:EPWM_setCounterCompareValue)
                  00085069    00000022     main.obj (.text:EPWM_setCounterCompareValue)
                  0008508b    00000022     rts2800_fpu32_eabi.lib : i_div28.asm.obj (.text)
                  000850ad    00000021     board.obj (.text:ADC_disableContinuousMode)
                  000850ce    00000021     rts2800_fpu32_eabi.lib : fd_toi28.asm.obj (.text)
                  000850ef    00000020     board.obj (.text:ADC_enableInterrupt)
                  0008510f    0000001f     board.obj (.text:EPWM_setFallingEdgeDelayCountShadowLoadMode)
                  0008512e    0000001f     board.obj (.text:EPWM_setRisingEdgeDelayCountShadowLoadMode)
                  0008514d    0000001f     rts2800_fpu32_eabi.lib : fd_tol28.asm.obj (.text)
                  0008516c    0000001e     driverlib_eabi.lib : sysctl.obj (.text:DCC_setCounter1ClkSource)
                  0008518a    0000001e     board.obj (.text:EPWM_setPhaseShift)
                  000851a8    0000001e     driverlib_eabi.lib : interrupt.obj (.text:Interrupt_initVectorTable)
                  000851c6    0000001e     board.obj (.text:SYNC_init)
                  000851e4    0000001d     board.obj (.text:EPWM_setFallingEdgeDelayCount)
                  00085201    0000001d     board.obj (.text:EPWM_setRisingEdgeDelayCount)
                  0008521e    0000001d     rts2800_fpu32_eabi.lib : memcpy.c.obj (.text)
                  0008523b    0000001c     board.obj (.text:ADC_setSOCPriority)
                  00085257    0000001c     driverlib_eabi.lib : sysctl.obj (.text:DCC_setCounter0ClkSource)
                  00085273    0000001c     board.obj (.text:EPWM_enableADCTrigger)
                  0008528f    0000001c     board.obj (.text:EPWM_setClockPrescaler)
                  000852ab    0000001c     rts2800_fpu32_eabi.lib : fs_tofdfpu32.asm.obj (.text)
                  000852c7    0000001c                            : l_tofd28.asm.obj (.text)
                  000852e3    0000001a     main.obj (.text:ADC_readResult)
                  000852fd    0000001a     board.obj (.text:ASysCtl_setAnalogReference1P65)
                  00085317    0000001a     board.obj (.text:CPUTimer_startTimer)
                  00085331    0000001a     driverlib_eabi.lib : sysctl.obj (.text:SysCtl_getLowSpeedClock)
                  0008534b    00000019     board.obj (.text:EPWM_setCountModeAfterSync)
                  00085364    00000019     board.obj (.text:INTERRUPT_init)
                  0008537d    00000018     board.obj (.text:ASysCtl_setAnalogReferenceInternal)
                  00085395    00000018     board.obj (.text:EPWM_disableFallingEdgeDelayCountShadowLoadMode)
                  000853ad    00000018     board.obj (.text:EPWM_disableRisingEdgeDelayCountShadowLoadMode)
                  000853c5    00000018     rts2800_fpu32_eabi.lib : ll_aox28.asm.obj (.text)
                  000853dd    00000017     board.obj (.text:ADC_isBaseValid)
                  000853f4    00000017     driverlib_eabi.lib : adc.obj (.text:ADC_isBaseValid)
                  0008540b    00000017     main.obj (.text:ADC_isBaseValid)
                  00085422    00000017     board.obj (.text:CPUTimer_isBaseValid)
                  00085439    00000017     driverlib_eabi.lib : cputimer.obj (.text:CPUTimer_isBaseValid)
                  00085450    00000017     board.obj (.text:CPUTimer_setPreScaler)
                  00085467    00000017     device.obj (.text:SysCtl_enablePeripheral)
                  0008547e    00000017     driverlib_eabi.lib : sysctl.obj (.text:SysCtl_enablePeripheral)
                  00085495    00000017     rts2800_fpu32_eabi.lib : boot28.asm.obj (.text)
                  000854ac    00000016     board.obj (.text:ADC_setInterruptPulseMode)
                  000854c2    00000016     board.obj (.text:ADC_setPrescaler)
                  000854d8    00000016     driverlib_eabi.lib : sysctl.obj (.text:DCC_disableDoneSignal)
                  000854ee    00000016                        : sysctl.obj (.text:DCC_enableDoneSignal)
                  00085504    00000016                        : interrupt.obj (.text:Interrupt_defaultHandler)
                  0008551a    00000015     board.obj (.text:ADC_disableBurstMode)
                  0008552f    00000015     board.obj (.text:CPUTimer_enableInterrupt)
                  00085544    00000015     driverlib_eabi.lib : sysctl.obj (.text:DCC_clearDoneFlag)
                  00085559    00000015                        : sysctl.obj (.text:DCC_clearErrorFlag)
                  0008556e    00000015                        : sysctl.obj (.text:DCC_disableErrorSignal)
                  00085583    00000015                        : sysctl.obj (.text:DCC_enableErrorSignal)
                  00085598    00000015     device.obj (.text:GPIO_unlockPortConfig)
                  000855ad    00000014     board.obj (.text:ADC_clearInterruptStatus)
                  000855c1    00000014     main.obj (.text:ADC_clearInterruptStatus)
                  000855d5    00000014     board.obj (.text:CPUTimer_reloadTimerCounter)
                  000855e9    00000014     board.obj (.text:CPUTimer_stopTimer)
                  000855fd    00000014     driverlib_eabi.lib : sysctl.obj (.text:DCC_disableModule)
                  00085611    00000014                        : sysctl.obj (.text:DCC_enableModule)
                  00085625    00000014     board.obj (.text:EPWM_setTimeBaseCounterMode)
                  00085639    00000014     board.obj (.text:EPWM_setTimeBasePeriod)
                  0008564d    00000014     driverlib_eabi.lib : gpio.obj (.text:GPIO_isPinValid)
                  00085661    00000014     board.obj (.text:LED_init)
                  00085675    00000013     board.obj (.text:Board_init)
                  00085688    00000013     driverlib_eabi.lib : cputimer.obj (.text:CPUTimer_setEmulationMode)
                  0008569b    00000013     board.obj (.text:EPWM_enableInterrupt)
                  000856ae    00000012     board.obj (.text:EPWM_setTimeBaseCounter)
                  000856c0    00000012     board.obj (.text:SysCtl_setSyncOutputConfig)
                  000856d2    00000011     board.obj (.text:CPUTimer_setPeriod)
                  000856e3    00000011     board.obj (.text:EPWM_disablePhaseShiftLoad)
                  000856f4    00000011     board.obj (.text:EPWM_enablePhaseShiftLoad)
                  00085705    00000011     board.obj (.text:EPWM_forceSyncPulse)
                  00085716    00000010     driverlib_eabi.lib : sysctl.obj (.text:DCC_isBaseValid)
                  00085726    00000010     device.obj (.text:Device_initGPIO)
                  00085736    00000010     driverlib_eabi.lib : flash.obj (.text:Flash_isCtrlBaseValid)
                  00085746    00000010                        : flash.obj (.text:Flash_isECCBaseValid)
                  00085756    0000000f     device.obj (.text:ASysCtl_disableDCDC)
                  00085765    0000000f     board.obj (.text:Interrupt_register)
                  00085774    0000000d     driverlib_eabi.lib : interrupt.obj (.text:Interrupt_disableGlobal)
                  00085781    0000000d                        : interrupt.obj (.text:Interrupt_enableGlobal)
                  0008578e    0000000d     device.obj (.text:SysCtl_setLowSpeedClock)
                  0008579b    0000000d     rts2800_fpu32_eabi.lib : copy_zero_init.c.obj (.text:decompress:ZI:__TI_zero_init_nomemset)
                  000857a8    0000000c     board.obj (.text:SysCtl_enableExtADCSOCSource)
                  000857b4    0000000c     rts2800_fpu32_eabi.lib : args_main.c.obj (.text)
                  000857c0    0000000b     device.obj (.text:SysCtl_disableWatchdog)
                  000857cb    0000000b     driverlib_eabi.lib : sysctl.obj (.text:SysCtl_isMCDClockFailureDetected)
                  000857d6    0000000a                        : interrupt.obj (.text:Interrupt_illegalOperationHandler)
                  000857e0    0000000a                        : interrupt.obj (.text:Interrupt_nmiHandler)
                  000857ea    00000009     board.obj (.text:ASYSCTL_init)
                  000857f3    00000009     rts2800_fpu32_eabi.lib : _lock.c.obj (.text)
                  000857fc    00000009                            : fd_neg28.asm.obj (.text)
                  00085805    00000008                            : copy_decompress_none.c.obj (.text:decompress:none)
                  0008580d    00000008     f28004x_codestartbranch.obj (.text)
                  00085815    00000007     board.obj (.text:ASysCtl_disableTemperatureSensor)
                  0008581c    00000007     driverlib_eabi.lib : sysctl.obj (.text:SysCtl_resetMCD)
                  00085823    00000007     device.obj (.text:__error__)
                  0008582a    00000006     main.obj (.text:Interrupt_clearACKGroup)
                  00085830    00000003     board.obj (.text:ADC_init)
                  00085833    00000003     board.obj (.text:CPUTIMER_init)
                  00085836    00000003     board.obj (.text:GPIO_init)
                  00085839    00000002     rts2800_fpu32_eabi.lib : pre_init.c.obj (.text)
                  0008583b    00000001     c2000ware_libraries.obj (.text:C2000Ware_libraries_init)
                  0008583c    00000001     rts2800_fpu32_eabi.lib : startup.c.obj (.text)

MODULE SUMMARY

       Module                        code    ro data   rw data
       ------                        ----    -------   -------
    ./
       main.obj                      362     159       8      
    +--+-----------------------------+-------+---------+---------+
       Total:                        362     159       8      
                                                              
    ./device/
       device.obj                    428     101       0      
       f28004x_codestartbranch.obj   10      0         0      
    +--+-----------------------------+-------+---------+---------+
       Total:                        438     101       0      
                                                              
    ./syscfg/
       board.obj                     2780    323       0      
       c2000ware_libraries.obj       1       0         0      
    +--+-----------------------------+-------+---------+---------+
       Total:                        2781    323       0      
                                                              
    /Applications/ti/c2000/C2000Ware_5_02_00_00/driverlib/f28004x/driverlib/ccs/Debug/driverlib_eabi.lib
       sysctl.obj                    1194    154       0      
       flash.obj                     618     155       0      
       gpio.obj                      374     152       0      
       adc.obj                       139     75        0      
       interrupt.obj                 214     0         0      
       cputimer.obj                  42      80        0      
    +--+-----------------------------+-------+---------+---------+
       Total:                        2581    616       0      
                                                              
    /Applications/ti/ccstheia140/ccs/tools/compiler/ti-cgt-c2000_22.6.1A23259/lib/rts2800_fpu32_eabi.lib
       k_rem_pio2.c.obj              1660    212       0      
       e_rem_pio2.c.obj              1073    100       0      
       k_sin.c.obj                   293     56        0      
       k_cos.c.obj                   275     60        0      
       s_floor.c.obj                 232     12        0      
       s_sin.c.obj                   203     4         0      
       s_scalbn.c.obj                169     28        0      
       fd_add28.asm.obj              156     0         0      
       fd_mpy28.asm.obj              131     0         0      
       copy_decompress_lzss.c.obj    48      0         0      
       exit.c.obj                    41      0         6      
       autoinit.c.obj                43      0         0      
       fd_cmp28.asm.obj              42      0         0      
       s_copysign.c.obj              36      0         0      
       fd_tofsfpu32.asm.obj          35      0         0      
       i_div28.asm.obj               34      0         0      
       fd_toi28.asm.obj              33      0         0      
       fd_tol28.asm.obj              31      0         0      
       memcpy.c.obj                  29      0         0      
       fs_tofdfpu32.asm.obj          28      0         0      
       l_tofd28.asm.obj              28      0         0      
       ll_aox28.asm.obj              24      0         0      
       boot28.asm.obj                23      0         0      
       fd_sub28.asm.obj              14      0         0      
       _lock.c.obj                   9       0         4      
       copy_zero_init.c.obj          13      0         0      
       args_main.c.obj               12      0         0      
       fd_neg28.asm.obj              9       0         0      
       copy_decompress_none.c.obj    8       0         0      
       pre_init.c.obj                2       0         0      
       errno.c.obj                   0       0         1      
       startup.c.obj                 1       0         0      
    +--+-----------------------------+-------+---------+---------+
       Total:                        4735    472       11     
                                                              
       Stack:                        0       0         1016   
       Linker Generated:             0       28        0      
    +--+-----------------------------+-------+---------+---------+
       Grand Total:                  10897   1699      1035   


LINKER GENERATED COPY TABLES

__TI_cinit_table @ 00081140 records: 2, size/record: 4, table size: 8
	.data: load addr=0008112c, load size=0000000a bytes, run addr=0000a800, run size=0000000f bytes, compression=lzss
	.bss: load addr=0008113c, load size=00000004 bytes, run addr=0000a810, run size=00000004 bytes, compression=zero_init


LINKER GENERATED HANDLER TABLE

__TI_handler_table @ 00081136 records: 3, size/record: 2, table size: 6
	index: 0, handler: __TI_zero_init
	index: 1, handler: __TI_decompress_lzss
	index: 2, handler: __TI_decompress_none


GLOBAL DATA SYMBOLS: SORTED BY DATA PAGE

address     data page           name
--------    ----------------    ----
00000400      10 (00000400)     __stack

0000a800     2a0 (0000a800)     __TI_enable_exit_profile_output
0000a802     2a0 (0000a800)     __TI_cleanup_ptr
0000a804     2a0 (0000a800)     __TI_dtors_ptr
0000a806     2a0 (0000a800)     adcresult
0000a808     2a0 (0000a800)     V_mod_inverter
0000a80a     2a0 (0000a800)     _lock
0000a80c     2a0 (0000a800)     _unlock
0000a80e     2a0 (0000a800)     errno
0000a810     2a0 (0000a800)     compare1
0000a811     2a0 (0000a800)     compare2
0000a812     2a0 (0000a800)     AdcBufPtr


GLOBAL SYMBOLS: SORTED ALPHABETICALLY BY Name 

page  address   name                             
----  -------   ----                             
0     00085830  ADC_init                         
0     00083ebf  ADC_setOffsetTrimAll             
0     000838d4  ADC_setVREF                      
0     000857ea  ASYSCTL_init                     
1     0000a812  AdcBufPtr                        
0     00085675  Board_init                       
0     00083e96  C$$EXIT                          
0     0008583b  C2000Ware_libraries_init         
0     00085833  CPUTIMER_init                    
0     00085688  CPUTimer_setEmulationMode        
0     00083113  Device_enableAllPeripherals      
0     00083769  Device_init                      
0     00085726  Device_initGPIO                  
0     00082aad  EPWM_init                        
0     00008000  Flash_initModule                 
0     00085836  GPIO_init                        
0     00083beb  GPIO_setAnalogMode               
0     00083c25  GPIO_setControllerCore           
0     00083d01  GPIO_setDirectionMode            
0     00083882  GPIO_setPadConfig                
0     00083c5c  GPIO_setPinConfig                
0     00083c93  GPIO_setQualificationMode        
0     00085364  INTERRUPT_init                   
0     00083b75  INT_current_adc_1_ISR            
0     00083829  INT_myCPUTIMER0_ISR              
0     00085504  Interrupt_defaultHandler         
0     00083cca  Interrupt_enable                 
0     000857d6  Interrupt_illegalOperationHandler
0     00083afb  Interrupt_initModule             
0     000851a8  Interrupt_initVectorTable        
0     000857e0  Interrupt_nmiHandler             
0     00085661  LED_init                         
0     0008360b  PinMux_init                      
0     00081129  RamfuncsLoadEnd                  
abs   00000129  RamfuncsLoadSize                 
0     00081000  RamfuncsLoadStart                
0     00008129  RamfuncsRunEnd                   
abs   00000129  RamfuncsRunSize                  
0     00008000  RamfuncsRunStart                 
0     000851c6  SYNC_init                        
0     00008125  SysCtl_delay                     
0     000837cb  SysCtl_getClock                  
0     00085331  SysCtl_getLowSpeedClock          
0     00083386  SysCtl_isPLLValid                
0     00083920  SysCtl_selectOscSource           
0     00083a7d  SysCtl_selectXTAL                
0     00083f5c  SysCtl_selectXTALSingleEnded     
0     000832be  SysCtl_setClock                  
1     0000a808  V_mod_inverter                   
0     00081140  __TI_CINIT_Base                  
0     00081148  __TI_CINIT_Limit                 
0     00081148  __TI_CINIT_Warm                  
0     00081136  __TI_Handler_Table_Base          
0     0008113c  __TI_Handler_Table_Limit         
1     000007f8  __TI_STACK_END                   
abs   000003f8  __TI_STACK_SIZE                  
0     00083e41  __TI_auto_init_nobinit_nopinit   
1     0000a802  __TI_cleanup_ptr                 
0     00083d32  __TI_decompress_lzss             
0     00085805  __TI_decompress_none             
1     0000a804  __TI_dtors_ptr                   
1     0000a800  __TI_enable_exit_profile_output  
abs   ffffffff  __TI_pprof_out_hndl              
abs   ffffffff  __TI_prof_data_size              
abs   ffffffff  __TI_prof_data_start             
0     0008579b  __TI_zero_init_nomemset          
0     000834ec  __c28xabi_addd                   
0     000853c5  __c28xabi_andll                  
0     00083e6c  __c28xabi_cmpd                   
0     0008508b  __c28xabi_divi                   
0     00085024  __c28xabi_dtof                   
0     000850ce  __c28xabi_dtoi                   
0     0008514d  __c28xabi_dtol                   
0     000852ab  __c28xabi_ftod                   
0     000852c7  __c28xabi_ltod                   
0     0008509c  __c28xabi_modi                   
0     00083588  __c28xabi_mpyd                   
0     000857fc  __c28xabi_negd                   
0     000853cd  __c28xabi_orll                   
0     00082ff2  __c28xabi_subd                   
0     000853d5  __c28xabi_xorll                  
n/a   UNDEFED   __c_args__                       
0     00085823  __error__                        
0     00083000  __kernel_cos                     
0     00082000  __kernel_rem_pio2                
0     00082de5  __kernel_sin                     
0     0008267c  __rem_pio2                       
1     00000400  __stack                          
0     000857b4  _args_main                       
0     00085495  _c_int00                         
1     0000a80a  _lock                            
0     000857fb  _nop                             
0     000857f7  _register_lock                   
0     000857f3  _register_unlock                 
0     0008583c  _system_post_cinit               
0     00085839  _system_pre_init                 
1     0000a80c  _unlock                          
0     00083e96  abort                            
1     0000a806  adcresult                        
0     00080000  code_start                       
1     0000a810  compare1                         
1     0000a811  compare2                         
0     00085000  copysign                         
0     00085000  copysignl                        
0     00083969  current_adc_init                 
1     0000a80e  errno                            
0     00083e98  exit                             
0     00082f0a  floor                            
0     00082f0a  floorl                           
0     00083443  ldexp                            
0     00083443  ldexpl                           
0     00083b38  main                             
0     0008521e  memcpy                           
0     00083fc9  myCPUTIMER0_init                 
0     00083443  scalbn                           
0     00083443  scalbnl                          
0     000831f3  sin                              
0     000831f3  sinl                             


GLOBAL SYMBOLS: SORTED BY Symbol Address 

page  address   name                             
----  -------   ----                             
0     00008000  Flash_initModule                 
0     00008000  RamfuncsRunStart                 
0     00008125  SysCtl_delay                     
0     00008129  RamfuncsRunEnd                   
0     00080000  code_start                       
0     00081000  RamfuncsLoadStart                
0     00081129  RamfuncsLoadEnd                  
0     00081136  __TI_Handler_Table_Base          
0     0008113c  __TI_Handler_Table_Limit         
0     00081140  __TI_CINIT_Base                  
0     00081148  __TI_CINIT_Limit                 
0     00081148  __TI_CINIT_Warm                  
0     00082000  __kernel_rem_pio2                
0     0008267c  __rem_pio2                       
0     00082aad  EPWM_init                        
0     00082de5  __kernel_sin                     
0     00082f0a  floor                            
0     00082f0a  floorl                           
0     00082ff2  __c28xabi_subd                   
0     00083000  __kernel_cos                     
0     00083113  Device_enableAllPeripherals      
0     000831f3  sin                              
0     000831f3  sinl                             
0     000832be  SysCtl_setClock                  
0     00083386  SysCtl_isPLLValid                
0     00083443  ldexp                            
0     00083443  ldexpl                           
0     00083443  scalbn                           
0     00083443  scalbnl                          
0     000834ec  __c28xabi_addd                   
0     00083588  __c28xabi_mpyd                   
0     0008360b  PinMux_init                      
0     00083769  Device_init                      
0     000837cb  SysCtl_getClock                  
0     00083829  INT_myCPUTIMER0_ISR              
0     00083882  GPIO_setPadConfig                
0     000838d4  ADC_setVREF                      
0     00083920  SysCtl_selectOscSource           
0     00083969  current_adc_init                 
0     00083a7d  SysCtl_selectXTAL                
0     00083afb  Interrupt_initModule             
0     00083b38  main                             
0     00083b75  INT_current_adc_1_ISR            
0     00083beb  GPIO_setAnalogMode               
0     00083c25  GPIO_setControllerCore           
0     00083c5c  GPIO_setPinConfig                
0     00083c93  GPIO_setQualificationMode        
0     00083cca  Interrupt_enable                 
0     00083d01  GPIO_setDirectionMode            
0     00083d32  __TI_decompress_lzss             
0     00083e41  __TI_auto_init_nobinit_nopinit   
0     00083e6c  __c28xabi_cmpd                   
0     00083e96  C$$EXIT                          
0     00083e96  abort                            
0     00083e98  exit                             
0     00083ebf  ADC_setOffsetTrimAll             
0     00083f5c  SysCtl_selectXTALSingleEnded     
0     00083fc9  myCPUTIMER0_init                 
0     00085000  copysign                         
0     00085000  copysignl                        
0     00085024  __c28xabi_dtof                   
0     0008508b  __c28xabi_divi                   
0     0008509c  __c28xabi_modi                   
0     000850ce  __c28xabi_dtoi                   
0     0008514d  __c28xabi_dtol                   
0     000851a8  Interrupt_initVectorTable        
0     000851c6  SYNC_init                        
0     0008521e  memcpy                           
0     000852ab  __c28xabi_ftod                   
0     000852c7  __c28xabi_ltod                   
0     00085331  SysCtl_getLowSpeedClock          
0     00085364  INTERRUPT_init                   
0     000853c5  __c28xabi_andll                  
0     000853cd  __c28xabi_orll                   
0     000853d5  __c28xabi_xorll                  
0     00085495  _c_int00                         
0     00085504  Interrupt_defaultHandler         
0     00085661  LED_init                         
0     00085675  Board_init                       
0     00085688  CPUTimer_setEmulationMode        
0     00085726  Device_initGPIO                  
0     0008579b  __TI_zero_init_nomemset          
0     000857b4  _args_main                       
0     000857d6  Interrupt_illegalOperationHandler
0     000857e0  Interrupt_nmiHandler             
0     000857ea  ASYSCTL_init                     
0     000857f3  _register_unlock                 
0     000857f7  _register_lock                   
0     000857fb  _nop                             
0     000857fc  __c28xabi_negd                   
0     00085805  __TI_decompress_none             
0     00085823  __error__                        
0     00085830  ADC_init                         
0     00085833  CPUTIMER_init                    
0     00085836  GPIO_init                        
0     00085839  _system_pre_init                 
0     0008583b  C2000Ware_libraries_init         
0     0008583c  _system_post_cinit               
1     00000400  __stack                          
1     000007f8  __TI_STACK_END                   
1     0000a800  __TI_enable_exit_profile_output  
1     0000a802  __TI_cleanup_ptr                 
1     0000a804  __TI_dtors_ptr                   
1     0000a806  adcresult                        
1     0000a808  V_mod_inverter                   
1     0000a80a  _lock                            
1     0000a80c  _unlock                          
1     0000a80e  errno                            
1     0000a810  compare1                         
1     0000a811  compare2                         
1     0000a812  AdcBufPtr                        
abs   00000129  RamfuncsLoadSize                 
abs   00000129  RamfuncsRunSize                  
abs   000003f8  __TI_STACK_SIZE                  
abs   ffffffff  __TI_pprof_out_hndl              
abs   ffffffff  __TI_prof_data_size              
abs   ffffffff  __TI_prof_data_start             
n/a   UNDEFED   __c_args__                       

[118 symbols]
