<?xml version="1.0" encoding="ISO-8859-1" ?>
<link_info>
   <banner>TMS320C2000 Linker Unix v22.6.1A23259</banner>
   <copyright>Copyright (c) 1996-2018 Texas Instruments Incorporated</copyright>
   <link_time>0x66a38f31</link_time>
   <link_errors>0x0</link_errors>
   <output_file>Inverter_syscfg.out</output_file>
   <entry_point>
      <name>code_start</name>
      <address>0x80000</address>
   </entry_point>
   <input_file_list>
      <input_file id="fl-2">
         <path>./syscfg/</path>
         <kind>object</kind>
         <file>board.obj</file>
         <name>board.obj</name>
      </input_file>
      <input_file id="fl-3">
         <path>./syscfg/</path>
         <kind>object</kind>
         <file>c2000ware_libraries.obj</file>
         <name>c2000ware_libraries.obj</name>
      </input_file>
      <input_file id="fl-4">
         <path>./</path>
         <kind>object</kind>
         <file>main.obj</file>
         <name>main.obj</name>
      </input_file>
      <input_file id="fl-5">
         <path>./device/</path>
         <kind>object</kind>
         <file>device.obj</file>
         <name>device.obj</name>
      </input_file>
      <input_file id="fl-6">
         <path>./device/</path>
         <kind>object</kind>
         <file>f28004x_codestartbranch.obj</file>
         <name>f28004x_codestartbranch.obj</name>
      </input_file>
      <input_file id="fl-c">
         <kind>object</kind>
         <file>&lt;internal&gt;</file>
         <name>&lt;internal&gt;</name>
      </input_file>
      <input_file id="fl-10">
         <path>/Applications/ti/c2000/C2000Ware_5_02_00_00/driverlib/f28004x/driverlib/ccs/Debug/</path>
         <kind>archive</kind>
         <file>driverlib_eabi.lib</file>
         <name>adc.obj</name>
      </input_file>
      <input_file id="fl-11">
         <path>/Applications/ti/c2000/C2000Ware_5_02_00_00/driverlib/f28004x/driverlib/ccs/Debug/</path>
         <kind>archive</kind>
         <file>driverlib_eabi.lib</file>
         <name>cputimer.obj</name>
      </input_file>
      <input_file id="fl-12">
         <path>/Applications/ti/c2000/C2000Ware_5_02_00_00/driverlib/f28004x/driverlib/ccs/Debug/</path>
         <kind>archive</kind>
         <file>driverlib_eabi.lib</file>
         <name>dcc.obj</name>
      </input_file>
      <input_file id="fl-13">
         <path>/Applications/ti/c2000/C2000Ware_5_02_00_00/driverlib/f28004x/driverlib/ccs/Debug/</path>
         <kind>archive</kind>
         <file>driverlib_eabi.lib</file>
         <name>flash.obj</name>
      </input_file>
      <input_file id="fl-14">
         <path>/Applications/ti/c2000/C2000Ware_5_02_00_00/driverlib/f28004x/driverlib/ccs/Debug/</path>
         <kind>archive</kind>
         <file>driverlib_eabi.lib</file>
         <name>gpio.obj</name>
      </input_file>
      <input_file id="fl-15">
         <path>/Applications/ti/c2000/C2000Ware_5_02_00_00/driverlib/f28004x/driverlib/ccs/Debug/</path>
         <kind>archive</kind>
         <file>driverlib_eabi.lib</file>
         <name>interrupt.obj</name>
      </input_file>
      <input_file id="fl-16">
         <path>/Applications/ti/c2000/C2000Ware_5_02_00_00/driverlib/f28004x/driverlib/ccs/Debug/</path>
         <kind>archive</kind>
         <file>driverlib_eabi.lib</file>
         <name>sysctl.obj</name>
      </input_file>
      <input_file id="fl-22">
         <path>/Applications/ti/ccstheia140/ccs/tools/compiler/ti-cgt-c2000_22.6.1A23259/lib/</path>
         <kind>archive</kind>
         <file>rts2800_fpu32_eabi.lib</file>
         <name>s_sin.c.obj</name>
      </input_file>
      <input_file id="fl-23">
         <path>/Applications/ti/ccstheia140/ccs/tools/compiler/ti-cgt-c2000_22.6.1A23259/lib/</path>
         <kind>archive</kind>
         <file>rts2800_fpu32_eabi.lib</file>
         <name>boot28.asm.obj</name>
      </input_file>
      <input_file id="fl-24">
         <path>/Applications/ti/ccstheia140/ccs/tools/compiler/ti-cgt-c2000_22.6.1A23259/lib/</path>
         <kind>archive</kind>
         <file>rts2800_fpu32_eabi.lib</file>
         <name>fd_mpy28.asm.obj</name>
      </input_file>
      <input_file id="fl-25">
         <path>/Applications/ti/ccstheia140/ccs/tools/compiler/ti-cgt-c2000_22.6.1A23259/lib/</path>
         <kind>archive</kind>
         <file>rts2800_fpu32_eabi.lib</file>
         <name>fd_neg28.asm.obj</name>
      </input_file>
      <input_file id="fl-26">
         <path>/Applications/ti/ccstheia140/ccs/tools/compiler/ti-cgt-c2000_22.6.1A23259/lib/</path>
         <kind>archive</kind>
         <file>rts2800_fpu32_eabi.lib</file>
         <name>fd_sub28.asm.obj</name>
      </input_file>
      <input_file id="fl-27">
         <path>/Applications/ti/ccstheia140/ccs/tools/compiler/ti-cgt-c2000_22.6.1A23259/lib/</path>
         <kind>archive</kind>
         <file>rts2800_fpu32_eabi.lib</file>
         <name>fd_toi28.asm.obj</name>
      </input_file>
      <input_file id="fl-28">
         <path>/Applications/ti/ccstheia140/ccs/tools/compiler/ti-cgt-c2000_22.6.1A23259/lib/</path>
         <kind>archive</kind>
         <file>rts2800_fpu32_eabi.lib</file>
         <name>fs_div28.asm.obj</name>
      </input_file>
      <input_file id="fl-29">
         <path>/Applications/ti/ccstheia140/ccs/tools/compiler/ti-cgt-c2000_22.6.1A23259/lib/</path>
         <kind>archive</kind>
         <file>rts2800_fpu32_eabi.lib</file>
         <name>ll_cmp28.asm.obj</name>
      </input_file>
      <input_file id="fl-2a">
         <path>/Applications/ti/ccstheia140/ccs/tools/compiler/ti-cgt-c2000_22.6.1A23259/lib/</path>
         <kind>archive</kind>
         <file>rts2800_fpu32_eabi.lib</file>
         <name>fs_tofdfpu32.asm.obj</name>
      </input_file>
      <input_file id="fl-2b">
         <path>/Applications/ti/ccstheia140/ccs/tools/compiler/ti-cgt-c2000_22.6.1A23259/lib/</path>
         <kind>archive</kind>
         <file>rts2800_fpu32_eabi.lib</file>
         <name>fd_tofsfpu32.asm.obj</name>
      </input_file>
      <input_file id="fl-2c">
         <path>/Applications/ti/ccstheia140/ccs/tools/compiler/ti-cgt-c2000_22.6.1A23259/lib/</path>
         <kind>archive</kind>
         <file>rts2800_fpu32_eabi.lib</file>
         <name>memcpy.c.obj</name>
      </input_file>
      <input_file id="fl-2d">
         <path>/Applications/ti/ccstheia140/ccs/tools/compiler/ti-cgt-c2000_22.6.1A23259/lib/</path>
         <kind>archive</kind>
         <file>rts2800_fpu32_eabi.lib</file>
         <name>pre_init.c.obj</name>
      </input_file>
      <input_file id="fl-2e">
         <path>/Applications/ti/ccstheia140/ccs/tools/compiler/ti-cgt-c2000_22.6.1A23259/lib/</path>
         <kind>archive</kind>
         <file>rts2800_fpu32_eabi.lib</file>
         <name>autoinit.c.obj</name>
      </input_file>
      <input_file id="fl-2f">
         <path>/Applications/ti/ccstheia140/ccs/tools/compiler/ti-cgt-c2000_22.6.1A23259/lib/</path>
         <kind>archive</kind>
         <file>rts2800_fpu32_eabi.lib</file>
         <name>copy_zero_init.c.obj</name>
      </input_file>
      <input_file id="fl-30">
         <path>/Applications/ti/ccstheia140/ccs/tools/compiler/ti-cgt-c2000_22.6.1A23259/lib/</path>
         <kind>archive</kind>
         <file>rts2800_fpu32_eabi.lib</file>
         <name>copy_decompress_none.c.obj</name>
      </input_file>
      <input_file id="fl-31">
         <path>/Applications/ti/ccstheia140/ccs/tools/compiler/ti-cgt-c2000_22.6.1A23259/lib/</path>
         <kind>archive</kind>
         <file>rts2800_fpu32_eabi.lib</file>
         <name>copy_decompress_lzss.c.obj</name>
      </input_file>
      <input_file id="fl-32">
         <path>/Applications/ti/ccstheia140/ccs/tools/compiler/ti-cgt-c2000_22.6.1A23259/lib/</path>
         <kind>archive</kind>
         <file>rts2800_fpu32_eabi.lib</file>
         <name>exit.c.obj</name>
      </input_file>
      <input_file id="fl-33">
         <path>/Applications/ti/ccstheia140/ccs/tools/compiler/ti-cgt-c2000_22.6.1A23259/lib/</path>
         <kind>archive</kind>
         <file>rts2800_fpu32_eabi.lib</file>
         <name>_lock.c.obj</name>
      </input_file>
      <input_file id="fl-34">
         <path>/Applications/ti/ccstheia140/ccs/tools/compiler/ti-cgt-c2000_22.6.1A23259/lib/</path>
         <kind>archive</kind>
         <file>rts2800_fpu32_eabi.lib</file>
         <name>args_main.c.obj</name>
      </input_file>
      <input_file id="fl-35">
         <path>/Applications/ti/ccstheia140/ccs/tools/compiler/ti-cgt-c2000_22.6.1A23259/lib/</path>
         <kind>archive</kind>
         <file>rts2800_fpu32_eabi.lib</file>
         <name>memset.c.obj</name>
      </input_file>
      <input_file id="fl-36">
         <path>/Applications/ti/ccstheia140/ccs/tools/compiler/ti-cgt-c2000_22.6.1A23259/lib/</path>
         <kind>archive</kind>
         <file>rts2800_fpu32_eabi.lib</file>
         <name>e_rem_pio2.c.obj</name>
      </input_file>
      <input_file id="fl-37">
         <path>/Applications/ti/ccstheia140/ccs/tools/compiler/ti-cgt-c2000_22.6.1A23259/lib/</path>
         <kind>archive</kind>
         <file>rts2800_fpu32_eabi.lib</file>
         <name>k_rem_pio2.c.obj</name>
      </input_file>
      <input_file id="fl-38">
         <path>/Applications/ti/ccstheia140/ccs/tools/compiler/ti-cgt-c2000_22.6.1A23259/lib/</path>
         <kind>archive</kind>
         <file>rts2800_fpu32_eabi.lib</file>
         <name>k_cos.c.obj</name>
      </input_file>
      <input_file id="fl-39">
         <path>/Applications/ti/ccstheia140/ccs/tools/compiler/ti-cgt-c2000_22.6.1A23259/lib/</path>
         <kind>archive</kind>
         <file>rts2800_fpu32_eabi.lib</file>
         <name>k_sin.c.obj</name>
      </input_file>
      <input_file id="fl-3a">
         <path>/Applications/ti/ccstheia140/ccs/tools/compiler/ti-cgt-c2000_22.6.1A23259/lib/</path>
         <kind>archive</kind>
         <file>rts2800_fpu32_eabi.lib</file>
         <name>s_floor.c.obj</name>
      </input_file>
      <input_file id="fl-3b">
         <path>/Applications/ti/ccstheia140/ccs/tools/compiler/ti-cgt-c2000_22.6.1A23259/lib/</path>
         <kind>archive</kind>
         <file>rts2800_fpu32_eabi.lib</file>
         <name>s_scalbn.c.obj</name>
      </input_file>
      <input_file id="fl-3c">
         <path>/Applications/ti/ccstheia140/ccs/tools/compiler/ti-cgt-c2000_22.6.1A23259/lib/</path>
         <kind>archive</kind>
         <file>rts2800_fpu32_eabi.lib</file>
         <name>s_copysign.c.obj</name>
      </input_file>
      <input_file id="fl-3d">
         <path>/Applications/ti/ccstheia140/ccs/tools/compiler/ti-cgt-c2000_22.6.1A23259/lib/</path>
         <kind>archive</kind>
         <file>rts2800_fpu32_eabi.lib</file>
         <name>fd_add28.asm.obj</name>
      </input_file>
      <input_file id="fl-3e">
         <path>/Applications/ti/ccstheia140/ccs/tools/compiler/ti-cgt-c2000_22.6.1A23259/lib/</path>
         <kind>archive</kind>
         <file>rts2800_fpu32_eabi.lib</file>
         <name>fd_cmp28.asm.obj</name>
      </input_file>
      <input_file id="fl-3f">
         <path>/Applications/ti/ccstheia140/ccs/tools/compiler/ti-cgt-c2000_22.6.1A23259/lib/</path>
         <kind>archive</kind>
         <file>rts2800_fpu32_eabi.lib</file>
         <name>fd_tol28.asm.obj</name>
      </input_file>
      <input_file id="fl-40">
         <path>/Applications/ti/ccstheia140/ccs/tools/compiler/ti-cgt-c2000_22.6.1A23259/lib/</path>
         <kind>archive</kind>
         <file>rts2800_fpu32_eabi.lib</file>
         <name>ll_aox28.asm.obj</name>
      </input_file>
      <input_file id="fl-41">
         <path>/Applications/ti/ccstheia140/ccs/tools/compiler/ti-cgt-c2000_22.6.1A23259/lib/</path>
         <kind>archive</kind>
         <file>rts2800_fpu32_eabi.lib</file>
         <name>i_div28.asm.obj</name>
      </input_file>
      <input_file id="fl-42">
         <path>/Applications/ti/ccstheia140/ccs/tools/compiler/ti-cgt-c2000_22.6.1A23259/lib/</path>
         <kind>archive</kind>
         <file>rts2800_fpu32_eabi.lib</file>
         <name>l_tofd28.asm.obj</name>
      </input_file>
      <input_file id="fl-43">
         <path>/Applications/ti/ccstheia140/ccs/tools/compiler/ti-cgt-c2000_22.6.1A23259/lib/</path>
         <kind>archive</kind>
         <file>rts2800_fpu32_eabi.lib</file>
         <name>cpy_tbl.c.obj</name>
      </input_file>
      <input_file id="fl-44">
         <path>/Applications/ti/ccstheia140/ccs/tools/compiler/ti-cgt-c2000_22.6.1A23259/lib/</path>
         <kind>archive</kind>
         <file>rts2800_fpu32_eabi.lib</file>
         <name>startup.c.obj</name>
      </input_file>
      <input_file id="fl-45">
         <path>/Applications/ti/ccstheia140/ccs/tools/compiler/ti-cgt-c2000_22.6.1A23259/lib/</path>
         <kind>archive</kind>
         <file>rts2800_fpu32_eabi.lib</file>
         <name>errno.c.obj</name>
      </input_file>
   </input_file_list>
   <object_component_list>
      <object_component id="oc-20">
         <name>codestart</name>
         <load_address>0x80000</load_address>
         <run_address>0x80000</run_address>
         <size>0x2</size>
         <input_file_ref idref="fl-6"/>
      </object_component>
      <object_component id="oc-17e">
         <name>.text</name>
         <load_address>0x82000</load_address>
         <run_address>0x82000</run_address>
         <size>0x67c</size>
         <input_file_ref idref="fl-37"/>
      </object_component>
      <object_component id="oc-f6">
         <name>.text</name>
         <load_address>0x8267c</load_address>
         <run_address>0x8267c</run_address>
         <size>0x431</size>
         <input_file_ref idref="fl-36"/>
      </object_component>
      <object_component id="oc-2f1">
         <name>.text:EPWM_init</name>
         <load_address>0x82aad</load_address>
         <run_address>0x82aad</run_address>
         <size>0x26f</size>
         <input_file_ref idref="fl-2"/>
      </object_component>
      <object_component id="oc-eb">
         <name>.text</name>
         <load_address>0x82d1c</load_address>
         <run_address>0x82d1c</run_address>
         <size>0x125</size>
         <input_file_ref idref="fl-39"/>
      </object_component>
      <object_component id="oc-fc">
         <name>.text</name>
         <load_address>0x82e41</load_address>
         <run_address>0x82e41</run_address>
         <size>0x113</size>
         <input_file_ref idref="fl-38"/>
      </object_component>
      <object_component id="oc-1f4">
         <name>.text</name>
         <load_address>0x82f54</load_address>
         <run_address>0x82f54</run_address>
         <size>0xa9</size>
         <input_file_ref idref="fl-3b"/>
      </object_component>
      <object_component id="oc-2e5">
         <name>.text:ADC_init</name>
         <load_address>0x82ffd</load_address>
         <run_address>0x82ffd</run_address>
         <size>0x3</size>
         <input_file_ref idref="fl-2"/>
      </object_component>
      <object_component id="oc-1fa">
         <name>.text</name>
         <load_address>0x83000</load_address>
         <run_address>0x83000</run_address>
         <size>0xe8</size>
         <input_file_ref idref="fl-3a"/>
      </object_component>
      <object_component id="oc-2ac">
         <name>.text:Device_enableAllPeripherals</name>
         <load_address>0x830e8</load_address>
         <run_address>0x830e8</run_address>
         <size>0xe0</size>
         <input_file_ref idref="fl-5"/>
      </object_component>
      <object_component id="oc-7b">
         <name>.text</name>
         <load_address>0x831c8</load_address>
         <run_address>0x831c8</run_address>
         <size>0xcb</size>
         <input_file_ref idref="fl-22"/>
      </object_component>
      <object_component id="oc-293">
         <name>.text:SysCtl_setClock</name>
         <load_address>0x83293</load_address>
         <run_address>0x83293</run_address>
         <size>0xc8</size>
         <input_file_ref idref="fl-16"/>
      </object_component>
      <object_component id="oc-373">
         <name>.text:SysCtl_isPLLValid</name>
         <load_address>0x8335b</load_address>
         <run_address>0x8335b</run_address>
         <size>0xbd</size>
         <input_file_ref idref="fl-16"/>
      </object_component>
      <object_component id="oc-15f">
         <name>.text</name>
         <load_address>0x83418</load_address>
         <run_address>0x83418</run_address>
         <size>0x9c</size>
         <input_file_ref idref="fl-3d"/>
      </object_component>
      <object_component id="oc-86">
         <name>.text</name>
         <load_address>0x834b4</load_address>
         <run_address>0x834b4</run_address>
         <size>0x83</size>
         <input_file_ref idref="fl-24"/>
      </object_component>
      <object_component id="oc-445">
         <name>.text:EPWM_setADCTriggerSource</name>
         <load_address>0x83537</load_address>
         <run_address>0x83537</run_address>
         <size>0x75</size>
         <input_file_ref idref="fl-2"/>
      </object_component>
      <object_component id="oc-4d4">
         <name>.text:DCC_setCounterSeeds</name>
         <load_address>0x835ac</load_address>
         <run_address>0x835ac</run_address>
         <size>0x73</size>
         <input_file_ref idref="fl-16"/>
      </object_component>
      <object_component id="oc-2b">
         <name>.text:INT_myCPUTIMER0_ISR</name>
         <load_address>0x8361f</load_address>
         <run_address>0x8361f</run_address>
         <size>0x71</size>
         <input_file_ref idref="fl-4"/>
      </object_component>
      <object_component id="oc-37">
         <name>.text:INT_myADCA_2_ISR</name>
         <load_address>0x83690</load_address>
         <run_address>0x83690</run_address>
         <size>0x70</size>
         <input_file_ref idref="fl-4"/>
      </object_component>
      <object_component id="oc-228">
         <name>.text:Device_init</name>
         <load_address>0x83700</load_address>
         <run_address>0x83700</run_address>
         <size>0x62</size>
         <input_file_ref idref="fl-5"/>
      </object_component>
      <object_component id="oc-29f">
         <name>.text:SysCtl_getClock</name>
         <load_address>0x83762</load_address>
         <run_address>0x83762</run_address>
         <size>0x5e</size>
         <input_file_ref idref="fl-16"/>
      </object_component>
      <object_component id="oc-2d3">
         <name>.text:PinMux_init</name>
         <load_address>0x837c0</load_address>
         <run_address>0x837c0</run_address>
         <size>0x5a</size>
         <input_file_ref idref="fl-2"/>
      </object_component>
      <object_component id="oc-3c5">
         <name>.text:myADCA_init</name>
         <load_address>0x8381a</load_address>
         <run_address>0x8381a</run_address>
         <size>0x59</size>
         <input_file_ref idref="fl-2"/>
      </object_component>
      <object_component id="oc-2b8">
         <name>.text:GPIO_setPadConfig</name>
         <load_address>0x83873</load_address>
         <run_address>0x83873</run_address>
         <size>0x52</size>
         <input_file_ref idref="fl-14"/>
      </object_component>
      <object_component id="oc-504">
         <name>.text:ADC_setVREF</name>
         <load_address>0x838c5</load_address>
         <run_address>0x838c5</run_address>
         <size>0x4c</size>
         <input_file_ref idref="fl-10"/>
      </object_component>
      <object_component id="oc-439">
         <name>.text:EPWM_setInterruptSource</name>
         <load_address>0x83911</load_address>
         <run_address>0x83911</run_address>
         <size>0x4b</size>
         <input_file_ref idref="fl-2"/>
      </object_component>
      <object_component id="oc-36c">
         <name>.text:SysCtl_selectOscSource</name>
         <load_address>0x8395c</load_address>
         <run_address>0x8395c</run_address>
         <size>0x49</size>
         <input_file_ref idref="fl-16"/>
      </object_component>
      <object_component id="oc-528">
         <name>.text:ADC_setupSOC</name>
         <load_address>0x839a5</load_address>
         <run_address>0x839a5</run_address>
         <size>0x46</size>
         <input_file_ref idref="fl-2"/>
      </object_component>
      <object_component id="oc-5a0">
         <name>.text:SysCtl_pollX1Counter</name>
         <load_address>0x839eb</load_address>
         <run_address>0x839eb</run_address>
         <size>0x45</size>
         <input_file_ref idref="fl-16"/>
      </object_component>
      <object_component id="oc-1ca">
         <name>.text:main</name>
         <load_address>0x83a30</load_address>
         <run_address>0x83a30</run_address>
         <size>0x42</size>
         <input_file_ref idref="fl-4"/>
      </object_component>
      <object_component id="oc-415">
         <name>.text:EPWM_setActionQualifierAction</name>
         <load_address>0x83a72</load_address>
         <run_address>0x83a72</run_address>
         <size>0x40</size>
         <input_file_ref idref="fl-2"/>
      </object_component>
      <object_component id="oc-497">
         <name>.text:SysCtl_selectXTAL</name>
         <load_address>0x83ab2</load_address>
         <run_address>0x83ab2</run_address>
         <size>0x40</size>
         <input_file_ref idref="fl-16"/>
      </object_component>
      <object_component id="oc-40f">
         <name>.text:EPWM_setCounterCompareShadowLoadMode</name>
         <load_address>0x83af2</load_address>
         <run_address>0x83af2</run_address>
         <size>0x3e</size>
         <input_file_ref idref="fl-2"/>
      </object_component>
      <object_component id="oc-234">
         <name>.text:Interrupt_initModule</name>
         <load_address>0x83b30</load_address>
         <run_address>0x83b30</run_address>
         <size>0x3d</size>
         <input_file_ref idref="fl-15"/>
      </object_component>
      <object_component id="oc-44b">
         <name>.text:EPWM_setADCTriggerEventPrescale</name>
         <load_address>0x83b6d</load_address>
         <run_address>0x83b6d</run_address>
         <size>0x3a</size>
         <input_file_ref idref="fl-2"/>
      </object_component>
      <object_component id="oc-2c4">
         <name>.text:GPIO_setAnalogMode</name>
         <load_address>0x83ba7</load_address>
         <run_address>0x83ba7</run_address>
         <size>0x3a</size>
         <input_file_ref idref="fl-14"/>
      </object_component>
      <object_component id="oc-599">
         <name>.text:GPIO_setControllerCore</name>
         <load_address>0x83be1</load_address>
         <run_address>0x83be1</run_address>
         <size>0x37</size>
         <input_file_ref idref="fl-14"/>
      </object_component>
      <object_component id="oc-392">
         <name>.text:GPIO_setPinConfig</name>
         <load_address>0x83c18</load_address>
         <run_address>0x83c18</run_address>
         <size>0x37</size>
         <input_file_ref idref="fl-14"/>
      </object_component>
      <object_component id="oc-398">
         <name>.text:GPIO_setQualificationMode</name>
         <load_address>0x83c4f</load_address>
         <run_address>0x83c4f</run_address>
         <size>0x37</size>
         <input_file_ref idref="fl-14"/>
      </object_component>
      <object_component id="oc-97">
         <name>.text:Interrupt_enable</name>
         <load_address>0x83c86</load_address>
         <run_address>0x83c86</run_address>
         <size>0x37</size>
         <input_file_ref idref="fl-15"/>
      </object_component>
      <object_component id="oc-2be">
         <name>.text:GPIO_setDirectionMode</name>
         <load_address>0x83cbd</load_address>
         <run_address>0x83cbd</run_address>
         <size>0x31</size>
         <input_file_ref idref="fl-14"/>
      </object_component>
      <object_component id="oc-13">
         <name>.text:decompress:lzss</name>
         <load_address>0x83cee</load_address>
         <run_address>0x83cee</run_address>
         <size>0x30</size>
         <input_file_ref idref="fl-31"/>
      </object_component>
      <object_component id="oc-534">
         <name>.text:ADC_setInterruptSource</name>
         <load_address>0x83d1e</load_address>
         <run_address>0x83d1e</run_address>
         <size>0x2f</size>
         <input_file_ref idref="fl-2"/>
      </object_component>
      <object_component id="oc-52e">
         <name>.text:ADC_setInterruptSOCTrigger</name>
         <load_address>0x83d4d</load_address>
         <run_address>0x83d4d</run_address>
         <size>0x2e</size>
         <input_file_ref idref="fl-2"/>
      </object_component>
      <object_component id="oc-463">
         <name>.text:EPWM_setDeadBandDelayMode</name>
         <load_address>0x83d7b</load_address>
         <run_address>0x83d7b</run_address>
         <size>0x2c</size>
         <input_file_ref idref="fl-2"/>
      </object_component>
      <object_component id="oc-578">
         <name>.text:EPWM_isBaseValid</name>
         <load_address>0x83da7</load_address>
         <run_address>0x83da7</run_address>
         <size>0x2b</size>
         <input_file_ref idref="fl-2"/>
      </object_component>
      <object_component id="oc-300">
         <name>.text:EPWM_isBaseValid</name>
         <load_address>0x83dd2</load_address>
         <run_address>0x83dd2</run_address>
         <size>0x2b</size>
         <input_file_ref idref="fl-4"/>
      </object_component>
      <object_component id="oc-19a">
         <name>.text:__TI_auto_init_nobinit_nopinit</name>
         <load_address>0x83dfd</load_address>
         <run_address>0x83dfd</run_address>
         <size>0x2b</size>
         <input_file_ref idref="fl-2e"/>
      </object_component>
      <object_component id="oc-179">
         <name>.text</name>
         <load_address>0x83e28</load_address>
         <run_address>0x83e28</run_address>
         <size>0x2a</size>
         <input_file_ref idref="fl-3e"/>
      </object_component>
      <object_component id="oc-154">
         <name>.text</name>
         <load_address>0x83e52</load_address>
         <run_address>0x83e52</run_address>
         <size>0x29</size>
         <input_file_ref idref="fl-32"/>
      </object_component>
      <object_component id="oc-5c8">
         <name>.text:ADC_setOffsetTrimAll</name>
         <load_address>0x83e7b</load_address>
         <run_address>0x83e7b</run_address>
         <size>0x28</size>
         <input_file_ref idref="fl-10"/>
      </object_component>
      <object_component id="oc-3fd">
         <name>.text:EPWM_setSyncOutPulseMode</name>
         <load_address>0x83ea3</load_address>
         <run_address>0x83ea3</run_address>
         <size>0x27</size>
         <input_file_ref idref="fl-2"/>
      </object_component>
      <object_component id="oc-403">
         <name>.text:HRPWM_setSyncPulseSource</name>
         <load_address>0x83eca</load_address>
         <run_address>0x83eca</run_address>
         <size>0x27</size>
         <input_file_ref idref="fl-2"/>
      </object_component>
      <object_component id="oc-3a5">
         <name>.text:SysCtl_setSyncInputConfig</name>
         <load_address>0x83ef1</load_address>
         <run_address>0x83ef1</run_address>
         <size>0x27</size>
         <input_file_ref idref="fl-2"/>
      </object_component>
      <object_component id="oc-49d">
         <name>.text:SysCtl_selectXTALSingleEnded</name>
         <load_address>0x83f18</load_address>
         <run_address>0x83f18</run_address>
         <size>0x25</size>
         <input_file_ref idref="fl-16"/>
      </object_component>
      <object_component id="oc-4da">
         <name>.text:DCC_enableSingleShotMode</name>
         <load_address>0x83f3d</load_address>
         <run_address>0x83f3d</run_address>
         <size>0x24</size>
         <input_file_ref idref="fl-16"/>
      </object_component>
      <object_component id="oc-45d">
         <name>.text:EPWM_setDeadBandDelayPolarity</name>
         <load_address>0x83f61</load_address>
         <run_address>0x83f61</run_address>
         <size>0x24</size>
         <input_file_ref idref="fl-2"/>
      </object_component>
      <object_component id="oc-3cc">
         <name>.text:myCPUTIMER0_init</name>
         <load_address>0x83f85</load_address>
         <run_address>0x83f85</run_address>
         <size>0x24</size>
         <input_file_ref idref="fl-2"/>
      </object_component>
      <object_component id="oc-26b">
         <name>.text</name>
         <load_address>0x83fa9</load_address>
         <run_address>0x83fa9</run_address>
         <size>0x24</size>
         <input_file_ref idref="fl-3c"/>
      </object_component>
      <object_component id="oc-81">
         <name>.text</name>
         <load_address>0x83fcd</load_address>
         <run_address>0x83fcd</run_address>
         <size>0x23</size>
         <input_file_ref idref="fl-2b"/>
      </object_component>
      <object_component id="oc-5af">
         <name>.text:DCC_isBaseValid</name>
         <load_address>0x83ff0</load_address>
         <run_address>0x83ff0</run_address>
         <size>0x10</size>
         <input_file_ref idref="fl-16"/>
      </object_component>
      <object_component id="oc-409">
         <name>.text:EPWM_setCounterCompareValue</name>
         <load_address>0x85000</load_address>
         <run_address>0x85000</run_address>
         <size>0x22</size>
         <input_file_ref idref="fl-2"/>
      </object_component>
      <object_component id="oc-246">
         <name>.text:EPWM_setCounterCompareValue</name>
         <load_address>0x85022</load_address>
         <run_address>0x85022</run_address>
         <size>0x22</size>
         <input_file_ref idref="fl-4"/>
      </object_component>
      <object_component id="oc-1e9">
         <name>.text</name>
         <load_address>0x85044</load_address>
         <run_address>0x85044</run_address>
         <size>0x22</size>
         <input_file_ref idref="fl-41"/>
      </object_component>
      <object_component id="oc-540">
         <name>.text:ADC_disableContinuousMode</name>
         <load_address>0x85066</load_address>
         <run_address>0x85066</run_address>
         <size>0x21</size>
         <input_file_ref idref="fl-2"/>
      </object_component>
      <object_component id="oc-e5">
         <name>.text</name>
         <load_address>0x85087</load_address>
         <run_address>0x85087</run_address>
         <size>0x21</size>
         <input_file_ref idref="fl-27"/>
      </object_component>
      <object_component id="oc-546">
         <name>.text:ADC_enableInterrupt</name>
         <load_address>0x850a8</load_address>
         <run_address>0x850a8</run_address>
         <size>0x20</size>
         <input_file_ref idref="fl-2"/>
      </object_component>
      <object_component id="oc-427">
         <name>.text:EPWM_setFallingEdgeDelayCountShadowLoadMode</name>
         <load_address>0x850c8</load_address>
         <run_address>0x850c8</run_address>
         <size>0x1f</size>
         <input_file_ref idref="fl-2"/>
      </object_component>
      <object_component id="oc-41b">
         <name>.text:EPWM_setRisingEdgeDelayCountShadowLoadMode</name>
         <load_address>0x850e7</load_address>
         <run_address>0x850e7</run_address>
         <size>0x1f</size>
         <input_file_ref idref="fl-2"/>
      </object_component>
      <object_component id="oc-a1">
         <name>.text:GPIO_togglePin</name>
         <load_address>0x85106</load_address>
         <run_address>0x85106</run_address>
         <size>0x1f</size>
         <input_file_ref idref="fl-4"/>
      </object_component>
      <object_component id="oc-16c">
         <name>.text</name>
         <load_address>0x85125</load_address>
         <run_address>0x85125</run_address>
         <size>0x1f</size>
         <input_file_ref idref="fl-3f"/>
      </object_component>
      <object_component id="oc-4ce">
         <name>.text:DCC_setCounter1ClkSource</name>
         <load_address>0x85144</load_address>
         <run_address>0x85144</run_address>
         <size>0x1e</size>
         <input_file_ref idref="fl-16"/>
      </object_component>
      <object_component id="oc-3f1">
         <name>.text:EPWM_setPhaseShift</name>
         <load_address>0x85162</load_address>
         <run_address>0x85162</run_address>
         <size>0x1e</size>
         <input_file_ref idref="fl-2"/>
      </object_component>
      <object_component id="oc-3e">
         <name>.text:Interrupt_initVectorTable</name>
         <load_address>0x85180</load_address>
         <run_address>0x85180</run_address>
         <size>0x1e</size>
         <input_file_ref idref="fl-15"/>
      </object_component>
      <object_component id="oc-2d9">
         <name>.text:SYNC_init</name>
         <load_address>0x8519e</load_address>
         <run_address>0x8519e</run_address>
         <size>0x1e</size>
         <input_file_ref idref="fl-2"/>
      </object_component>
      <object_component id="oc-b9">
         <name>.text:ADC_getInterruptOverflowStatus</name>
         <load_address>0x851bc</load_address>
         <run_address>0x851bc</run_address>
         <size>0x1d</size>
         <input_file_ref idref="fl-4"/>
      </object_component>
      <object_component id="oc-46f">
         <name>.text:EPWM_setFallingEdgeDelayCount</name>
         <load_address>0x851d9</load_address>
         <run_address>0x851d9</run_address>
         <size>0x1d</size>
         <input_file_ref idref="fl-2"/>
      </object_component>
      <object_component id="oc-469">
         <name>.text:EPWM_setRisingEdgeDelayCount</name>
         <load_address>0x851f6</load_address>
         <run_address>0x851f6</run_address>
         <size>0x1d</size>
         <input_file_ref idref="fl-2"/>
      </object_component>
      <object_component id="oc-58">
         <name>.text</name>
         <load_address>0x85213</load_address>
         <run_address>0x85213</run_address>
         <size>0x1d</size>
         <input_file_ref idref="fl-2c"/>
      </object_component>
      <object_component id="oc-522">
         <name>.text:ADC_setSOCPriority</name>
         <load_address>0x85230</load_address>
         <run_address>0x85230</run_address>
         <size>0x1c</size>
         <input_file_ref idref="fl-2"/>
      </object_component>
      <object_component id="oc-4c8">
         <name>.text:DCC_setCounter0ClkSource</name>
         <load_address>0x8524c</load_address>
         <run_address>0x8524c</run_address>
         <size>0x1c</size>
         <input_file_ref idref="fl-16"/>
      </object_component>
      <object_component id="oc-43f">
         <name>.text:EPWM_enableADCTrigger</name>
         <load_address>0x85268</load_address>
         <run_address>0x85268</run_address>
         <size>0x1c</size>
         <input_file_ref idref="fl-2"/>
      </object_component>
      <object_component id="oc-3d3">
         <name>.text:EPWM_setClockPrescaler</name>
         <load_address>0x85284</load_address>
         <run_address>0x85284</run_address>
         <size>0x1c</size>
         <input_file_ref idref="fl-2"/>
      </object_component>
      <object_component id="oc-76">
         <name>.text</name>
         <load_address>0x852a0</load_address>
         <run_address>0x852a0</run_address>
         <size>0x1c</size>
         <input_file_ref idref="fl-2a"/>
      </object_component>
      <object_component id="oc-171">
         <name>.text</name>
         <load_address>0x852bc</load_address>
         <run_address>0x852bc</run_address>
         <size>0x1c</size>
         <input_file_ref idref="fl-42"/>
      </object_component>
      <object_component id="oc-a7">
         <name>.text:ADC_readResult</name>
         <load_address>0x852d8</load_address>
         <run_address>0x852d8</run_address>
         <size>0x1a</size>
         <input_file_ref idref="fl-4"/>
      </object_component>
      <object_component id="oc-3be">
         <name>.text:ASysCtl_setAnalogReference1P65</name>
         <load_address>0x852f2</load_address>
         <run_address>0x852f2</run_address>
         <size>0x1a</size>
         <input_file_ref idref="fl-2"/>
      </object_component>
      <object_component id="oc-571">
         <name>.text:CPUTimer_startTimer</name>
         <load_address>0x8530c</load_address>
         <run_address>0x8530c</run_address>
         <size>0x1a</size>
         <input_file_ref idref="fl-2"/>
      </object_component>
      <object_component id="oc-2a6">
         <name>.text:SysCtl_getLowSpeedClock</name>
         <load_address>0x85326</load_address>
         <run_address>0x85326</run_address>
         <size>0x1a</size>
         <input_file_ref idref="fl-16"/>
      </object_component>
      <object_component id="oc-451">
         <name>.text:EPWM_setCountModeAfterSync</name>
         <load_address>0x85340</load_address>
         <run_address>0x85340</run_address>
         <size>0x19</size>
         <input_file_ref idref="fl-2"/>
      </object_component>
      <object_component id="oc-2c">
         <name>.text:INTERRUPT_init</name>
         <load_address>0x85359</load_address>
         <run_address>0x85359</run_address>
         <size>0x19</size>
         <input_file_ref idref="fl-2"/>
      </object_component>
      <object_component id="oc-3b8">
         <name>.text:ASysCtl_setAnalogReferenceInternal</name>
         <load_address>0x85372</load_address>
         <run_address>0x85372</run_address>
         <size>0x18</size>
         <input_file_ref idref="fl-2"/>
      </object_component>
      <object_component id="oc-42d">
         <name>.text:EPWM_disableFallingEdgeDelayCountShadowLoadMode</name>
         <load_address>0x8538a</load_address>
         <run_address>0x8538a</run_address>
         <size>0x18</size>
         <input_file_ref idref="fl-2"/>
      </object_component>
      <object_component id="oc-421">
         <name>.text:EPWM_disableRisingEdgeDelayCountShadowLoadMode</name>
         <load_address>0x853a2</load_address>
         <run_address>0x853a2</run_address>
         <size>0x18</size>
         <input_file_ref idref="fl-2"/>
      </object_component>
      <object_component id="oc-167">
         <name>.text</name>
         <load_address>0x853ba</load_address>
         <run_address>0x853ba</run_address>
         <size>0x18</size>
         <input_file_ref idref="fl-40"/>
      </object_component>
      <object_component id="oc-5d0">
         <name>.text:ADC_isBaseValid</name>
         <load_address>0x853d2</load_address>
         <run_address>0x853d2</run_address>
         <size>0x17</size>
         <input_file_ref idref="fl-2"/>
      </object_component>
      <object_component id="oc-5c1">
         <name>.text:ADC_isBaseValid</name>
         <load_address>0x853e9</load_address>
         <run_address>0x853e9</run_address>
         <size>0x17</size>
         <input_file_ref idref="fl-10"/>
      </object_component>
      <object_component id="oc-133">
         <name>.text:ADC_isBaseValid</name>
         <load_address>0x85400</load_address>
         <run_address>0x85400</run_address>
         <size>0x17</size>
         <input_file_ref idref="fl-4"/>
      </object_component>
      <object_component id="oc-5ea">
         <name>.text:CPUTimer_isBaseValid</name>
         <load_address>0x85417</load_address>
         <run_address>0x85417</run_address>
         <size>0x17</size>
         <input_file_ref idref="fl-2"/>
      </object_component>
      <object_component id="oc-5e1">
         <name>.text:CPUTimer_isBaseValid</name>
         <load_address>0x8542e</load_address>
         <run_address>0x8542e</run_address>
         <size>0x17</size>
         <input_file_ref idref="fl-11"/>
      </object_component>
      <object_component id="oc-553">
         <name>.text:CPUTimer_setPreScaler</name>
         <load_address>0x85445</load_address>
         <run_address>0x85445</run_address>
         <size>0x17</size>
         <input_file_ref idref="fl-2"/>
      </object_component>
      <object_component id="oc-37e">
         <name>.text:SysCtl_enablePeripheral</name>
         <load_address>0x8545c</load_address>
         <run_address>0x8545c</run_address>
         <size>0x17</size>
         <input_file_ref idref="fl-5"/>
      </object_component>
      <object_component id="oc-4a4">
         <name>.text:SysCtl_enablePeripheral</name>
         <load_address>0x85473</load_address>
         <run_address>0x85473</run_address>
         <size>0x17</size>
         <input_file_ref idref="fl-16"/>
      </object_component>
      <object_component id="oc-dc">
         <name>.text</name>
         <load_address>0x8548a</load_address>
         <run_address>0x8548a</run_address>
         <size>0x17</size>
         <input_file_ref idref="fl-23"/>
      </object_component>
      <object_component id="oc-510">
         <name>.text:ADC_setInterruptPulseMode</name>
         <load_address>0x854a1</load_address>
         <run_address>0x854a1</run_address>
         <size>0x16</size>
         <input_file_ref idref="fl-2"/>
      </object_component>
      <object_component id="oc-50a">
         <name>.text:ADC_setPrescaler</name>
         <load_address>0x854b7</load_address>
         <run_address>0x854b7</run_address>
         <size>0x16</size>
         <input_file_ref idref="fl-2"/>
      </object_component>
      <object_component id="oc-4c2">
         <name>.text:DCC_disableDoneSignal</name>
         <load_address>0x854cd</load_address>
         <run_address>0x854cd</run_address>
         <size>0x16</size>
         <input_file_ref idref="fl-16"/>
      </object_component>
      <object_component id="oc-4e6">
         <name>.text:DCC_enableDoneSignal</name>
         <load_address>0x854e3</load_address>
         <run_address>0x854e3</run_address>
         <size>0x16</size>
         <input_file_ref idref="fl-16"/>
      </object_component>
      <object_component id="oc-3d">
         <name>.text:Interrupt_defaultHandler</name>
         <load_address>0x854f9</load_address>
         <run_address>0x854f9</run_address>
         <size>0x16</size>
         <input_file_ref idref="fl-15"/>
      </object_component>
      <object_component id="oc-51c">
         <name>.text:ADC_disableBurstMode</name>
         <load_address>0x8550f</load_address>
         <run_address>0x8550f</run_address>
         <size>0x15</size>
         <input_file_ref idref="fl-2"/>
      </object_component>
      <object_component id="oc-55f">
         <name>.text:CPUTimer_enableInterrupt</name>
         <load_address>0x85524</load_address>
         <run_address>0x85524</run_address>
         <size>0x15</size>
         <input_file_ref idref="fl-2"/>
      </object_component>
      <object_component id="oc-4b0">
         <name>.text:DCC_clearDoneFlag</name>
         <load_address>0x85539</load_address>
         <run_address>0x85539</run_address>
         <size>0x15</size>
         <input_file_ref idref="fl-16"/>
      </object_component>
      <object_component id="oc-4aa">
         <name>.text:DCC_clearErrorFlag</name>
         <load_address>0x8554e</load_address>
         <run_address>0x8554e</run_address>
         <size>0x15</size>
         <input_file_ref idref="fl-16"/>
      </object_component>
      <object_component id="oc-4bc">
         <name>.text:DCC_disableErrorSignal</name>
         <load_address>0x85563</load_address>
         <run_address>0x85563</run_address>
         <size>0x15</size>
         <input_file_ref idref="fl-16"/>
      </object_component>
      <object_component id="oc-4e0">
         <name>.text:DCC_enableErrorSignal</name>
         <load_address>0x85578</load_address>
         <run_address>0x85578</run_address>
         <size>0x15</size>
         <input_file_ref idref="fl-16"/>
      </object_component>
      <object_component id="oc-2cb">
         <name>.text:GPIO_unlockPortConfig</name>
         <load_address>0x8558d</load_address>
         <run_address>0x8558d</run_address>
         <size>0x15</size>
         <input_file_ref idref="fl-5"/>
      </object_component>
      <object_component id="oc-bf">
         <name>.text:ADC_clearInterruptOverflowStatus</name>
         <load_address>0x855a2</load_address>
         <run_address>0x855a2</run_address>
         <size>0x14</size>
         <input_file_ref idref="fl-4"/>
      </object_component>
      <object_component id="oc-53a">
         <name>.text:ADC_clearInterruptStatus</name>
         <load_address>0x855b6</load_address>
         <run_address>0x855b6</run_address>
         <size>0x14</size>
         <input_file_ref idref="fl-2"/>
      </object_component>
      <object_component id="oc-b3">
         <name>.text:ADC_clearInterruptStatus</name>
         <load_address>0x855ca</load_address>
         <run_address>0x855ca</run_address>
         <size>0x14</size>
         <input_file_ref idref="fl-4"/>
      </object_component>
      <object_component id="oc-56b">
         <name>.text:CPUTimer_reloadTimerCounter</name>
         <load_address>0x855de</load_address>
         <run_address>0x855de</run_address>
         <size>0x14</size>
         <input_file_ref idref="fl-2"/>
      </object_component>
      <object_component id="oc-565">
         <name>.text:CPUTimer_stopTimer</name>
         <load_address>0x855f2</load_address>
         <run_address>0x855f2</run_address>
         <size>0x14</size>
         <input_file_ref idref="fl-2"/>
      </object_component>
      <object_component id="oc-4b6">
         <name>.text:DCC_disableModule</name>
         <load_address>0x85606</load_address>
         <run_address>0x85606</run_address>
         <size>0x14</size>
         <input_file_ref idref="fl-16"/>
      </object_component>
      <object_component id="oc-4ec">
         <name>.text:DCC_enableModule</name>
         <load_address>0x8561a</load_address>
         <run_address>0x8561a</run_address>
         <size>0x14</size>
         <input_file_ref idref="fl-16"/>
      </object_component>
      <object_component id="oc-3e5">
         <name>.text:EPWM_setTimeBaseCounterMode</name>
         <load_address>0x8562e</load_address>
         <run_address>0x8562e</run_address>
         <size>0x14</size>
         <input_file_ref idref="fl-2"/>
      </object_component>
      <object_component id="oc-3d9">
         <name>.text:EPWM_setTimeBasePeriod</name>
         <load_address>0x85642</load_address>
         <run_address>0x85642</run_address>
         <size>0x14</size>
         <input_file_ref idref="fl-2"/>
      </object_component>
      <object_component id="oc-386">
         <name>.text:GPIO_isPinValid</name>
         <load_address>0x85656</load_address>
         <run_address>0x85656</run_address>
         <size>0x14</size>
         <input_file_ref idref="fl-14"/>
      </object_component>
      <object_component id="oc-120">
         <name>.text:GPIO_isPinValid</name>
         <load_address>0x8566a</load_address>
         <run_address>0x8566a</run_address>
         <size>0x14</size>
         <input_file_ref idref="fl-4"/>
      </object_component>
      <object_component id="oc-476">
         <name>.text:LED_init</name>
         <load_address>0x8567e</load_address>
         <run_address>0x8567e</run_address>
         <size>0x14</size>
         <input_file_ref idref="fl-2"/>
      </object_component>
      <object_component id="oc-516">
         <name>.text:ADC_enableConverter</name>
         <load_address>0x85692</load_address>
         <run_address>0x85692</run_address>
         <size>0x13</size>
         <input_file_ref idref="fl-2"/>
      </object_component>
      <object_component id="oc-23a">
         <name>.text:Board_init</name>
         <load_address>0x856a5</load_address>
         <run_address>0x856a5</run_address>
         <size>0x13</size>
         <input_file_ref idref="fl-2"/>
      </object_component>
      <object_component id="oc-54d">
         <name>.text:CPUTimer_setEmulationMode</name>
         <load_address>0x856b8</load_address>
         <run_address>0x856b8</run_address>
         <size>0x13</size>
         <input_file_ref idref="fl-11"/>
      </object_component>
      <object_component id="oc-433">
         <name>.text:EPWM_enableInterrupt</name>
         <load_address>0x856cb</load_address>
         <run_address>0x856cb</run_address>
         <size>0x13</size>
         <input_file_ref idref="fl-2"/>
      </object_component>
      <object_component id="oc-3df">
         <name>.text:EPWM_setTimeBaseCounter</name>
         <load_address>0x856de</load_address>
         <run_address>0x856de</run_address>
         <size>0x12</size>
         <input_file_ref idref="fl-2"/>
      </object_component>
      <object_component id="oc-39f">
         <name>.text:SysCtl_setSyncOutputConfig</name>
         <load_address>0x856f0</load_address>
         <run_address>0x856f0</run_address>
         <size>0x12</size>
         <input_file_ref idref="fl-2"/>
      </object_component>
      <object_component id="oc-559">
         <name>.text:CPUTimer_setPeriod</name>
         <load_address>0x85702</load_address>
         <run_address>0x85702</run_address>
         <size>0x11</size>
         <input_file_ref idref="fl-2"/>
      </object_component>
      <object_component id="oc-3eb">
         <name>.text:EPWM_disablePhaseShiftLoad</name>
         <load_address>0x85713</load_address>
         <run_address>0x85713</run_address>
         <size>0x11</size>
         <input_file_ref idref="fl-2"/>
      </object_component>
      <object_component id="oc-457">
         <name>.text:EPWM_enablePhaseShiftLoad</name>
         <load_address>0x85724</load_address>
         <run_address>0x85724</run_address>
         <size>0x11</size>
         <input_file_ref idref="fl-2"/>
      </object_component>
      <object_component id="oc-3f7">
         <name>.text:EPWM_forceSyncPulse</name>
         <load_address>0x85735</load_address>
         <run_address>0x85735</run_address>
         <size>0x11</size>
         <input_file_ref idref="fl-2"/>
      </object_component>
      <object_component id="oc-22e">
         <name>.text:Device_initGPIO</name>
         <load_address>0x85746</load_address>
         <run_address>0x85746</run_address>
         <size>0x10</size>
         <input_file_ref idref="fl-5"/>
      </object_component>
      <object_component id="oc-326">
         <name>.text:Flash_isCtrlBaseValid</name>
         <load_address>0x85756</load_address>
         <run_address>0x85756</run_address>
         <size>0x10</size>
         <input_file_ref idref="fl-13"/>
      </object_component>
      <object_component id="oc-32d">
         <name>.text:Flash_isECCBaseValid</name>
         <load_address>0x85766</load_address>
         <run_address>0x85766</run_address>
         <size>0x10</size>
         <input_file_ref idref="fl-13"/>
      </object_component>
      <object_component id="oc-2b2">
         <name>.text:ASysCtl_disableDCDC</name>
         <load_address>0x85776</load_address>
         <run_address>0x85776</run_address>
         <size>0xf</size>
         <input_file_ref idref="fl-5"/>
      </object_component>
      <object_component id="oc-91">
         <name>.text:Interrupt_register</name>
         <load_address>0x85785</load_address>
         <run_address>0x85785</run_address>
         <size>0xf</size>
         <input_file_ref idref="fl-2"/>
      </object_component>
      <object_component id="oc-f1">
         <name>.text</name>
         <load_address>0x85794</load_address>
         <run_address>0x85794</run_address>
         <size>0xe</size>
         <input_file_ref idref="fl-26"/>
      </object_component>
      <object_component id="oc-10d">
         <name>.text:Interrupt_disableGlobal</name>
         <load_address>0x857a2</load_address>
         <run_address>0x857a2</run_address>
         <size>0xd</size>
         <input_file_ref idref="fl-15"/>
      </object_component>
      <object_component id="oc-113">
         <name>.text:Interrupt_enableGlobal</name>
         <load_address>0x857af</load_address>
         <run_address>0x857af</run_address>
         <size>0xd</size>
         <input_file_ref idref="fl-15"/>
      </object_component>
      <object_component id="oc-299">
         <name>.text:SysCtl_setLowSpeedClock</name>
         <load_address>0x857bc</load_address>
         <run_address>0x857bc</run_address>
         <size>0xd</size>
         <input_file_ref idref="fl-5"/>
      </object_component>
      <object_component id="oc-60">
         <name>.text:decompress:ZI:__TI_zero_init_nomemset</name>
         <load_address>0x857c9</load_address>
         <run_address>0x857c9</run_address>
         <size>0xd</size>
         <input_file_ref idref="fl-2f"/>
      </object_component>
      <object_component id="oc-3ab">
         <name>.text:SysCtl_enableExtADCSOCSource</name>
         <load_address>0x857d6</load_address>
         <run_address>0x857d6</run_address>
         <size>0xc</size>
         <input_file_ref idref="fl-2"/>
      </object_component>
      <object_component id="oc-14e">
         <name>.text</name>
         <load_address>0x857e2</load_address>
         <run_address>0x857e2</run_address>
         <size>0xc</size>
         <input_file_ref idref="fl-34"/>
      </object_component>
      <object_component id="oc-287">
         <name>.text:SysCtl_disableWatchdog</name>
         <load_address>0x857ee</load_address>
         <run_address>0x857ee</run_address>
         <size>0xb</size>
         <input_file_ref idref="fl-5"/>
      </object_component>
      <object_component id="oc-366">
         <name>.text:SysCtl_isMCDClockFailureDetected</name>
         <load_address>0x857f9</load_address>
         <run_address>0x857f9</run_address>
         <size>0xb</size>
         <input_file_ref idref="fl-16"/>
      </object_component>
      <object_component id="oc-49">
         <name>.text:Interrupt_illegalOperationHandler</name>
         <load_address>0x85804</load_address>
         <run_address>0x85804</run_address>
         <size>0xa</size>
         <input_file_ref idref="fl-15"/>
      </object_component>
      <object_component id="oc-4f">
         <name>.text:Interrupt_nmiHandler</name>
         <load_address>0x8580e</load_address>
         <run_address>0x8580e</run_address>
         <size>0xa</size>
         <input_file_ref idref="fl-15"/>
      </object_component>
      <object_component id="oc-2df">
         <name>.text:ASYSCTL_init</name>
         <load_address>0x85818</load_address>
         <run_address>0x85818</run_address>
         <size>0x9</size>
         <input_file_ref idref="fl-2"/>
      </object_component>
      <object_component id="oc-255">
         <name>.text</name>
         <load_address>0x85821</load_address>
         <run_address>0x85821</run_address>
         <size>0x9</size>
         <input_file_ref idref="fl-33"/>
      </object_component>
      <object_component id="oc-102">
         <name>.text</name>
         <load_address>0x8582a</load_address>
         <run_address>0x8582a</run_address>
         <size>0x9</size>
         <input_file_ref idref="fl-25"/>
      </object_component>
      <object_component id="oc-19">
         <name>.text:decompress:none</name>
         <load_address>0x85833</load_address>
         <run_address>0x85833</run_address>
         <size>0x8</size>
         <input_file_ref idref="fl-30"/>
      </object_component>
      <object_component id="oc-6c">
         <name>.text</name>
         <load_address>0x8583b</load_address>
         <run_address>0x8583b</run_address>
         <size>0x8</size>
         <input_file_ref idref="fl-6"/>
      </object_component>
      <object_component id="oc-3b2">
         <name>.text:ASysCtl_disableTemperatureSensor</name>
         <load_address>0x85843</load_address>
         <run_address>0x85843</run_address>
         <size>0x7</size>
         <input_file_ref idref="fl-2"/>
      </object_component>
      <object_component id="oc-5a6">
         <name>.text:SysCtl_resetMCD</name>
         <load_address>0x8584a</load_address>
         <run_address>0x8584a</run_address>
         <size>0x7</size>
         <input_file_ref idref="fl-16"/>
      </object_component>
      <object_component id="oc-127">
         <name>.text:__error__</name>
         <load_address>0x85851</load_address>
         <run_address>0x85851</run_address>
         <size>0x7</size>
         <input_file_ref idref="fl-5"/>
      </object_component>
      <object_component id="oc-8b">
         <name>.text:Interrupt_clearACKGroup</name>
         <load_address>0x85858</load_address>
         <run_address>0x85858</run_address>
         <size>0x6</size>
         <input_file_ref idref="fl-4"/>
      </object_component>
      <object_component id="oc-2eb">
         <name>.text:CPUTIMER_init</name>
         <load_address>0x8585e</load_address>
         <run_address>0x8585e</run_address>
         <size>0x3</size>
         <input_file_ref idref="fl-2"/>
      </object_component>
      <object_component id="oc-2f7">
         <name>.text:GPIO_init</name>
         <load_address>0x85861</load_address>
         <run_address>0x85861</run_address>
         <size>0x3</size>
         <input_file_ref idref="fl-2"/>
      </object_component>
      <object_component id="oc-147">
         <name>.text</name>
         <load_address>0x85864</load_address>
         <run_address>0x85864</run_address>
         <size>0x2</size>
         <input_file_ref idref="fl-2d"/>
      </object_component>
      <object_component id="oc-240">
         <name>.text:C2000Ware_libraries_init</name>
         <load_address>0x85866</load_address>
         <run_address>0x85866</run_address>
         <size>0x1</size>
         <input_file_ref idref="fl-3"/>
      </object_component>
      <object_component id="oc-213">
         <name>.text</name>
         <load_address>0x85867</load_address>
         <run_address>0x85867</run_address>
         <size>0x1</size>
         <input_file_ref idref="fl-44"/>
      </object_component>
      <object_component id="oc-62f">
         <name>.cinit..data.load</name>
         <load_address>0x8112c</load_address>
         <run_address>0x8112c</run_address>
         <size>0xf</size>
      </object_component>
      <object_component id="oc-62c">
         <name>__TI_handler_table</name>
         <load_address>0x8113c</load_address>
         <run_address>0x8113c</run_address>
         <size>0x6</size>
      </object_component>
      <object_component id="oc-62e">
         <name>.cinit..bss.load</name>
         <load_address>0x81142</load_address>
         <run_address>0x81142</run_address>
         <size>0x4</size>
      </object_component>
      <object_component id="oc-62d">
         <name>__TI_cinit_table</name>
         <load_address>0x81146</load_address>
         <run_address>0x81146</run_address>
         <size>0x8</size>
      </object_component>
      <object_component id="oc-55">
         <name>.stack</name>
         <uninitialized>true</uninitialized>
         <run_address>0x400</run_address>
         <size>0x0</size>
         <input_file_ref idref="fl-23"/>
      </object_component>
      <object_component id="oc-630">
         <name>.stack</name>
         <uninitialized>true</uninitialized>
         <run_address>0x400</run_address>
         <size>0x0</size>
      </object_component>
      <object_component id="oc-24c">
         <name>.bss</name>
         <uninitialized>true</uninitialized>
         <run_address>0xa814</run_address>
         <size>0x2</size>
         <input_file_ref idref="fl-4"/>
      </object_component>
      <object_component id="oc-ad">
         <name>.bss:AdcBuf0</name>
         <uninitialized>true</uninitialized>
         <run_address>0xa800</run_address>
         <size>0xa</size>
         <input_file_ref idref="fl-4"/>
      </object_component>
      <object_component id="oc-b0">
         <name>.bss:AdcBuf1</name>
         <uninitialized>true</uninitialized>
         <run_address>0xa80a</run_address>
         <size>0xa</size>
         <input_file_ref idref="fl-4"/>
      </object_component>
      <object_component id="oc-72">
         <name>.data</name>
         <load_address>0xa816</load_address>
         <run_address>0xa816</run_address>
         <size>0xa</size>
         <input_file_ref idref="fl-4"/>
      </object_component>
      <object_component id="oc-1d2">
         <name>.data</name>
         <load_address>0xa820</load_address>
         <run_address>0xa820</run_address>
         <size>0x6</size>
         <input_file_ref idref="fl-32"/>
      </object_component>
      <object_component id="oc-1d5">
         <name>.data:_lock</name>
         <load_address>0xa826</load_address>
         <run_address>0xa826</run_address>
         <size>0x2</size>
         <input_file_ref idref="fl-33"/>
      </object_component>
      <object_component id="oc-309">
         <name>.data:_unlock</name>
         <load_address>0xa828</load_address>
         <run_address>0xa828</run_address>
         <size>0x2</size>
         <input_file_ref idref="fl-33"/>
      </object_component>
      <object_component id="oc-271">
         <name>.data</name>
         <load_address>0xa82a</load_address>
         <run_address>0xa82a</run_address>
         <size>0x1</size>
         <input_file_ref idref="fl-45"/>
      </object_component>
      <object_component id="oc-501">
         <name>.const:.string</name>
         <load_address>0x84000</load_address>
         <run_address>0x84000</run_address>
         <size>0x143</size>
         <input_file_ref idref="fl-2"/>
      </object_component>
      <object_component id="oc-126">
         <name>.const:.string</name>
         <load_address>0x84144</load_address>
         <run_address>0x84144</run_address>
         <size>0xed</size>
         <input_file_ref idref="fl-4"/>
      </object_component>
      <object_component id="oc-32c">
         <name>.const:.string</name>
         <load_address>0x84232</load_address>
         <run_address>0x84232</run_address>
         <size>0x9b</size>
         <input_file_ref idref="fl-13"/>
      </object_component>
      <object_component id="oc-365">
         <name>.const:.string</name>
         <load_address>0x842ce</load_address>
         <run_address>0x842ce</run_address>
         <size>0x9a</size>
         <input_file_ref idref="fl-16"/>
      </object_component>
      <object_component id="oc-38c">
         <name>.const:.string</name>
         <load_address>0x84368</load_address>
         <run_address>0x84368</run_address>
         <size>0x98</size>
         <input_file_ref idref="fl-14"/>
      </object_component>
      <object_component id="oc-1ee">
         <name>.const:ipio2</name>
         <load_address>0x84400</load_address>
         <run_address>0x84400</run_address>
         <size>0x84</size>
         <input_file_ref idref="fl-37"/>
      </object_component>
      <object_component id="oc-2a5">
         <name>.const:.string</name>
         <load_address>0x84484</load_address>
         <run_address>0x84484</run_address>
         <size>0x65</size>
         <input_file_ref idref="fl-5"/>
      </object_component>
      <object_component id="oc-276">
         <name>.const</name>
         <load_address>0x844ea</load_address>
         <run_address>0x844ea</run_address>
         <size>0xc</size>
         <input_file_ref idref="fl-3a"/>
      </object_component>
      <object_component id="oc-75">
         <name>.const</name>
         <load_address>0x844f6</load_address>
         <run_address>0x844f6</run_address>
         <size>0x6</size>
         <input_file_ref idref="fl-4"/>
      </object_component>
      <object_component id="oc-1e6">
         <name>.const:init_jk</name>
         <load_address>0x844fc</load_address>
         <run_address>0x844fc</run_address>
         <size>0x4</size>
         <input_file_ref idref="fl-37"/>
      </object_component>
      <object_component id="oc-176">
         <name>.const</name>
         <load_address>0x84500</load_address>
         <run_address>0x84500</run_address>
         <size>0x64</size>
         <input_file_ref idref="fl-36"/>
      </object_component>
      <object_component id="oc-5e7">
         <name>.const:.string</name>
         <load_address>0x84564</load_address>
         <run_address>0x84564</run_address>
         <size>0x50</size>
         <input_file_ref idref="fl-11"/>
      </object_component>
      <object_component id="oc-5c7">
         <name>.const:.string</name>
         <load_address>0x845b4</load_address>
         <run_address>0x845b4</run_address>
         <size>0x4b</size>
         <input_file_ref idref="fl-10"/>
      </object_component>
      <object_component id="oc-186">
         <name>.const</name>
         <load_address>0x84600</load_address>
         <run_address>0x84600</run_address>
         <size>0x3c</size>
         <input_file_ref idref="fl-38"/>
      </object_component>
      <object_component id="oc-ea">
         <name>.const</name>
         <load_address>0x8463c</load_address>
         <run_address>0x8463c</run_address>
         <size>0x4</size>
         <input_file_ref idref="fl-22"/>
      </object_component>
      <object_component id="oc-15c">
         <name>.const</name>
         <load_address>0x84640</load_address>
         <run_address>0x84640</run_address>
         <size>0x38</size>
         <input_file_ref idref="fl-39"/>
      </object_component>
      <object_component id="oc-1f1">
         <name>.const</name>
         <load_address>0x84680</load_address>
         <run_address>0x84680</run_address>
         <size>0x2c</size>
         <input_file_ref idref="fl-37"/>
      </object_component>
      <object_component id="oc-200">
         <name>.const:PIo2</name>
         <load_address>0x846ac</load_address>
         <run_address>0x846ac</run_address>
         <size>0x20</size>
         <input_file_ref idref="fl-37"/>
      </object_component>
      <object_component id="oc-268">
         <name>.const</name>
         <load_address>0x846cc</load_address>
         <run_address>0x846cc</run_address>
         <size>0x1c</size>
         <input_file_ref idref="fl-3b"/>
      </object_component>
      <object_component id="oc-28d">
         <name>.TI.ramfunc:Flash_initModule</name>
         <load_address>0x81000</load_address>
         <run_address>0x8000</run_address>
         <size>0x44</size>
         <input_file_ref idref="fl-13"/>
      </object_component>
      <object_component id="oc-333">
         <name>.TI.ramfunc:Flash_setBankPowerMode</name>
         <load_address>0x81044</load_address>
         <run_address>0x8044</run_address>
         <size>0x2c</size>
         <input_file_ref idref="fl-13"/>
      </object_component>
      <object_component id="oc-34b">
         <name>.TI.ramfunc:Flash_setWaitstates</name>
         <load_address>0x81070</load_address>
         <run_address>0x8070</run_address>
         <size>0x24</size>
         <input_file_ref idref="fl-13"/>
      </object_component>
      <object_component id="oc-339">
         <name>.TI.ramfunc:Flash_setPumpPowerMode</name>
         <load_address>0x81094</load_address>
         <run_address>0x8094</run_address>
         <size>0x1d</size>
         <input_file_ref idref="fl-13"/>
      </object_component>
      <object_component id="oc-33f">
         <name>.TI.ramfunc:Flash_disableCache</name>
         <load_address>0x810b1</load_address>
         <run_address>0x80b1</run_address>
         <size>0x18</size>
         <input_file_ref idref="fl-13"/>
      </object_component>
      <object_component id="oc-345">
         <name>.TI.ramfunc:Flash_disablePrefetch</name>
         <load_address>0x810c9</load_address>
         <run_address>0x80c9</run_address>
         <size>0x18</size>
         <input_file_ref idref="fl-13"/>
      </object_component>
      <object_component id="oc-351">
         <name>.TI.ramfunc:Flash_enableCache</name>
         <load_address>0x810e1</load_address>
         <run_address>0x80e1</run_address>
         <size>0x17</size>
         <input_file_ref idref="fl-13"/>
      </object_component>
      <object_component id="oc-357">
         <name>.TI.ramfunc:Flash_enablePrefetch</name>
         <load_address>0x810f8</load_address>
         <run_address>0x80f8</run_address>
         <size>0x17</size>
         <input_file_ref idref="fl-13"/>
      </object_component>
      <object_component id="oc-35d">
         <name>.TI.ramfunc:Flash_enableECC</name>
         <load_address>0x8110f</load_address>
         <run_address>0x810f</run_address>
         <size>0x16</size>
         <input_file_ref idref="fl-13"/>
      </object_component>
      <object_component id="oc-372">
         <name>.TI.ramfunc</name>
         <load_address>0x81125</load_address>
         <run_address>0x8125</run_address>
         <size>0x4</size>
         <input_file_ref idref="fl-16"/>
      </object_component>
      <object_component id="oc-9e">
         <name>.debug_types</name>
         <load_address>0x0</load_address>
         <run_address>0x0</run_address>
         <size>0x2a2b</size>
         <input_file_ref idref="fl-2"/>
      </object_component>
      <object_component id="oc-2ff">
         <name>.debug_types</name>
         <load_address>0x0</load_address>
         <run_address>0x0</run_address>
         <size>0x0</size>
         <input_file_ref idref="fl-3"/>
      </object_component>
      <object_component id="oc-a0">
         <name>.debug_types</name>
         <load_address>0x2a2b</load_address>
         <run_address>0x2a2b</run_address>
         <size>0x13c</size>
         <input_file_ref idref="fl-4"/>
      </object_component>
      <object_component id="oc-193">
         <name>.debug_types</name>
         <load_address>0x2b67</load_address>
         <run_address>0x2b67</run_address>
         <size>0xbe4</size>
         <input_file_ref idref="fl-5"/>
      </object_component>
      <object_component id="oc-5cf">
         <name>.debug_types</name>
         <load_address>0x374b</load_address>
         <run_address>0x374b</run_address>
         <size>0x126</size>
         <input_file_ref idref="fl-10"/>
      </object_component>
      <object_component id="oc-5e9">
         <name>.debug_types</name>
         <load_address>0x0</load_address>
         <run_address>0x0</run_address>
         <size>0x0</size>
         <input_file_ref idref="fl-11"/>
      </object_component>
      <object_component id="oc-364">
         <name>.debug_types</name>
         <load_address>0x3871</load_address>
         <run_address>0x3871</run_address>
         <size>0x1e9</size>
         <input_file_ref idref="fl-13"/>
      </object_component>
      <object_component id="oc-38e">
         <name>.debug_types</name>
         <load_address>0x3a5a</load_address>
         <run_address>0x3a5a</run_address>
         <size>0x24d</size>
         <input_file_ref idref="fl-14"/>
      </object_component>
      <object_component id="oc-c7">
         <name>.debug_types</name>
         <load_address>0x0</load_address>
         <run_address>0x0</run_address>
         <size>0x0</size>
         <input_file_ref idref="fl-15"/>
      </object_component>
      <object_component id="oc-37a">
         <name>.debug_types</name>
         <load_address>0x3ca7</load_address>
         <run_address>0x3ca7</run_address>
         <size>0x1d4</size>
         <input_file_ref idref="fl-16"/>
      </object_component>
      <object_component id="oc-108">
         <name>.debug_types</name>
         <load_address>0x3e7b</load_address>
         <run_address>0x3e7b</run_address>
         <size>0x90</size>
         <input_file_ref idref="fl-22"/>
      </object_component>
      <object_component id="oc-cf">
         <name>.debug_types</name>
         <load_address>0x3f0b</load_address>
         <run_address>0x3f0b</run_address>
         <size>0x142</size>
         <input_file_ref idref="fl-2c"/>
      </object_component>
      <object_component id="oc-199">
         <name>.debug_types</name>
         <load_address>0x0</load_address>
         <run_address>0x0</run_address>
         <size>0x0</size>
         <input_file_ref idref="fl-2d"/>
      </object_component>
      <object_component id="oc-21a">
         <name>.debug_types</name>
         <load_address>0x404d</load_address>
         <run_address>0x404d</run_address>
         <size>0x470</size>
         <input_file_ref idref="fl-2e"/>
      </object_component>
      <object_component id="oc-d4">
         <name>.debug_types</name>
         <load_address>0x44bd</load_address>
         <run_address>0x44bd</run_address>
         <size>0x194</size>
         <input_file_ref idref="fl-2f"/>
      </object_component>
      <object_component id="oc-5f">
         <name>.debug_types</name>
         <load_address>0x0</load_address>
         <run_address>0x0</run_address>
         <size>0x0</size>
         <input_file_ref idref="fl-30"/>
      </object_component>
      <object_component id="oc-57">
         <name>.debug_types</name>
         <load_address>0x4651</load_address>
         <run_address>0x4651</run_address>
         <size>0x191</size>
         <input_file_ref idref="fl-31"/>
      </object_component>
      <object_component id="oc-1d9">
         <name>.debug_types</name>
         <load_address>0x47e2</load_address>
         <run_address>0x47e2</run_address>
         <size>0xbf</size>
         <input_file_ref idref="fl-32"/>
      </object_component>
      <object_component id="oc-25d">
         <name>.debug_types</name>
         <load_address>0x48a1</load_address>
         <run_address>0x48a1</run_address>
         <size>0x2f</size>
         <input_file_ref idref="fl-33"/>
      </object_component>
      <object_component id="oc-1d1">
         <name>.debug_types</name>
         <load_address>0x48d0</load_address>
         <run_address>0x48d0</run_address>
         <size>0xe1</size>
         <input_file_ref idref="fl-34"/>
      </object_component>
      <object_component id="oc-185">
         <name>.debug_types</name>
         <load_address>0x49b1</load_address>
         <run_address>0x49b1</run_address>
         <size>0xcb</size>
         <input_file_ref idref="fl-36"/>
      </object_component>
      <object_component id="oc-204">
         <name>.debug_types</name>
         <load_address>0x4a7c</load_address>
         <run_address>0x4a7c</run_address>
         <size>0x158</size>
         <input_file_ref idref="fl-37"/>
      </object_component>
      <object_component id="oc-18a">
         <name>.debug_types</name>
         <load_address>0x0</load_address>
         <run_address>0x0</run_address>
         <size>0x0</size>
         <input_file_ref idref="fl-38"/>
      </object_component>
      <object_component id="oc-165">
         <name>.debug_types</name>
         <load_address>0x0</load_address>
         <run_address>0x0</run_address>
         <size>0x0</size>
         <input_file_ref idref="fl-39"/>
      </object_component>
      <object_component id="oc-27a">
         <name>.debug_types</name>
         <load_address>0x0</load_address>
         <run_address>0x0</run_address>
         <size>0x0</size>
         <input_file_ref idref="fl-3a"/>
      </object_component>
      <object_component id="oc-275">
         <name>.debug_types</name>
         <load_address>0x0</load_address>
         <run_address>0x0</run_address>
         <size>0x0</size>
         <input_file_ref idref="fl-3b"/>
      </object_component>
      <object_component id="oc-313">
         <name>.debug_types</name>
         <load_address>0x0</load_address>
         <run_address>0x0</run_address>
         <size>0x0</size>
         <input_file_ref idref="fl-3c"/>
      </object_component>
      <object_component id="oc-281">
         <name>.debug_types</name>
         <load_address>0x0</load_address>
         <run_address>0x0</run_address>
         <size>0x0</size>
         <input_file_ref idref="fl-44"/>
      </object_component>
      <object_component id="oc-316">
         <name>.debug_types</name>
         <load_address>0x0</load_address>
         <run_address>0x0</run_address>
         <size>0x0</size>
         <input_file_ref idref="fl-45"/>
      </object_component>
      <object_component id="oc-5d1">
         <name>.debug_info</name>
         <load_address>0x0</load_address>
         <run_address>0x0</run_address>
         <size>0x182</size>
         <input_file_ref idref="fl-2"/>
      </object_component>
      <object_component id="oc-50b">
         <name>.debug_info</name>
         <load_address>0x182</load_address>
         <run_address>0x182</run_address>
         <size>0x1cf</size>
         <input_file_ref idref="fl-2"/>
      </object_component>
      <object_component id="oc-529">
         <name>.debug_info</name>
         <load_address>0x351</load_address>
         <run_address>0x351</run_address>
         <size>0x24e</size>
         <input_file_ref idref="fl-2"/>
      </object_component>
      <object_component id="oc-52f">
         <name>.debug_info</name>
         <load_address>0x59f</load_address>
         <run_address>0x59f</run_address>
         <size>0x21b</size>
         <input_file_ref idref="fl-2"/>
      </object_component>
      <object_component id="oc-511">
         <name>.debug_info</name>
         <load_address>0x7ba</load_address>
         <run_address>0x7ba</run_address>
         <size>0x1dd</size>
         <input_file_ref idref="fl-2"/>
      </object_component>
      <object_component id="oc-517">
         <name>.debug_info</name>
         <load_address>0x997</load_address>
         <run_address>0x997</run_address>
         <size>0x1a6</size>
         <input_file_ref idref="fl-2"/>
      </object_component>
      <object_component id="oc-53b">
         <name>.debug_info</name>
         <load_address>0xb3d</load_address>
         <run_address>0xb3d</run_address>
         <size>0x1db</size>
         <input_file_ref idref="fl-2"/>
      </object_component>
      <object_component id="oc-51d">
         <name>.debug_info</name>
         <load_address>0xd18</load_address>
         <run_address>0xd18</run_address>
         <size>0x1a8</size>
         <input_file_ref idref="fl-2"/>
      </object_component>
      <object_component id="oc-523">
         <name>.debug_info</name>
         <load_address>0xec0</load_address>
         <run_address>0xec0</run_address>
         <size>0x1cb</size>
         <input_file_ref idref="fl-2"/>
      </object_component>
      <object_component id="oc-547">
         <name>.debug_info</name>
         <load_address>0x108b</load_address>
         <run_address>0x108b</run_address>
         <size>0x1fd</size>
         <input_file_ref idref="fl-2"/>
      </object_component>
      <object_component id="oc-535">
         <name>.debug_info</name>
         <load_address>0x1288</load_address>
         <run_address>0x1288</run_address>
         <size>0x23f</size>
         <input_file_ref idref="fl-2"/>
      </object_component>
      <object_component id="oc-541">
         <name>.debug_info</name>
         <load_address>0x14c7</load_address>
         <run_address>0x14c7</run_address>
         <size>0x209</size>
         <input_file_ref idref="fl-2"/>
      </object_component>
      <object_component id="oc-92">
         <name>.debug_info</name>
         <load_address>0x16d0</load_address>
         <run_address>0x16d0</run_address>
         <size>0x1d6</size>
         <input_file_ref idref="fl-2"/>
      </object_component>
      <object_component id="oc-3a6">
         <name>.debug_info</name>
         <load_address>0x18a6</load_address>
         <run_address>0x18a6</run_address>
         <size>0x1d8</size>
         <input_file_ref idref="fl-2"/>
      </object_component>
      <object_component id="oc-3a0">
         <name>.debug_info</name>
         <load_address>0x1a7e</load_address>
         <run_address>0x1a7e</run_address>
         <size>0x199</size>
         <input_file_ref idref="fl-2"/>
      </object_component>
      <object_component id="oc-3ac">
         <name>.debug_info</name>
         <load_address>0x1c17</load_address>
         <run_address>0x1c17</run_address>
         <size>0x1a1</size>
         <input_file_ref idref="fl-2"/>
      </object_component>
      <object_component id="oc-3b3">
         <name>.debug_info</name>
         <load_address>0x1db8</load_address>
         <run_address>0x1db8</run_address>
[...]
         <origin>0x10000</origin>
         <length>0x2000</length>
         <used_space>0x0</used_space>
         <unused_space>0x2000</unused_space>
         <attributes>RWIX</attributes>
         <usage_details>
         </usage_details>
      </memory_area>
      <memory_area display="yes" color="green">
         <name>RAMGS3</name>
         <page_id>0x1</page_id>
         <origin>0x12000</origin>
         <length>0x1ff8</length>
         <used_space>0x0</used_space>
         <unused_space>0x1ff8</unused_space>
         <attributes>RWIX</attributes>
         <usage_details>
         </usage_details>
      </memory_area>
   </placement_map>
   <cptbl_list>
      <cptbl>
         <name>__TI_cinit_table</name>
         <cprec>
            <name>.data</name>
            <load_address>0x8112c</load_address>
            <load_size>0xf</load_size>
            <run_address>0xa816</run_address>
            <run_size>0x15</run_size>
            <compression>lzss</compression>
         </cprec>
         <cprec>
            <name>.bss</name>
            <load_address>0x81142</load_address>
            <load_size>0x4</load_size>
            <run_address>0xa800</run_address>
            <run_size>0x16</run_size>
            <compression>zero_init</compression>
         </cprec>
      </cptbl>
   </cptbl_list>
   <handler_table>
      <handler_table_name>__TI_handler_table</handler_table_name>
      <handler>
         <index>0x0</index>
         <name>__TI_zero_init</name>
      </handler>
      <handler>
         <index>0x1</index>
         <name>__TI_decompress_lzss</name>
      </handler>
      <handler>
         <index>0x2</index>
         <name>__TI_decompress_none</name>
      </handler>
   </handler_table>
   <symbol_table>
      <symbol id="sm-1">
         <name>RamfuncsLoadStart</name>
         <value>0x81000</value>
      </symbol>
      <symbol id="sm-2">
         <name>RamfuncsLoadSize</name>
         <value>0x129</value>
      </symbol>
      <symbol id="sm-3">
         <name>RamfuncsLoadEnd</name>
         <value>0x81129</value>
      </symbol>
      <symbol id="sm-4">
         <name>RamfuncsRunStart</name>
         <value>0x8000</value>
      </symbol>
      <symbol id="sm-5">
         <name>RamfuncsRunSize</name>
         <value>0x129</value>
      </symbol>
      <symbol id="sm-6">
         <name>RamfuncsRunEnd</name>
         <value>0x8129</value>
      </symbol>
      <symbol id="sm-7">
         <name>__TI_CINIT_Base</name>
         <value>0x81146</value>
      </symbol>
      <symbol id="sm-8">
         <name>__TI_CINIT_Limit</name>
         <value>0x8114e</value>
      </symbol>
      <symbol id="sm-9">
         <name>__TI_CINIT_Warm</name>
         <value>0x8114e</value>
      </symbol>
      <symbol id="sm-a">
         <name>__TI_Handler_Table_Base</name>
         <value>0x8113c</value>
      </symbol>
      <symbol id="sm-b">
         <name>__TI_Handler_Table_Limit</name>
         <value>0x81142</value>
      </symbol>
      <symbol id="sm-c">
         <name>__TI_STACK_SIZE</name>
         <value>0x3f8</value>
      </symbol>
      <symbol id="sm-d">
         <name>__TI_STACK_END</name>
         <value>0x7f8</value>
      </symbol>
      <symbol id="sm-e">
         <name>__TI_pprof_out_hndl</name>
         <value>0xffffffff</value>
      </symbol>
      <symbol id="sm-f">
         <name>__TI_prof_data_start</name>
         <value>0xffffffff</value>
      </symbol>
      <symbol id="sm-10">
         <name>__TI_prof_data_size</name>
         <value>0xffffffff</value>
      </symbol>
      <symbol id="sm-29b">
         <name>INTERRUPT_init</name>
         <value>0x85359</value>
         <object_component_ref idref="oc-2c"/>
      </symbol>
      <symbol id="sm-29c">
         <name>PinMux_init</name>
         <value>0x837c0</value>
         <object_component_ref idref="oc-2d3"/>
      </symbol>
      <symbol id="sm-29d">
         <name>Board_init</name>
         <value>0x856a5</value>
         <object_component_ref idref="oc-23a"/>
      </symbol>
      <symbol id="sm-29e">
         <name>GPIO_init</name>
         <value>0x85861</value>
         <object_component_ref idref="oc-2f7"/>
      </symbol>
      <symbol id="sm-29f">
         <name>ADC_init</name>
         <value>0x82ffd</value>
         <object_component_ref idref="oc-2e5"/>
      </symbol>
      <symbol id="sm-2a0">
         <name>SYNC_init</name>
         <value>0x8519e</value>
         <object_component_ref idref="oc-2d9"/>
      </symbol>
      <symbol id="sm-2a1">
         <name>myADCA_init</name>
         <value>0x8381a</value>
         <object_component_ref idref="oc-3c5"/>
      </symbol>
      <symbol id="sm-2a2">
         <name>EPWM_init</name>
         <value>0x82aad</value>
         <object_component_ref idref="oc-2f1"/>
      </symbol>
      <symbol id="sm-2a3">
         <name>CPUTIMER_init</name>
         <value>0x8585e</value>
         <object_component_ref idref="oc-2eb"/>
      </symbol>
      <symbol id="sm-2a4">
         <name>LED_init</name>
         <value>0x8567e</value>
         <object_component_ref idref="oc-476"/>
      </symbol>
      <symbol id="sm-2a5">
         <name>ASYSCTL_init</name>
         <value>0x85818</value>
         <object_component_ref idref="oc-2df"/>
      </symbol>
      <symbol id="sm-2a6">
         <name>myCPUTIMER0_init</name>
         <value>0x83f85</value>
         <object_component_ref idref="oc-3cc"/>
      </symbol>
      <symbol id="sm-2b3">
         <name>C2000Ware_libraries_init</name>
         <value>0x85866</value>
         <object_component_ref idref="oc-240"/>
      </symbol>
      <symbol id="sm-353">
         <name>AdcBuf1</name>
         <value>0xa80a</value>
         <object_component_ref idref="oc-b0"/>
      </symbol>
      <symbol id="sm-354">
         <name>AdcBuf0</name>
         <value>0xa800</value>
         <object_component_ref idref="oc-ad"/>
      </symbol>
      <symbol id="sm-355">
         <name>INT_myCPUTIMER0_ISR</name>
         <value>0x8361f</value>
         <object_component_ref idref="oc-2b"/>
      </symbol>
      <symbol id="sm-356">
         <name>main</name>
         <value>0x83a30</value>
         <object_component_ref idref="oc-1ca"/>
      </symbol>
      <symbol id="sm-357">
         <name>ref_mod_inverter</name>
         <value>0xa818</value>
         <object_component_ref idref="oc-72"/>
      </symbol>
      <symbol id="sm-358">
         <name>compare1</name>
         <value>0xa814</value>
         <object_component_ref idref="oc-24c"/>
      </symbol>
      <symbol id="sm-359">
         <name>compare2</name>
         <value>0xa815</value>
         <object_component_ref idref="oc-24c"/>
      </symbol>
      <symbol id="sm-35a">
         <name>INT_myADCA_2_ISR</name>
         <value>0x83690</value>
         <object_component_ref idref="oc-37"/>
      </symbol>
      <symbol id="sm-35b">
         <name>V_mod_inverter</name>
         <value>0xa81a</value>
         <object_component_ref idref="oc-72"/>
      </symbol>
      <symbol id="sm-3aa">
         <name>Device_enableAllPeripherals</name>
         <value>0x830e8</value>
         <object_component_ref idref="oc-2ac"/>
      </symbol>
      <symbol id="sm-3ab">
         <name>Device_initGPIO</name>
         <value>0x85746</value>
         <object_component_ref idref="oc-22e"/>
      </symbol>
      <symbol id="sm-3ac">
         <name>Device_init</name>
         <value>0x83700</value>
         <object_component_ref idref="oc-228"/>
      </symbol>
      <symbol id="sm-3ad">
         <name>__error__</name>
         <value>0x85851</value>
         <object_component_ref idref="oc-127"/>
      </symbol>
      <symbol id="sm-3bc">
         <name>code_start</name>
         <value>0x80000</value>
         <object_component_ref idref="oc-20"/>
      </symbol>
      <symbol id="sm-3e8">
         <name>ADC_setOffsetTrimAll</name>
         <value>0x83e7b</value>
         <object_component_ref idref="oc-5c8"/>
      </symbol>
      <symbol id="sm-3e9">
         <name>ADC_setVREF</name>
         <value>0x838c5</value>
         <object_component_ref idref="oc-504"/>
      </symbol>
      <symbol id="sm-403">
         <name>CPUTimer_setEmulationMode</name>
         <value>0x856b8</value>
         <object_component_ref idref="oc-54d"/>
      </symbol>
      <symbol id="sm-474">
         <name>Flash_initModule</name>
         <value>0x8000</value>
         <object_component_ref idref="oc-28d"/>
      </symbol>
      <symbol id="sm-4c2">
         <name>GPIO_setQualificationMode</name>
         <value>0x83c4f</value>
         <object_component_ref idref="oc-398"/>
      </symbol>
      <symbol id="sm-4c3">
         <name>GPIO_setPadConfig</name>
         <value>0x83873</value>
         <object_component_ref idref="oc-2b8"/>
      </symbol>
      <symbol id="sm-4c4">
         <name>GPIO_setAnalogMode</name>
         <value>0x83ba7</value>
         <object_component_ref idref="oc-2c4"/>
      </symbol>
      <symbol id="sm-4c5">
         <name>GPIO_setDirectionMode</name>
         <value>0x83cbd</value>
         <object_component_ref idref="oc-2be"/>
      </symbol>
      <symbol id="sm-4c6">
         <name>GPIO_setPinConfig</name>
         <value>0x83c18</value>
         <object_component_ref idref="oc-392"/>
      </symbol>
      <symbol id="sm-4c7">
         <name>GPIO_setControllerCore</name>
         <value>0x83be1</value>
         <object_component_ref idref="oc-599"/>
      </symbol>
      <symbol id="sm-516">
         <name>Interrupt_defaultHandler</name>
         <value>0x854f9</value>
         <object_component_ref idref="oc-3d"/>
      </symbol>
      <symbol id="sm-517">
         <name>Interrupt_initModule</name>
         <value>0x83b30</value>
         <object_component_ref idref="oc-234"/>
      </symbol>
      <symbol id="sm-518">
         <name>Interrupt_nmiHandler</name>
         <value>0x8580e</value>
         <object_component_ref idref="oc-4f"/>
      </symbol>
      <symbol id="sm-519">
         <name>Interrupt_enable</name>
         <value>0x83c86</value>
         <object_component_ref idref="oc-97"/>
      </symbol>
      <symbol id="sm-51a">
         <name>Interrupt_initVectorTable</name>
         <value>0x85180</value>
         <object_component_ref idref="oc-3e"/>
      </symbol>
      <symbol id="sm-51b">
         <name>Interrupt_illegalOperationHandler</name>
         <value>0x85804</value>
         <object_component_ref idref="oc-49"/>
      </symbol>
      <symbol id="sm-62f">
         <name>SysCtl_isPLLValid</name>
         <value>0x8335b</value>
         <object_component_ref idref="oc-373"/>
      </symbol>
      <symbol id="sm-630">
         <name>SysCtl_delay</name>
         <value>0x8125</value>
         <object_component_ref idref="oc-372"/>
      </symbol>
      <symbol id="sm-631">
         <name>SysCtl_selectXTALSingleEnded</name>
         <value>0x83f18</value>
         <object_component_ref idref="oc-49d"/>
      </symbol>
      <symbol id="sm-632">
         <name>SysCtl_selectXTAL</name>
         <value>0x83ab2</value>
         <object_component_ref idref="oc-497"/>
      </symbol>
      <symbol id="sm-633">
         <name>SysCtl_selectOscSource</name>
         <value>0x8395c</value>
         <object_component_ref idref="oc-36c"/>
      </symbol>
      <symbol id="sm-634">
         <name>SysCtl_getLowSpeedClock</name>
         <value>0x85326</value>
         <object_component_ref idref="oc-2a6"/>
      </symbol>
      <symbol id="sm-635">
         <name>SysCtl_setClock</name>
         <value>0x83293</value>
         <object_component_ref idref="oc-293"/>
      </symbol>
      <symbol id="sm-636">
         <name>SysCtl_getClock</name>
         <value>0x83762</value>
         <object_component_ref idref="oc-29f"/>
      </symbol>
      <symbol id="sm-650">
         <name>sin</name>
         <value>0x831c8</value>
         <object_component_ref idref="oc-7b"/>
      </symbol>
      <symbol id="sm-651">
         <name>sinl</name>
         <value>0x831c8</value>
         <object_component_ref idref="oc-7b"/>
      </symbol>
      <symbol id="sm-65b">
         <name>_c_int00</name>
         <value>0x8548a</value>
         <object_component_ref idref="oc-dc"/>
      </symbol>
      <symbol id="sm-65c">
         <name>__stack</name>
         <value>0x400</value>
         <object_component_ref idref="oc-55"/>
      </symbol>
      <symbol id="sm-66a">
         <name>__c28xabi_mpyd</name>
         <value>0x834b4</value>
         <object_component_ref idref="oc-86"/>
      </symbol>
      <symbol id="sm-673">
         <name>__c28xabi_negd</name>
         <value>0x8582a</value>
         <object_component_ref idref="oc-102"/>
      </symbol>
      <symbol id="sm-67b">
         <name>__c28xabi_subd</name>
         <value>0x85794</value>
         <object_component_ref idref="oc-f1"/>
      </symbol>
      <symbol id="sm-686">
         <name>__c28xabi_dtoi</name>
         <value>0x85087</value>
         <object_component_ref idref="oc-e5"/>
      </symbol>
      <symbol id="sm-694">
         <name>__c28xabi_ftod</name>
         <value>0x852a0</value>
         <object_component_ref idref="oc-76"/>
      </symbol>
      <symbol id="sm-6a0">
         <name>__c28xabi_dtof</name>
         <value>0x83fcd</value>
         <object_component_ref idref="oc-81"/>
      </symbol>
      <symbol id="sm-6b2">
         <name>memcpy</name>
         <value>0x85213</value>
         <object_component_ref idref="oc-58"/>
      </symbol>
      <symbol id="sm-6bf">
         <name>_system_pre_init</name>
         <value>0x85864</value>
         <object_component_ref idref="oc-147"/>
      </symbol>
      <symbol id="sm-6ce">
         <name>__TI_auto_init_nobinit_nopinit</name>
         <value>0x83dfd</value>
         <object_component_ref idref="oc-19a"/>
      </symbol>
      <symbol id="sm-6dd">
         <name>__TI_zero_init_nomemset</name>
         <value>0x857c9</value>
         <object_component_ref idref="oc-60"/>
      </symbol>
      <symbol id="sm-6ea">
         <name>__TI_decompress_none</name>
         <value>0x85833</value>
         <object_component_ref idref="oc-19"/>
      </symbol>
      <symbol id="sm-6fe">
         <name>__TI_decompress_lzss</name>
         <value>0x83cee</value>
         <object_component_ref idref="oc-13"/>
      </symbol>
      <symbol id="sm-714">
         <name>C$$EXIT</name>
         <value>0x83e52</value>
         <object_component_ref idref="oc-154"/>
      </symbol>
      <symbol id="sm-715">
         <name>abort</name>
         <value>0x83e52</value>
         <object_component_ref idref="oc-154"/>
      </symbol>
      <symbol id="sm-716">
         <name>exit</name>
         <value>0x83e54</value>
         <object_component_ref idref="oc-154"/>
      </symbol>
      <symbol id="sm-717">
         <name>__TI_dtors_ptr</name>
         <value>0xa824</value>
         <object_component_ref idref="oc-1d2"/>
      </symbol>
      <symbol id="sm-718">
         <name>__TI_cleanup_ptr</name>
         <value>0xa822</value>
         <object_component_ref idref="oc-1d2"/>
      </symbol>
      <symbol id="sm-719">
         <name>__TI_enable_exit_profile_output</name>
         <value>0xa820</value>
         <object_component_ref idref="oc-1d2"/>
      </symbol>
      <symbol id="sm-730">
         <name>_nop</name>
         <value>0x85829</value>
         <object_component_ref idref="oc-255"/>
      </symbol>
      <symbol id="sm-731">
         <name>_lock</name>
         <value>0xa826</value>
         <object_component_ref idref="oc-1d5"/>
      </symbol>
      <symbol id="sm-732">
         <name>_unlock</name>
         <value>0xa828</value>
         <object_component_ref idref="oc-309"/>
      </symbol>
      <symbol id="sm-733">
         <name>_register_lock</name>
         <value>0x85825</value>
         <object_component_ref idref="oc-255"/>
      </symbol>
      <symbol id="sm-734">
         <name>_register_unlock</name>
         <value>0x85821</value>
         <object_component_ref idref="oc-255"/>
      </symbol>
      <symbol id="sm-743">
         <name>_args_main</name>
         <value>0x857e2</value>
         <object_component_ref idref="oc-14e"/>
      </symbol>
      <symbol id="sm-77f">
         <name>__rem_pio2</name>
         <value>0x8267c</value>
         <object_component_ref idref="oc-f6"/>
      </symbol>
      <symbol id="sm-7f0">
         <name>__kernel_rem_pio2</name>
         <value>0x82000</value>
         <object_component_ref idref="oc-17e"/>
      </symbol>
      <symbol id="sm-812">
         <name>__kernel_cos</name>
         <value>0x82e41</value>
         <object_component_ref idref="oc-fc"/>
      </symbol>
      <symbol id="sm-835">
         <name>__kernel_sin</name>
         <value>0x82d1c</value>
         <object_component_ref idref="oc-eb"/>
      </symbol>
      <symbol id="sm-858">
         <name>floorl</name>
         <value>0x83000</value>
         <object_component_ref idref="oc-1fa"/>
      </symbol>
      <symbol id="sm-859">
         <name>floor</name>
         <value>0x83000</value>
         <object_component_ref idref="oc-1fa"/>
      </symbol>
      <symbol id="sm-87b">
         <name>scalbn</name>
         <value>0x82f54</value>
         <object_component_ref idref="oc-1f4"/>
      </symbol>
      <symbol id="sm-87c">
         <name>scalbnl</name>
         <value>0x82f54</value>
         <object_component_ref idref="oc-1f4"/>
      </symbol>
      <symbol id="sm-87d">
         <name>ldexpl</name>
         <value>0x82f54</value>
         <object_component_ref idref="oc-1f4"/>
      </symbol>
      <symbol id="sm-87e">
         <name>ldexp</name>
         <value>0x82f54</value>
         <object_component_ref idref="oc-1f4"/>
      </symbol>
      <symbol id="sm-88c">
         <name>copysign</name>
         <value>0x83fa9</value>
         <object_component_ref idref="oc-26b"/>
      </symbol>
      <symbol id="sm-88d">
         <name>copysignl</name>
         <value>0x83fa9</value>
         <object_component_ref idref="oc-26b"/>
      </symbol>
      <symbol id="sm-8a4">
         <name>__c28xabi_addd</name>
         <value>0x83418</value>
         <object_component_ref idref="oc-15f"/>
      </symbol>
      <symbol id="sm-8b0">
         <name>__c28xabi_cmpd</name>
         <value>0x83e28</value>
         <object_component_ref idref="oc-179"/>
      </symbol>
      <symbol id="sm-8bb">
         <name>__c28xabi_dtol</name>
         <value>0x85125</value>
         <object_component_ref idref="oc-16c"/>
      </symbol>
      <symbol id="sm-8c3">
         <name>__c28xabi_orll</name>
         <value>0x853c2</value>
         <object_component_ref idref="oc-167"/>
      </symbol>
      <symbol id="sm-8c4">
         <name>__c28xabi_xorll</name>
         <value>0x853ca</value>
         <object_component_ref idref="oc-167"/>
      </symbol>
      <symbol id="sm-8c5">
         <name>__c28xabi_andll</name>
         <value>0x853ba</value>
         <object_component_ref idref="oc-167"/>
      </symbol>
      <symbol id="sm-8cf">
         <name>__c28xabi_modi</name>
         <value>0x85055</value>
         <object_component_ref idref="oc-1e9"/>
      </symbol>
      <symbol id="sm-8d0">
         <name>__c28xabi_divi</name>
         <value>0x85044</value>
         <object_component_ref idref="oc-1e9"/>
      </symbol>
      <symbol id="sm-8dc">
         <name>__c28xabi_ltod</name>
         <value>0x852bc</value>
         <object_component_ref idref="oc-171"/>
      </symbol>
      <symbol id="sm-8ea">
         <name>_system_post_cinit</name>
         <value>0x85867</value>
         <object_component_ref idref="oc-213"/>
      </symbol>
      <symbol id="sm-8f5">
         <name>errno</name>
         <value>0xa82a</value>
         <object_component_ref idref="oc-271"/>
      </symbol>
      <symbol id="sm-8f7">
         <name>__c_args__</name>
         <value>0x0</value>
      </symbol>
   </symbol_table>
   <title>Link successful</title>
</link_info>
